Nvidia Encoder is supported.
Nvidia Decoder is supported.
=== STAGE A: generate caller audio for "There's a fire on the second floor. We're trapped." ===
[gen] synthesizing caller audio: "There's a fire on the second floor. We're trapped."
[gen] got 286,764 bytes (3.25s of audio at 44100Hz)
[gen] resampled to 48000Hz, duration 3.25s

=== STAGE B: mint session + token via https://prism42-console.vercel.app ===
[mint] session_id=aed2093c-3f41-4bb4-ca40-aed21ce71a2c url=wss://ai-therapy-v3svfd9o.livekit.cloud

=== STAGE C: connect + listen ===
[stage C] connected @ +0.71s
[evt] participant_connected: identity='agent-AJ_acjPMAk4onu4'
[stage C] AGENT JOINED @ +1.18s (agent-AJ_acjPMAk4onu4)
[evt] track_subscribed kind=1 from=agent-AJ_acjPMAk4onu4
[stage C] AUDIO TRACK SUBSCRIBED @ +1.55s

=== STAGE D: wait for pre-roll (0.5s) ===
[stage D] pre-roll audio: 0 non-silent frames, peak 2

=== STAGE E: publish caller audio (3.3s) ===
[stage E] track published @ +2.09s
[stage E] publish ended @ +5.58s

=== STAGE F: wait up to 30.0s for agent reply ===
[stage F] filler-skip-window: 2.5s after pub-end
[stage F] + 0.50s after pub-end | reply_peak=1 useful_peak=0 (0 = silence)
[stage F] + 1.00s after pub-end | reply_peak=2 useful_peak=0 (0 = silence)
[stage F] + 1.50s after pub-end | reply_peak=2 useful_peak=0 (0 = silence)
[stage F] + 2.00s after pub-end | reply_peak=2 useful_peak=0 (0 = silence)
[stage F] + 2.50s after pub-end | reply_peak=2 useful_peak=0 (0 = silence)
[stage F] + 3.00s after pub-end | reply_peak=2 useful_peak=1 (0 = silence)
[stage F] AGENT REPLY DETECTED (raw) @ +9.08s (3.51s after caller end), peak 21873
[stage F] AGENT USEFUL REPLY DETECTED @ +8.67s (3.09s after caller end), peak 21873
[stage F] listening 1.0s more to confirm sustained speech ...

======================================================================
RESULT
======================================================================
agent_joined          : YES
audio_track_subscribed: YES
preroll_speech_frames : 0 (peak 2)
reply_speech_amp_max  : 23081
reply_latency_after_pubend: +3.51s
filler_skip_window_s  : 2.5
useful_reply_amp_max  : 23081
first_useful_audio_after_speech_ms: 3086
first_audio_after_speech_ms: 3506
useful_audio_skipped_filler=False raw_to_useful_delta_ms=-420
total_speech_frames   : 111
global_peak_amplitude : 23081
VERDICT: PASS — full turn round-trip works
