Nvidia Encoder is supported.
Nvidia Decoder is supported.
=== STAGE A: generate caller audio for 'There is a loud party next door past midnight.' ===
[gen] synthesizing caller audio: 'There is a loud party next door past midnight.'
[gen] got 286,764 bytes (3.25s of audio at 44100Hz)
[gen] resampled to 48000Hz, duration 3.25s

=== STAGE B: mint session + token via https://prism42-console.vercel.app ===
[mint] session_id=cdab7f7c-d442-81e7-9e04-59fd191103be url=wss://ai-therapy-v3svfd9o.livekit.cloud

=== STAGE C: connect + listen ===
[stage C] connected @ +0.61s
[evt] participant_connected: identity='agent-AJ_T5sY8AcQq58Y'
[stage C] AGENT JOINED @ +1.12s (agent-AJ_T5sY8AcQq58Y)
[evt] track_subscribed kind=1 from=agent-AJ_T5sY8AcQq58Y
[stage C] AUDIO TRACK SUBSCRIBED @ +1.43s

=== STAGE D: wait for pre-roll (0.5s) ===
[stage D] pre-roll audio: 0 non-silent frames, peak 2

=== STAGE E: publish caller audio (3.3s) ===
[stage E] track published @ +1.97s
[stage E] publish ended @ +5.55s

=== STAGE F: wait up to 30.0s for agent reply ===
[stage F] filler-skip-window: 2.5s after pub-end
[stage F] + 0.50s after pub-end | reply_peak=1 useful_peak=0 (0 = silence)
[stage F] + 1.00s after pub-end | reply_peak=2 useful_peak=0 (0 = silence)
[stage F] + 1.50s after pub-end | reply_peak=2 useful_peak=0 (0 = silence)
[stage F] + 2.00s after pub-end | reply_peak=2 useful_peak=0 (0 = silence)
[stage F] + 2.50s after pub-end | reply_peak=2 useful_peak=1 (0 = silence)
[stage F] + 3.01s after pub-end | reply_peak=2 useful_peak=2 (0 = silence)
[stage F] AGENT REPLY DETECTED (raw) @ +9.06s (3.51s after caller end), peak 23643
[stage F] AGENT USEFUL REPLY DETECTED @ +8.65s (3.09s after caller end), peak 23643
[stage F] listening 1.0s more to confirm sustained speech ...
[evt] disconnected reason=1

======================================================================
RESULT
======================================================================
agent_joined          : YES
audio_track_subscribed: YES
preroll_speech_frames : 0 (peak 2)
reply_speech_amp_max  : 25139
reply_latency_after_pubend: +3.51s
filler_skip_window_s  : 2.5
useful_reply_amp_max  : 25139
first_useful_audio_after_speech_ms: 3093
first_audio_after_speech_ms: 3506
useful_audio_skipped_filler=False raw_to_useful_delta_ms=-413
total_speech_frames   : 119
global_peak_amplitude : 25139
VERDICT: PASS — full turn round-trip works
