Nvidia Encoder is supported.
Nvidia Decoder is supported.
=== STAGE A: generate caller audio for "There's a domestic happening next door." ===
[gen] synthesizing caller audio: "There's a domestic happening next door."
[gen] got 184,364 bytes (2.09s of audio at 44100Hz)
[gen] resampled to 48000Hz, duration 2.09s

=== STAGE B: mint session + token via https://prism42-console.vercel.app ===
[mint] session_id=8e48e956-8b20-414f-3955-37de52192b57 url=wss://ai-therapy-v3svfd9o.livekit.cloud

=== STAGE C: connect + listen ===
[stage C] connected @ +0.67s
[evt] participant_connected: identity='agent-AJ_ZD7673QPg74A'
[stage C] AGENT JOINED @ +1.13s (agent-AJ_ZD7673QPg74A)
[evt] track_subscribed kind=1 from=agent-AJ_ZD7673QPg74A
[stage C] AUDIO TRACK SUBSCRIBED @ +1.49s

=== STAGE D: wait for pre-roll (0.5s) ===
[stage D] pre-roll audio: 0 non-silent frames, peak 2

=== STAGE E: publish caller audio (2.1s) ===
[stage E] track published @ +2.03s
[stage E] publish ended @ +4.28s

=== STAGE F: wait up to 30.0s for agent reply ===
[stage F] filler-skip-window: 2.5s after pub-end
[stage F] + 0.50s after pub-end | reply_peak=2 useful_peak=0 (0 = silence)
[stage F] + 1.00s after pub-end | reply_peak=2 useful_peak=0 (0 = silence)
[stage F] + 1.50s after pub-end | reply_peak=2 useful_peak=0 (0 = silence)
[stage F] + 2.00s after pub-end | reply_peak=2 useful_peak=0 (0 = silence)
[stage F] + 2.50s after pub-end | reply_peak=2 useful_peak=0 (0 = silence)
[stage F] AGENT REPLY DETECTED (raw) @ +7.29s (3.01s after caller end), peak 23653
[stage F] AGENT USEFUL REPLY DETECTED @ +6.87s (2.59s after caller end), peak 23653
[stage F] listening 1.0s more to confirm sustained speech ...
[evt] disconnected reason=1

======================================================================
RESULT
======================================================================
agent_joined          : YES
audio_track_subscribed: YES
preroll_speech_frames : 0 (peak 2)
reply_speech_amp_max  : 23653
reply_latency_after_pubend: +3.01s
filler_skip_window_s  : 2.5
useful_reply_amp_max  : 23653
first_useful_audio_after_speech_ms: 2586
first_audio_after_speech_ms: 3006
useful_audio_skipped_filler=False raw_to_useful_delta_ms=-420
total_speech_frames   : 126
global_peak_amplitude : 23653
VERDICT: PASS — full turn round-trip works
