Nvidia Encoder is supported.
Nvidia Decoder is supported.
=== STAGE A: generate caller audio for "My elderly mother fell and can't get up." ===
[gen] synthesizing caller audio: "My elderly mother fell and can't get up."
[gen] got 249,900 bytes (2.83s of audio at 44100Hz)
[gen] resampled to 48000Hz, duration 2.83s

=== STAGE B: mint session + token via https://prism42-console.vercel.app ===
[mint] session_id=43607b26-4ce0-fd69-9e3f-e1f01718a971 url=wss://ai-therapy-v3svfd9o.livekit.cloud

=== STAGE C: connect + listen ===
[stage C] connected @ +0.63s
[evt] participant_connected: identity='agent-AJ_doPx7YaYzfyA'
[stage C] AGENT JOINED @ +1.13s (agent-AJ_doPx7YaYzfyA)
[evt] track_subscribed kind=1 from=agent-AJ_doPx7YaYzfyA
[stage C] AUDIO TRACK SUBSCRIBED @ +1.49s

=== STAGE D: wait for pre-roll (0.5s) ===
[stage D] pre-roll audio: 0 non-silent frames, peak 2

=== STAGE E: publish caller audio (2.8s) ===
[stage E] track published @ +2.03s
[stage E] publish ended @ +5.14s

=== STAGE F: wait up to 30.0s for agent reply ===
[stage F] filler-skip-window: 2.5s after pub-end
[stage F] + 0.50s after pub-end | reply_peak=1 useful_peak=0 (0 = silence)
[stage F] + 1.00s after pub-end | reply_peak=1 useful_peak=0 (0 = silence)
[stage F] + 1.50s after pub-end | reply_peak=2 useful_peak=0 (0 = silence)
[stage F] + 2.00s after pub-end | reply_peak=2 useful_peak=0 (0 = silence)
[stage F] + 2.50s after pub-end | reply_peak=2 useful_peak=0 (0 = silence)
[stage F] + 3.00s after pub-end | reply_peak=2 useful_peak=1 (0 = silence)
[stage F] + 3.50s after pub-end | reply_peak=2 useful_peak=2 (0 = silence)
[stage F] AGENT REPLY DETECTED (raw) @ +9.14s (4.00s after caller end), peak 17756
[stage F] AGENT USEFUL REPLY DETECTED @ +8.94s (3.80s after caller end), peak 17756
[stage F] listening 1.0s more to confirm sustained speech ...

======================================================================
RESULT
======================================================================
agent_joined          : YES
audio_track_subscribed: YES
preroll_speech_frames : 0 (peak 2)
reply_speech_amp_max  : 22614
reply_latency_after_pubend: +4.00s
filler_skip_window_s  : 2.5
useful_reply_amp_max  : 22614
first_useful_audio_after_speech_ms: 3804
first_audio_after_speech_ms: 4005
useful_audio_skipped_filler=False raw_to_useful_delta_ms=-201
total_speech_frames   : 111
global_peak_amplitude : 22614
VERDICT: PASS — full turn round-trip works
