Nvidia Encoder is supported.
Nvidia Decoder is supported.
=== STAGE A: generate caller audio for "My husband is having a stroke. His face is drooping and he can't speak." ===
[gen] synthesizing caller audio: "My husband is having a stroke. His face is drooping and he can't speak."
[gen] got 397,356 bytes (4.51s of audio at 44100Hz)
[gen] resampled to 48000Hz, duration 4.51s

=== STAGE B: mint session + token via https://prism42-console.vercel.app ===
[mint] session_id=79378c73-21e7-231b-02f1-3b460121999a url=wss://ai-therapy-v3svfd9o.livekit.cloud

=== STAGE C: connect + listen ===
[stage C] connected @ +0.61s
[evt] participant_connected: identity='agent-AJ_TefUzQcDsCzY'
[stage C] AGENT JOINED @ +1.13s (agent-AJ_TefUzQcDsCzY)
[evt] track_subscribed kind=1 from=agent-AJ_TefUzQcDsCzY
[stage C] AUDIO TRACK SUBSCRIBED @ +1.45s

=== STAGE D: wait for pre-roll (0.5s) ===
[stage D] pre-roll audio: 0 non-silent frames, peak 2

=== STAGE E: publish caller audio (4.5s) ===
[stage E] track published @ +1.98s
[stage E] publish ended @ +6.94s

=== STAGE F: wait up to 30.0s for agent reply ===
[stage F] filler-skip-window: 2.5s after pub-end
[stage F] + 0.50s after pub-end | reply_peak=1 useful_peak=0 (0 = silence)
[stage F] + 1.00s after pub-end | reply_peak=1 useful_peak=0 (0 = silence)
[stage F] + 1.50s after pub-end | reply_peak=1 useful_peak=0 (0 = silence)
[stage F] + 2.00s after pub-end | reply_peak=2 useful_peak=0 (0 = silence)
[stage F] + 2.50s after pub-end | reply_peak=2 useful_peak=1 (0 = silence)
[stage F] + 3.00s after pub-end | reply_peak=2 useful_peak=1 (0 = silence)
[stage F] AGENT REPLY DETECTED (raw) @ +10.45s (3.51s after caller end), peak 23577
[stage F] AGENT USEFUL REPLY DETECTED @ +10.23s (3.29s after caller end), peak 23577
[stage F] listening 1.0s more to confirm sustained speech ...
[evt] disconnected reason=1

======================================================================
RESULT
======================================================================
agent_joined          : YES
audio_track_subscribed: YES
preroll_speech_frames : 0 (peak 2)
reply_speech_amp_max  : 24240
reply_latency_after_pubend: +3.51s
filler_skip_window_s  : 2.5
useful_reply_amp_max  : 24240
first_useful_audio_after_speech_ms: 3293
first_audio_after_speech_ms: 3506
useful_audio_skipped_filler=False raw_to_useful_delta_ms=-213
total_speech_frames   : 98
global_peak_amplitude : 24240
VERDICT: PASS — full turn round-trip works
