Nvidia Encoder is supported.
Nvidia Decoder is supported.
=== STAGE A: generate caller audio for 'My daughter is choking on a piece of food right now.' ===
[gen] synthesizing caller audio: 'My daughter is choking on a piece of food right now.'
[gen] got 270,380 bytes (3.07s of audio at 44100Hz)
[gen] resampled to 48000Hz, duration 3.07s

=== STAGE B: mint session + token via https://prism42-console.vercel.app ===
[mint] session_id=3a9089d1-7808-4156-990a-6182f798acfd url=wss://ai-therapy-v3svfd9o.livekit.cloud

=== STAGE C: connect + listen ===
[stage C] connected @ +0.65s
[evt] participant_connected: identity='agent-AJ_7keyxFqmGXF2'
[stage C] AGENT JOINED @ +1.13s (agent-AJ_7keyxFqmGXF2)
[evt] track_subscribed kind=1 from=agent-AJ_7keyxFqmGXF2
[stage C] AUDIO TRACK SUBSCRIBED @ +1.50s

=== STAGE D: wait for pre-roll (0.5s) ===
[stage D] pre-roll audio: 0 non-silent frames, peak 2

=== STAGE E: publish caller audio (3.1s) ===
[stage E] track published @ +2.03s
[stage E] publish ended @ +5.30s

=== STAGE F: wait up to 30.0s for agent reply ===
[stage F] filler-skip-window: 2.5s after pub-end
[stage F] + 0.50s after pub-end | reply_peak=1 useful_peak=0 (0 = silence)
[stage F] + 1.00s after pub-end | reply_peak=2 useful_peak=0 (0 = silence)
[stage F] + 1.50s after pub-end | reply_peak=2 useful_peak=0 (0 = silence)
[stage F] + 2.00s after pub-end | reply_peak=2 useful_peak=0 (0 = silence)
[stage F] + 2.50s after pub-end | reply_peak=2 useful_peak=0 (0 = silence)
[stage F] AGENT REPLY DETECTED (raw) @ +8.31s (3.00s after caller end), peak 18695
[stage F] AGENT USEFUL REPLY DETECTED @ +8.23s (2.93s after caller end), peak 18695
[stage F] listening 1.0s more to confirm sustained speech ...

======================================================================
RESULT
======================================================================
agent_joined          : YES
audio_track_subscribed: YES
preroll_speech_frames : 0 (peak 2)
reply_speech_amp_max  : 23013
reply_latency_after_pubend: +3.00s
filler_skip_window_s  : 2.5
useful_reply_amp_max  : 23013
first_useful_audio_after_speech_ms: 2927
first_audio_after_speech_ms: 3004
useful_audio_skipped_filler=False raw_to_useful_delta_ms=-77
total_speech_frames   : 85
global_peak_amplitude : 23013
VERDICT: PASS — full turn round-trip works
