Nvidia Encoder is supported.
Nvidia Decoder is supported.
=== STAGE A: generate caller audio for 'There is a person trespassing on my property.' ===
[gen] synthesizing caller audio: 'There is a person trespassing on my property.'
[gen] got 229,420 bytes (2.60s of audio at 44100Hz)
[gen] resampled to 48000Hz, duration 2.60s

=== STAGE B: mint session + token via https://prism42-console.vercel.app ===
[mint] session_id=24292233-6d7b-4314-8dca-7498fca1aacd url=wss://ai-therapy-v3svfd9o.livekit.cloud

=== STAGE C: connect + listen ===
[stage C] connected @ +0.67s
[evt] participant_connected: identity='agent-AJ_KxoKaP5oqrFu'
[stage C] AGENT JOINED @ +1.15s (agent-AJ_KxoKaP5oqrFu)
[evt] track_subscribed kind=1 from=agent-AJ_KxoKaP5oqrFu
[stage C] AUDIO TRACK SUBSCRIBED @ +1.52s

=== STAGE D: wait for pre-roll (0.5s) ===
[stage D] pre-roll audio: 0 non-silent frames, peak 2

=== STAGE E: publish caller audio (2.6s) ===
[stage E] track published @ +2.06s
[stage E] publish ended @ +4.93s

=== STAGE F: wait up to 30.0s for agent reply ===
[stage F] filler-skip-window: 2.5s after pub-end
[stage F] + 0.50s after pub-end | reply_peak=1 useful_peak=0 (0 = silence)
[stage F] + 1.00s after pub-end | reply_peak=1 useful_peak=0 (0 = silence)
[stage F] + 1.50s after pub-end | reply_peak=2 useful_peak=0 (0 = silence)
[stage F] + 2.00s after pub-end | reply_peak=2 useful_peak=0 (0 = silence)
[stage F] AGENT REPLY DETECTED (raw) @ +7.43s (2.50s after caller end), peak 25064
[stage F] AGENT USEFUL REPLY DETECTED @ +7.43s (2.50s after caller end), peak 14404
[stage F] listening 1.0s more to confirm sustained speech ...
[evt] disconnected reason=1

======================================================================
RESULT
======================================================================
agent_joined          : YES
audio_track_subscribed: YES
preroll_speech_frames : 0 (peak 2)
reply_speech_amp_max  : 26779
reply_latency_after_pubend: +2.50s
filler_skip_window_s  : 2.5
useful_reply_amp_max  : 26779
first_useful_audio_after_speech_ms: 2501
first_audio_after_speech_ms: 2504
useful_audio_skipped_filler=False raw_to_useful_delta_ms=-3
total_speech_frames   : 140
global_peak_amplitude : 26779
VERDICT: PASS — full turn round-trip works
