Nvidia Encoder is supported.
Nvidia Decoder is supported.
=== STAGE A: generate caller audio for 'I think I am having a heart attack. Chest pain and short of breath.' ===
[gen] synthesizing caller audio: 'I think I am having a heart attack. Chest pain and short of breath.'
[gen] got 360,492 bytes (4.09s of audio at 44100Hz)
[gen] resampled to 48000Hz, duration 4.09s

=== STAGE B: mint session + token via https://prism42-console.vercel.app ===
[mint] session_id=9a1fe577-8f3b-7048-ebc2-db917ef29d35 url=wss://ai-therapy-v3svfd9o.livekit.cloud

=== STAGE C: connect + listen ===
[stage C] connected @ +0.75s
[evt] participant_connected: identity='agent-AJ_8mWixQyG95Kf'
[stage C] AGENT JOINED @ +1.22s (agent-AJ_8mWixQyG95Kf)
[evt] track_subscribed kind=1 from=agent-AJ_8mWixQyG95Kf
[stage C] AUDIO TRACK SUBSCRIBED @ +1.59s

=== STAGE D: wait for pre-roll (0.5s) ===
[stage D] pre-roll audio: 0 non-silent frames, peak 2

=== STAGE E: publish caller audio (4.1s) ===
[stage E] track published @ +2.12s
[stage E] publish ended @ +6.51s

=== STAGE F: wait up to 30.0s for agent reply ===
[stage F] filler-skip-window: 2.5s after pub-end
[stage F] + 0.50s after pub-end | reply_peak=1 useful_peak=0 (0 = silence)
[stage F] + 1.00s after pub-end | reply_peak=2 useful_peak=0 (0 = silence)
[stage F] + 1.50s after pub-end | reply_peak=2 useful_peak=0 (0 = silence)
[stage F] + 2.00s after pub-end | reply_peak=2 useful_peak=0 (0 = silence)
[stage F] + 2.50s after pub-end | reply_peak=2 useful_peak=0 (0 = silence)
[stage F] + 3.00s after pub-end | reply_peak=2 useful_peak=1 (0 = silence)
[stage F] + 3.50s after pub-end | reply_peak=2 useful_peak=1 (0 = silence)
[stage F] AGENT REPLY DETECTED (raw) @ +10.52s (4.01s after caller end), peak 23317
[stage F] AGENT USEFUL REPLY DETECTED @ +10.31s (3.80s after caller end), peak 23317
[stage F] listening 1.0s more to confirm sustained speech ...
[evt] disconnected reason=1

======================================================================
RESULT
======================================================================
agent_joined          : YES
audio_track_subscribed: YES
preroll_speech_frames : 0 (peak 2)
reply_speech_amp_max  : 23317
reply_latency_after_pubend: +4.01s
filler_skip_window_s  : 2.5
useful_reply_amp_max  : 23317
first_useful_audio_after_speech_ms: 3799
first_audio_after_speech_ms: 4006
useful_audio_skipped_filler=False raw_to_useful_delta_ms=-207
total_speech_frames   : 104
global_peak_amplitude : 23317
VERDICT: PASS — full turn round-trip works
