Nvidia Encoder is supported.
Nvidia Decoder is supported.
=== STAGE A: generate caller audio for 'My friend overdosed on pills, please send help.' ===
[gen] synthesizing caller audio: 'My friend overdosed on pills, please send help.'
[gen] got 245,804 bytes (2.79s of audio at 44100Hz)
[gen] resampled to 48000Hz, duration 2.79s

=== STAGE B: mint session + token via https://prism42-console.vercel.app ===
[mint] session_id=9299ffbe-3e0a-ca60-fc2e-361ce0325412 url=wss://ai-therapy-v3svfd9o.livekit.cloud

=== STAGE C: connect + listen ===
[stage C] connected @ +0.67s
[evt] participant_connected: identity='agent-AJ_V8PAR9LYUUeg'
[stage C] AGENT JOINED @ +1.14s (agent-AJ_V8PAR9LYUUeg)
[evt] track_subscribed kind=1 from=agent-AJ_V8PAR9LYUUeg
[stage C] AUDIO TRACK SUBSCRIBED @ +1.47s

=== STAGE D: wait for pre-roll (0.5s) ===
[stage D] pre-roll audio: 0 non-silent frames, peak 2

=== STAGE E: publish caller audio (2.8s) ===
[stage E] track published @ +2.00s
[stage E] publish ended @ +5.07s

=== STAGE F: wait up to 30.0s for agent reply ===
[stage F] filler-skip-window: 2.5s after pub-end
[stage F] + 0.50s after pub-end | reply_peak=1 useful_peak=0 (0 = silence)
[stage F] + 1.00s after pub-end | reply_peak=1 useful_peak=0 (0 = silence)
[stage F] + 1.50s after pub-end | reply_peak=2 useful_peak=0 (0 = silence)
[stage F] + 2.00s after pub-end | reply_peak=2 useful_peak=0 (0 = silence)
[stage F] + 2.50s after pub-end | reply_peak=2 useful_peak=1 (0 = silence)
[stage F] + 3.01s after pub-end | reply_peak=2 useful_peak=1 (0 = silence)
[stage F] + 3.51s after pub-end | reply_peak=2 useful_peak=2 (0 = silence)
[stage F] + 4.01s after pub-end | reply_peak=2 useful_peak=2 (0 = silence)
[stage F] + 4.51s after pub-end | reply_peak=2 useful_peak=2 (0 = silence)
[stage F] + 5.01s after pub-end | reply_peak=2 useful_peak=2 (0 = silence)
[stage F] + 5.51s after pub-end | reply_peak=2 useful_peak=2 (0 = silence)
[stage F] AGENT REPLY DETECTED (raw) @ +11.08s (6.01s after caller end), peak 18574
[stage F] AGENT USEFUL REPLY DETECTED @ +10.91s (5.84s after caller end), peak 18574
[stage F] listening 1.0s more to confirm sustained speech ...
[evt] disconnected reason=1

======================================================================
RESULT
======================================================================
agent_joined          : YES
audio_track_subscribed: YES
preroll_speech_frames : 0 (peak 2)
reply_speech_amp_max  : 25473
reply_latency_after_pubend: +6.01s
filler_skip_window_s  : 2.5
useful_reply_amp_max  : 25473
first_useful_audio_after_speech_ms: 5844
first_audio_after_speech_ms: 6010
useful_audio_skipped_filler=False raw_to_useful_delta_ms=-165
total_speech_frames   : 102
global_peak_amplitude : 25473
VERDICT: PASS — full turn round-trip works
