Nvidia Encoder is supported.
Nvidia Decoder is supported.
=== STAGE A: generate caller audio for 'Someone parked illegally in front of my driveway.' ===
[gen] synthesizing caller audio: 'Someone parked illegally in front of my driveway.'
[gen] got 299,052 bytes (3.39s of audio at 44100Hz)
[gen] resampled to 48000Hz, duration 3.39s

=== STAGE B: mint session + token via https://prism42-console.vercel.app ===
[mint] session_id=f996d4c0-b071-a850-a1fa-9764e214b070 url=wss://ai-therapy-v3svfd9o.livekit.cloud

=== STAGE C: connect + listen ===
[stage C] connected @ +0.66s
[evt] participant_connected: identity='agent-AJ_bV2YYQ2TaMyb'
[stage C] AGENT JOINED @ +1.13s (agent-AJ_bV2YYQ2TaMyb)
[evt] track_subscribed kind=1 from=agent-AJ_bV2YYQ2TaMyb
[stage C] AUDIO TRACK SUBSCRIBED @ +1.49s

=== STAGE D: wait for pre-roll (0.5s) ===
[stage D] pre-roll audio: 0 non-silent frames, peak 2

=== STAGE E: publish caller audio (3.4s) ===
[stage E] track published @ +2.02s
[stage E] publish ended @ +5.76s

=== STAGE F: wait up to 30.0s for agent reply ===
[stage F] filler-skip-window: 2.5s after pub-end
[stage F] + 0.50s after pub-end | reply_peak=2 useful_peak=0 (0 = silence)
[stage F] + 1.00s after pub-end | reply_peak=2 useful_peak=0 (0 = silence)
[stage F] + 1.50s after pub-end | reply_peak=2 useful_peak=0 (0 = silence)
[stage F] AGENT REPLY DETECTED (raw) @ +7.77s (2.00s after caller end), peak 19145
[stage F] + 2.00s after pub-end | reply_peak=19145 useful_peak=0 (0 = silence)
[stage F] + 2.50s after pub-end | reply_peak=19864 useful_peak=0 (0 = silence)
[stage F] AGENT USEFUL REPLY DETECTED @ +8.27s (2.51s after caller end), peak 24093
[stage F] listening 1.0s more to confirm sustained speech ...
[evt] disconnected reason=1

======================================================================
RESULT
======================================================================
agent_joined          : YES
audio_track_subscribed: YES
preroll_speech_frames : 0 (peak 2)
reply_speech_amp_max  : 24093
reply_latency_after_pubend: +2.00s
filler_skip_window_s  : 2.5
useful_reply_amp_max  : 24093
first_useful_audio_after_speech_ms: 2509
first_audio_after_speech_ms: 2003
useful_audio_skipped_filler=True raw_to_useful_delta_ms=506
total_speech_frames   : 138
global_peak_amplitude : 24093
VERDICT: PASS — full turn round-trip works
