Nvidia Encoder is supported.
Nvidia Decoder is supported.
=== STAGE A: generate caller audio for 'I want to ask about adopting a stray dog I found.' ===
[gen] synthesizing caller audio: 'I want to ask about adopting a stray dog I found.'
[gen] got 262,188 bytes (2.97s of audio at 44100Hz)
[gen] resampled to 48000Hz, duration 2.97s

=== STAGE B: mint session + token via https://prism42-console.vercel.app ===
[mint] session_id=faae0814-c34c-13dd-68a3-cad31dc8ce95 url=wss://ai-therapy-v3svfd9o.livekit.cloud

=== STAGE C: connect + listen ===
[stage C] connected @ +0.64s
[evt] participant_connected: identity='agent-AJ_7WiUzaLk7AYE'
[stage C] AGENT JOINED @ +1.17s (agent-AJ_7WiUzaLk7AYE)
[evt] track_subscribed kind=1 from=agent-AJ_7WiUzaLk7AYE
[stage C] AUDIO TRACK SUBSCRIBED @ +1.53s

=== STAGE D: wait for pre-roll (0.5s) ===
[stage D] pre-roll audio: 0 non-silent frames, peak 2

=== STAGE E: publish caller audio (3.0s) ===
[stage E] track published @ +2.06s
[stage E] publish ended @ +5.35s

=== STAGE F: wait up to 30.0s for agent reply ===
[stage F] filler-skip-window: 2.5s after pub-end
[stage F] + 0.50s after pub-end | reply_peak=1 useful_peak=0 (0 = silence)
[stage F] + 1.00s after pub-end | reply_peak=2 useful_peak=0 (0 = silence)
[stage F] + 1.50s after pub-end | reply_peak=2 useful_peak=0 (0 = silence)
[stage F] + 2.00s after pub-end | reply_peak=2 useful_peak=0 (0 = silence)
[stage F] + 2.50s after pub-end | reply_peak=2 useful_peak=0 (0 = silence)
[stage F] AGENT REPLY DETECTED (raw) @ +8.35s (3.00s after caller end), peak 18393
[stage F] AGENT USEFUL REPLY DETECTED @ +7.98s (2.63s after caller end), peak 18393
[stage F] listening 1.0s more to confirm sustained speech ...
[evt] disconnected reason=1

======================================================================
RESULT
======================================================================
agent_joined          : YES
audio_track_subscribed: YES
preroll_speech_frames : 0 (peak 2)
reply_speech_amp_max  : 24919
reply_latency_after_pubend: +3.00s
filler_skip_window_s  : 2.5
useful_reply_amp_max  : 24919
first_useful_audio_after_speech_ms: 2629
first_audio_after_speech_ms: 3003
useful_audio_skipped_filler=False raw_to_useful_delta_ms=-375
total_speech_frames   : 126
global_peak_amplitude : 24919
VERDICT: PASS — full turn round-trip works
