Nvidia Encoder is supported.
Nvidia Decoder is supported.
=== STAGE A: generate caller audio for "There's been a serious car crash with people hurt." ===
[gen] synthesizing caller audio: "There's been a serious car crash with people hurt."
[gen] got 258,092 bytes (2.93s of audio at 44100Hz)
[gen] resampled to 48000Hz, duration 2.93s

=== STAGE B: mint session + token via https://prism42-console.vercel.app ===
[mint] session_id=a45e33f2-d6e3-6645-bdb0-73e214e777a1 url=wss://ai-therapy-v3svfd9o.livekit.cloud

=== STAGE C: connect + listen ===
[stage C] connected @ +0.69s
[evt] participant_connected: identity='agent-AJ_n2uUYoRcG4wD'
[stage C] AGENT JOINED @ +1.16s (agent-AJ_n2uUYoRcG4wD)
[evt] track_subscribed kind=1 from=agent-AJ_n2uUYoRcG4wD
[stage C] AUDIO TRACK SUBSCRIBED @ +1.54s

=== STAGE D: wait for pre-roll (0.5s) ===
[stage D] pre-roll audio: 0 non-silent frames, peak 2

=== STAGE E: publish caller audio (2.9s) ===
[stage E] track published @ +2.08s
[stage E] publish ended @ +5.20s

=== STAGE F: wait up to 30.0s for agent reply ===
[stage F] filler-skip-window: 2.5s after pub-end
[stage F] + 0.50s after pub-end | reply_peak=1 useful_peak=0 (0 = silence)
[stage F] + 1.00s after pub-end | reply_peak=1 useful_peak=0 (0 = silence)
[stage F] + 1.50s after pub-end | reply_peak=2 useful_peak=0 (0 = silence)
[stage F] + 2.00s after pub-end | reply_peak=2 useful_peak=0 (0 = silence)
[stage F] + 2.50s after pub-end | reply_peak=2 useful_peak=1 (0 = silence)
[stage F] + 3.01s after pub-end | reply_peak=2 useful_peak=1 (0 = silence)
[stage F] AGENT REPLY DETECTED (raw) @ +8.70s (3.51s after caller end), peak 22716
[stage F] AGENT USEFUL REPLY DETECTED @ +8.32s (3.12s after caller end), peak 22716
[stage F] listening 1.0s more to confirm sustained speech ...
[evt] disconnected reason=1

======================================================================
RESULT
======================================================================
agent_joined          : YES
audio_track_subscribed: YES
preroll_speech_frames : 0 (peak 2)
reply_speech_amp_max  : 24546
reply_latency_after_pubend: +3.51s
filler_skip_window_s  : 2.5
useful_reply_amp_max  : 24546
first_useful_audio_after_speech_ms: 3124
first_audio_after_speech_ms: 3506
useful_audio_skipped_filler=False raw_to_useful_delta_ms=-382
total_speech_frames   : 116
global_peak_amplitude : 24546
VERDICT: PASS — full turn round-trip works
