Nvidia Encoder is supported.
Nvidia Decoder is supported.
=== STAGE A: generate caller audio for 'My streetlight has been out for three days.' ===
[gen] synthesizing caller audio: 'My streetlight has been out for three days.'
[gen] got 258,092 bytes (2.93s of audio at 44100Hz)
[gen] resampled to 48000Hz, duration 2.93s

=== STAGE B: mint session + token via https://prism42-console.vercel.app ===
[mint] session_id=4750380c-3cb8-3581-cf29-4a04084d1327 url=wss://ai-therapy-v3svfd9o.livekit.cloud

=== STAGE C: connect + listen ===
[stage C] connected @ +0.66s
[evt] participant_connected: identity='agent-AJ_tGmW2qjR77wG'
[stage C] AGENT JOINED @ +1.14s (agent-AJ_tGmW2qjR77wG)
[evt] track_subscribed kind=1 from=agent-AJ_tGmW2qjR77wG
[stage C] AUDIO TRACK SUBSCRIBED @ +1.46s

=== STAGE D: wait for pre-roll (0.5s) ===
[stage D] pre-roll audio: 0 non-silent frames, peak 2

=== STAGE E: publish caller audio (2.9s) ===
[stage E] track published @ +1.99s
[stage E] publish ended @ +5.15s

=== STAGE F: wait up to 30.0s for agent reply ===
[stage F] filler-skip-window: 2.5s after pub-end
[stage F] + 0.50s after pub-end | reply_peak=1 useful_peak=0 (0 = silence)
[stage F] + 1.00s after pub-end | reply_peak=2 useful_peak=0 (0 = silence)
[stage F] + 1.50s after pub-end | reply_peak=2 useful_peak=0 (0 = silence)
[stage F] + 2.00s after pub-end | reply_peak=2 useful_peak=0 (0 = silence)
[stage F] + 2.50s after pub-end | reply_peak=2 useful_peak=0 (0 = silence)
[stage F] + 3.01s after pub-end | reply_peak=2 useful_peak=1 (0 = silence)
[stage F] AGENT REPLY DETECTED (raw) @ +8.65s (3.51s after caller end), peak 24468
[stage F] AGENT USEFUL REPLY DETECTED @ +8.22s (3.08s after caller end), peak 24468
[stage F] listening 1.0s more to confirm sustained speech ...
[evt] disconnected reason=1

======================================================================
RESULT
======================================================================
agent_joined          : YES
audio_track_subscribed: YES
preroll_speech_frames : 0 (peak 2)
reply_speech_amp_max  : 24665
reply_latency_after_pubend: +3.51s
filler_skip_window_s  : 2.5
useful_reply_amp_max  : 24665
first_useful_audio_after_speech_ms: 3078
first_audio_after_speech_ms: 3506
useful_audio_skipped_filler=False raw_to_useful_delta_ms=-428
total_speech_frames   : 119
global_peak_amplitude : 24665
VERDICT: PASS — full turn round-trip works
