Nvidia Encoder is supported.
Nvidia Decoder is supported.
=== STAGE A: generate caller audio for 'I want to report someone driving recklessly on the highway.' ===
[gen] synthesizing caller audio: 'I want to report someone driving recklessly on the highway.'
[gen] got 335,916 bytes (3.81s of audio at 44100Hz)
[gen] resampled to 48000Hz, duration 3.81s

=== STAGE B: mint session + token via https://prism42-console.vercel.app ===
[mint] session_id=caa875ac-25c9-7209-27a0-08808537820f url=wss://ai-therapy-v3svfd9o.livekit.cloud

=== STAGE C: connect + listen ===
[stage C] connected @ +0.70s
[evt] participant_connected: identity='agent-AJ_NaugMRJ2hbtw'
[stage C] AGENT JOINED @ +1.18s (agent-AJ_NaugMRJ2hbtw)
[evt] track_subscribed kind=1 from=agent-AJ_NaugMRJ2hbtw
[stage C] AUDIO TRACK SUBSCRIBED @ +1.50s

=== STAGE D: wait for pre-roll (0.5s) ===
[stage D] pre-roll audio: 0 non-silent frames, peak 2

=== STAGE E: publish caller audio (3.8s) ===
[stage E] track published @ +2.03s
[stage E] publish ended @ +6.17s

=== STAGE F: wait up to 30.0s for agent reply ===
[stage F] filler-skip-window: 2.5s after pub-end
[stage F] + 0.50s after pub-end | reply_peak=1 useful_peak=0 (0 = silence)
[stage F] + 1.00s after pub-end | reply_peak=2 useful_peak=0 (0 = silence)
[stage F] + 1.50s after pub-end | reply_peak=2 useful_peak=0 (0 = silence)
[stage F] + 2.00s after pub-end | reply_peak=2 useful_peak=0 (0 = silence)
[stage F] + 2.50s after pub-end | reply_peak=2 useful_peak=0 (0 = silence)
[stage F] + 3.00s after pub-end | reply_peak=2 useful_peak=2 (0 = silence)
[stage F] AGENT REPLY DETECTED (raw) @ +9.68s (3.51s after caller end), peak 23180
[stage F] AGENT USEFUL REPLY DETECTED @ +9.26s (3.09s after caller end), peak 23180
[stage F] listening 1.0s more to confirm sustained speech ...
[evt] disconnected reason=1

======================================================================
RESULT
======================================================================
agent_joined          : YES
audio_track_subscribed: YES
preroll_speech_frames : 0 (peak 2)
reply_speech_amp_max  : 24599
reply_latency_after_pubend: +3.51s
filler_skip_window_s  : 2.5
useful_reply_amp_max  : 24599
first_useful_audio_after_speech_ms: 3085
first_audio_after_speech_ms: 3506
useful_audio_skipped_filler=False raw_to_useful_delta_ms=-420
total_speech_frames   : 120
global_peak_amplitude : 24599
VERDICT: PASS — full turn round-trip works
