Nvidia Encoder is supported.
Nvidia Decoder is supported.
=== STAGE A: generate caller audio for 'How do I get a copy of an old police report?' ===
[gen] synthesizing caller audio: 'How do I get a copy of an old police report?'
[gen] got 249,900 bytes (2.83s of audio at 44100Hz)
[gen] resampled to 48000Hz, duration 2.83s

=== STAGE B: mint session + token via https://prism42-console.vercel.app ===
[mint] session_id=343567b6-7704-e395-3f44-28beba6b940e url=wss://ai-therapy-v3svfd9o.livekit.cloud

=== STAGE C: connect + listen ===
[stage C] connected @ +0.62s
[evt] participant_connected: identity='agent-AJ_rFWom9vEbCn3'
[stage C] AGENT JOINED @ +1.14s (agent-AJ_rFWom9vEbCn3)
[evt] track_subscribed kind=1 from=agent-AJ_rFWom9vEbCn3
[stage C] AUDIO TRACK SUBSCRIBED @ +1.51s

=== STAGE D: wait for pre-roll (0.5s) ===
[stage D] pre-roll audio: 0 non-silent frames, peak 2

=== STAGE E: publish caller audio (2.8s) ===
[stage E] track published @ +2.04s
[stage E] publish ended @ +5.14s

=== STAGE F: wait up to 30.0s for agent reply ===
[stage F] filler-skip-window: 2.5s after pub-end
[stage F] + 0.50s after pub-end | reply_peak=1 useful_peak=0 (0 = silence)
[stage F] + 1.00s after pub-end | reply_peak=1 useful_peak=0 (0 = silence)
[stage F] + 1.50s after pub-end | reply_peak=2 useful_peak=0 (0 = silence)
[stage F] + 2.00s after pub-end | reply_peak=2 useful_peak=0 (0 = silence)
[stage F] AGENT REPLY DETECTED (raw) @ +7.64s (2.50s after caller end), peak 21372
[stage F] + 2.50s after pub-end | reply_peak=21372 useful_peak=0 (0 = silence)
[stage F] AGENT USEFUL REPLY DETECTED @ +7.65s (2.51s after caller end), peak 24992
[stage F] listening 1.0s more to confirm sustained speech ...
[evt] disconnected reason=1

======================================================================
RESULT
======================================================================
agent_joined          : YES
audio_track_subscribed: YES
preroll_speech_frames : 0 (peak 2)
reply_speech_amp_max  : 24992
reply_latency_after_pubend: +2.50s
filler_skip_window_s  : 2.5
useful_reply_amp_max  : 24992
first_useful_audio_after_speech_ms: 2508
first_audio_after_speech_ms: 2503
useful_audio_skipped_filler=False raw_to_useful_delta_ms=5
total_speech_frames   : 137
global_peak_amplitude : 24992
VERDICT: PASS — full turn round-trip works
