Nvidia Encoder is supported.
Nvidia Decoder is supported.
=== STAGE A: generate caller audio for 'Someone broke into my house and I think they are still here.' ===
[gen] synthesizing caller audio: 'Someone broke into my house and I think they are still here.'
[gen] got 307,244 bytes (3.48s of audio at 44100Hz)
[gen] resampled to 48000Hz, duration 3.48s

=== STAGE B: mint session + token via https://prism42-console.vercel.app ===
[mint] session_id=66c77cdd-6675-0ed0-7426-ab76c5d39dc7 url=wss://ai-therapy-v3svfd9o.livekit.cloud

=== STAGE C: connect + listen ===
[stage C] connected @ +0.60s
[evt] participant_connected: identity='agent-AJ_jgFLqnCpoG8r'
[stage C] AGENT JOINED @ +1.12s (agent-AJ_jgFLqnCpoG8r)
[evt] track_subscribed kind=1 from=agent-AJ_jgFLqnCpoG8r
[stage C] AUDIO TRACK SUBSCRIBED @ +1.48s

=== STAGE D: wait for pre-roll (0.5s) ===
[stage D] pre-roll audio: 0 non-silent frames, peak 2

=== STAGE E: publish caller audio (3.5s) ===
[stage E] track published @ +2.01s
[stage E] publish ended @ +5.86s

=== STAGE F: wait up to 30.0s for agent reply ===
[stage F] filler-skip-window: 2.5s after pub-end
[stage F] + 0.50s after pub-end | reply_peak=1 useful_peak=0 (0 = silence)
[stage F] + 1.00s after pub-end | reply_peak=1 useful_peak=0 (0 = silence)
[stage F] + 1.50s after pub-end | reply_peak=2 useful_peak=0 (0 = silence)
[stage F] + 2.00s after pub-end | reply_peak=2 useful_peak=0 (0 = silence)
[stage F] AGENT REPLY DETECTED (raw) @ +8.37s (2.50s after caller end), peak 17792
[stage F] + 2.50s after pub-end | reply_peak=17792 useful_peak=0 (0 = silence)
[stage F] AGENT USEFUL REPLY DETECTED @ +8.37s (2.50s after caller end), peak 23997
[stage F] listening 1.0s more to confirm sustained speech ...
[evt] disconnected reason=1

======================================================================
RESULT
======================================================================
agent_joined          : YES
audio_track_subscribed: YES
preroll_speech_frames : 0 (peak 2)
reply_speech_amp_max  : 23997
reply_latency_after_pubend: +2.50s
filler_skip_window_s  : 2.5
useful_reply_amp_max  : 23997
first_useful_audio_after_speech_ms: 2504
first_audio_after_speech_ms: 2504
useful_audio_skipped_filler=False raw_to_useful_delta_ms=0
total_speech_frames   : 134
global_peak_amplitude : 23997
VERDICT: PASS — full turn round-trip works
