Nvidia Encoder is supported.
Nvidia Decoder is supported.
=== STAGE A: generate caller audio for "My neighbor's not breathing. He's on the floor." ===
[gen] synthesizing caller audio: "My neighbor's not breathing. He's on the floor."
[gen] got 253,996 bytes (2.88s of audio at 44100Hz)
[gen] resampled to 48000Hz, duration 2.88s

=== STAGE B: mint session + token via https://prism42-console.vercel.app ===
[mint] session_id=a55632b4-67f1-e954-ae8b-fd61e2f92287 url=wss://ai-therapy-v3svfd9o.livekit.cloud

=== STAGE C: connect + listen ===
[stage C] connected @ +0.67s
[evt] participant_connected: identity='agent-AJ_Scixio9gYDGo'
[stage C] AGENT JOINED @ +1.15s (agent-AJ_Scixio9gYDGo)
[evt] track_subscribed kind=1 from=agent-AJ_Scixio9gYDGo
[stage C] AUDIO TRACK SUBSCRIBED @ +1.47s

=== STAGE D: wait for pre-roll (0.5s) ===
[stage D] pre-roll audio: 0 non-silent frames, peak 2

=== STAGE E: publish caller audio (2.9s) ===
[stage E] track published @ +2.00s
[stage E] publish ended @ +5.07s

=== STAGE F: wait up to 30.0s for agent reply ===
[stage F] filler-skip-window: 2.5s after pub-end
[stage F] + 0.50s after pub-end | reply_peak=1 useful_peak=0 (0 = silence)
[stage F] + 1.00s after pub-end | reply_peak=1 useful_peak=0 (0 = silence)
[stage F] + 1.50s after pub-end | reply_peak=2 useful_peak=0 (0 = silence)
[stage F] + 2.00s after pub-end | reply_peak=2 useful_peak=0 (0 = silence)
[stage F] + 2.50s after pub-end | reply_peak=2 useful_peak=1 (0 = silence)
[stage F] + 3.01s after pub-end | reply_peak=2 useful_peak=1 (0 = silence)
[stage F] AGENT REPLY DETECTED (raw) @ +8.57s (3.51s after caller end), peak 20405
[stage F] AGENT USEFUL REPLY DETECTED @ +8.17s (3.10s after caller end), peak 20405
[stage F] listening 1.0s more to confirm sustained speech ...

======================================================================
RESULT
======================================================================
agent_joined          : YES
audio_track_subscribed: YES
preroll_speech_frames : 0 (peak 2)
reply_speech_amp_max  : 25150
reply_latency_after_pubend: +3.51s
filler_skip_window_s  : 2.5
useful_reply_amp_max  : 25150
first_useful_audio_after_speech_ms: 3102
first_audio_after_speech_ms: 3505
useful_audio_skipped_filler=False raw_to_useful_delta_ms=-403
total_speech_frames   : 104
global_peak_amplitude : 25150
VERDICT: PASS — full turn round-trip works
