Nvidia Encoder is supported.
Nvidia Decoder is supported.
=== STAGE A: generate caller audio for "I am bleeding heavily from my arm and I can't stop it." ===
[gen] synthesizing caller audio: "I am bleeding heavily from my arm and I can't stop it."
[gen] got 331,820 bytes (3.76s of audio at 44100Hz)
[gen] resampled to 48000Hz, duration 3.76s

=== STAGE B: mint session + token via https://prism42-console.vercel.app ===
[mint] session_id=c0838f33-409b-4781-74b3-6d30b7acf905 url=wss://ai-therapy-v3svfd9o.livekit.cloud

=== STAGE C: connect + listen ===
[stage C] connected @ +0.67s
[evt] participant_connected: identity='agent-AJ_5CwgCQjrAF3i'
[stage C] AGENT JOINED @ +1.15s (agent-AJ_5CwgCQjrAF3i)
[evt] track_subscribed kind=1 from=agent-AJ_5CwgCQjrAF3i
[stage C] AUDIO TRACK SUBSCRIBED @ +1.48s

=== STAGE D: wait for pre-roll (0.5s) ===
[stage D] pre-roll audio: 0 non-silent frames, peak 1

=== STAGE E: publish caller audio (3.8s) ===
[stage E] track published @ +2.02s
[stage E] publish ended @ +6.05s

=== STAGE F: wait up to 30.0s for agent reply ===
[stage F] filler-skip-window: 2.5s after pub-end
[stage F] + 0.50s after pub-end | reply_peak=1 useful_peak=0 (0 = silence)
[stage F] + 1.00s after pub-end | reply_peak=2 useful_peak=0 (0 = silence)
[stage F] + 1.50s after pub-end | reply_peak=2 useful_peak=0 (0 = silence)
[stage F] + 2.00s after pub-end | reply_peak=2 useful_peak=0 (0 = silence)
[stage F] + 2.50s after pub-end | reply_peak=2 useful_peak=0 (0 = silence)
[stage F] AGENT REPLY DETECTED (raw) @ +9.05s (3.01s after caller end), peak 18561
[stage F] AGENT USEFUL REPLY DETECTED @ +9.02s (2.98s after caller end), peak 18561
[stage F] listening 1.0s more to confirm sustained speech ...
[evt] disconnected reason=1

======================================================================
RESULT
======================================================================
agent_joined          : YES
audio_track_subscribed: YES
preroll_speech_frames : 0 (peak 1)
reply_speech_amp_max  : 24299
reply_latency_after_pubend: +3.01s
filler_skip_window_s  : 2.5
useful_reply_amp_max  : 24299
first_useful_audio_after_speech_ms: 2976
first_audio_after_speech_ms: 3006
useful_audio_skipped_filler=False raw_to_useful_delta_ms=-30
total_speech_frames   : 98
global_peak_amplitude : 24299
VERDICT: PASS — full turn round-trip works
