Nvidia Encoder is supported.
Nvidia Decoder is supported.
=== STAGE A: generate caller audio for 'My neighbor is not breathing. He is on the floor.' ===
[gen] synthesizing caller audio: 'My neighbor is not breathing. He is on the floor.'
[gen] got 274,476 bytes (3.11s of audio at 44100Hz)
[gen] resampled to 48000Hz, duration 3.11s

=== STAGE B: mint session + token via https://prism42-console.vercel.app ===
[mint] session_id=98b5f0b3-dc29-4253-11d5-3ecf8de17bb0 url=wss://ai-therapy-v3svfd9o.livekit.cloud

=== STAGE C: connect + listen ===
[stage C] connected @ +0.71s
[evt] participant_connected: identity='agent-AJ_PFLHKZtQssz8'
[stage C] AGENT JOINED @ +1.19s (agent-AJ_PFLHKZtQssz8)
[evt] track_subscribed kind=1 from=agent-AJ_PFLHKZtQssz8
[stage C] AUDIO TRACK SUBSCRIBED @ +1.56s

=== STAGE D: wait for pre-roll (0.5s) ===
[stage D] pre-roll audio: 0 non-silent frames, peak 2

=== STAGE E: publish caller audio (3.1s) ===
[stage E] track published @ +2.09s
[stage E] publish ended @ +5.51s

=== STAGE F: wait up to 30.0s for agent reply ===
[stage F] filler-skip-window: 2.5s after pub-end
[stage F] + 0.50s after pub-end | reply_peak=1 useful_peak=0 (0 = silence)
[stage F] + 1.00s after pub-end | reply_peak=2 useful_peak=0 (0 = silence)
[stage F] + 1.50s after pub-end | reply_peak=2 useful_peak=0 (0 = silence)
[stage F] + 2.00s after pub-end | reply_peak=2 useful_peak=0 (0 = silence)
[stage F] + 2.50s after pub-end | reply_peak=2 useful_peak=0 (0 = silence)
[stage F] + 3.01s after pub-end | reply_peak=2 useful_peak=1 (0 = silence)
[stage F] + 3.51s after pub-end | reply_peak=2 useful_peak=2 (0 = silence)
[stage F] + 4.01s after pub-end | reply_peak=2 useful_peak=2 (0 = silence)
[stage F] + 4.51s after pub-end | reply_peak=2 useful_peak=2 (0 = silence)
[stage F] + 5.01s after pub-end | reply_peak=2 useful_peak=2 (0 = silence)
[stage F] AGENT REPLY DETECTED (raw) @ +11.02s (5.51s after caller end), peak 23174
[stage F] AGENT USEFUL REPLY DETECTED @ +10.73s (5.22s after caller end), peak 23174
[stage F] listening 1.0s more to confirm sustained speech ...
[evt] disconnected reason=1

======================================================================
RESULT
======================================================================
agent_joined          : YES
audio_track_subscribed: YES
preroll_speech_frames : 0 (peak 2)
reply_speech_amp_max  : 24740
reply_latency_after_pubend: +5.51s
filler_skip_window_s  : 2.5
useful_reply_amp_max  : 24740
first_useful_audio_after_speech_ms: 5215
first_audio_after_speech_ms: 5510
useful_audio_skipped_filler=False raw_to_useful_delta_ms=-294
total_speech_frames   : 125
global_peak_amplitude : 24740
first_segment_min_ms  : 200.0
tts_total_ms          : 6506
useful_audio_duration_ms: 1290
VERDICT: PASS — full turn round-trip works
