Nvidia Encoder is supported.
Nvidia Decoder is supported.
=== STAGE A: generate caller audio for 'I think I am having a heart attack. Chest pain and short of breath.' ===
[gen] synthesizing caller audio: 'I think I am having a heart attack. Chest pain and short of breath.'
[gen] got 360,492 bytes (4.09s of audio at 44100Hz)
[gen] resampled to 48000Hz, duration 4.09s

=== STAGE B: mint session + token via https://prism42-console.vercel.app ===
[mint] session_id=3a58c91e-1a41-ef90-581d-c43779540e7f url=wss://ai-therapy-v3svfd9o.livekit.cloud

=== STAGE C: connect + listen ===
[stage C] connected @ +0.67s
[evt] participant_connected: identity='agent-AJ_GQSKmg2JJTsf'
[stage C] AGENT JOINED @ +1.18s (agent-AJ_GQSKmg2JJTsf)
[evt] track_subscribed kind=1 from=agent-AJ_GQSKmg2JJTsf
[stage C] AUDIO TRACK SUBSCRIBED @ +1.50s

=== STAGE D: wait for pre-roll (0.5s) ===
[stage D] pre-roll audio: 0 non-silent frames, peak 2

=== STAGE E: publish caller audio (4.1s) ===
[stage E] track published @ +2.03s
[stage E] publish ended @ +6.31s

=== STAGE F: wait up to 30.0s for agent reply ===
[stage F] filler-skip-window: 2.5s after pub-end
[stage F] + 0.50s after pub-end | reply_peak=1 useful_peak=0 (0 = silence)
[stage F] + 1.00s after pub-end | reply_peak=2 useful_peak=0 (0 = silence)
[stage F] + 1.50s after pub-end | reply_peak=2 useful_peak=0 (0 = silence)
[stage F] + 2.00s after pub-end | reply_peak=2 useful_peak=0 (0 = silence)
[stage F] + 2.50s after pub-end | reply_peak=2 useful_peak=0 (0 = silence)
[stage F] AGENT REPLY DETECTED (raw) @ +9.31s (3.00s after caller end), peak 22972
[stage F] AGENT USEFUL REPLY DETECTED @ +8.83s (2.52s after caller end), peak 22972
[stage F] listening 1.0s more to confirm sustained speech ...
[evt] disconnected reason=1

======================================================================
RESULT
======================================================================
agent_joined          : YES
audio_track_subscribed: YES
preroll_speech_frames : 0 (peak 2)
reply_speech_amp_max  : 22972
reply_latency_after_pubend: +3.00s
filler_skip_window_s  : 2.5
useful_reply_amp_max  : 22972
first_useful_audio_after_speech_ms: 2519
first_audio_after_speech_ms: 3005
useful_audio_skipped_filler=False raw_to_useful_delta_ms=-486
total_speech_frames   : 135
global_peak_amplitude : 22972
first_segment_min_ms  : 200.0
tts_total_ms          : 3999
useful_audio_duration_ms: 1480
VERDICT: PASS — full turn round-trip works
