Nvidia Encoder is supported.
Nvidia Decoder is supported.
=== STAGE A: generate caller audio for 'I want to report a stolen vehicle from last night.' ===
[gen] synthesizing caller audio: 'I want to report a stolen vehicle from last night.'
[gen] got 266,284 bytes (3.02s of audio at 44100Hz)
[gen] resampled to 48000Hz, duration 3.02s

=== STAGE B: mint session + token via https://prism42-console.vercel.app ===
[mint] session_id=65a84425-127e-1daf-93c6-081031bcdc4c url=wss://ai-therapy-v3svfd9o.livekit.cloud

=== STAGE C: connect + listen ===
[stage C] connected @ +0.66s
[evt] participant_connected: identity='agent-AJ_5w2gfZddPBuS'
[stage C] AGENT JOINED @ +7.13s (agent-AJ_5w2gfZddPBuS)
[evt] track_subscribed kind=1 from=agent-AJ_5w2gfZddPBuS
[stage C] AUDIO TRACK SUBSCRIBED @ +7.49s

=== STAGE D: wait for pre-roll (0.5s) ===
[stage D] pre-roll audio: 34 non-silent frames, peak 15970

=== STAGE E: publish caller audio (3.0s) ===
[stage E] track published @ +8.02s
[stage E] publish ended @ +11.32s

=== STAGE F: wait up to 30.0s for agent reply ===
[stage F] filler-skip-window: 2.5s after pub-end
[stage F] AGENT REPLY DETECTED (raw) @ +11.82s (0.50s after caller end), peak 5962
[stage F] + 0.50s after pub-end | reply_peak=5962 useful_peak=0 (0 = silence)
[stage F] + 1.00s after pub-end | reply_peak=5962 useful_peak=0 (0 = silence)
[stage F] + 1.50s after pub-end | reply_peak=5962 useful_peak=0 (0 = silence)
[stage F] + 2.00s after pub-end | reply_peak=5962 useful_peak=0 (0 = silence)
[stage F] + 2.50s after pub-end | reply_peak=5962 useful_peak=0 (0 = silence)
[stage F] + 3.00s after pub-end | reply_peak=5962 useful_peak=2 (0 = silence)
[stage F] listening 1.0s more to confirm sustained speech ...
[evt] disconnected reason=1

======================================================================
RESULT
======================================================================
agent_joined          : YES
audio_track_subscribed: YES
preroll_speech_frames : 34 (peak 15970)
reply_speech_amp_max  : 5962
reply_latency_after_pubend: +0.50s
filler_skip_window_s  : 2.5
useful_reply_amp_max  : 2
first_useful_audio_after_speech_ms: NEVER
first_audio_after_speech_ms: 501
useful_audio_skipped_filler=False raw_to_useful_delta_ms=-1
total_speech_frames   : 285
global_peak_amplitude : 17011
first_segment_min_ms  : 200.0
tts_total_ms          : -1
useful_audio_duration_ms: -1
VERDICT: PASS — full turn round-trip works
