Nvidia Encoder is supported.
Nvidia Decoder is supported.
=== STAGE A: generate caller audio for 'Someone broke into my house and I think they are still here.' ===
[gen] synthesizing caller audio: 'Someone broke into my house and I think they are still here.'
[gen] got 290,860 bytes (3.30s of audio at 44100Hz)
[gen] resampled to 48000Hz, duration 3.30s

=== STAGE B: mint session + token via https://prism42-console.vercel.app ===
[mint] session_id=da8b14d1-492e-34c3-0621-792ed1b37e79 url=wss://ai-therapy-v3svfd9o.livekit.cloud

=== STAGE C: connect + listen ===
[stage C] connected @ +0.63s
[evt] participant_connected: identity='agent-AJ_GdHbiCaYiFeW'
[stage C] AGENT JOINED @ +4.15s (agent-AJ_GdHbiCaYiFeW)
[evt] track_subscribed kind=1 from=agent-AJ_GdHbiCaYiFeW
[stage C] AUDIO TRACK SUBSCRIBED @ +4.51s

=== STAGE D: wait for pre-roll (0.5s) ===
[stage D] pre-roll audio: 32 non-silent frames, peak 26082

=== STAGE E: publish caller audio (3.3s) ===
[stage E] track published @ +5.05s
[stage E] publish ended @ +8.55s

=== STAGE F: wait up to 30.0s for agent reply ===
[stage F] filler-skip-window: 2.5s after pub-end
[stage F] + 0.50s after pub-end | reply_peak=2 useful_peak=0 (0 = silence)
[stage F] + 1.00s after pub-end | reply_peak=2 useful_peak=0 (0 = silence)
[stage F] + 1.50s after pub-end | reply_peak=2 useful_peak=0 (0 = silence)
[stage F] + 2.00s after pub-end | reply_peak=2 useful_peak=0 (0 = silence)
[stage F] + 2.51s after pub-end | reply_peak=2 useful_peak=1 (0 = silence)
[stage F] + 3.01s after pub-end | reply_peak=2 useful_peak=2 (0 = silence)
[stage F] + 3.51s after pub-end | reply_peak=2 useful_peak=2 (0 = silence)
[stage F] AGENT REPLY DETECTED (raw) @ +12.55s (4.01s after caller end), peak 21029
[stage F] AGENT USEFUL REPLY DETECTED @ +12.23s (3.68s after caller end), peak 21029
[stage F] listening 1.0s more to confirm sustained speech ...
[evt] disconnected reason=1

======================================================================
RESULT
======================================================================
agent_joined          : YES
audio_track_subscribed: YES
preroll_speech_frames : 32 (peak 26082)
reply_speech_amp_max  : 24189
reply_latency_after_pubend: +4.01s
filler_skip_window_s  : 2.5
useful_reply_amp_max  : 24189
first_useful_audio_after_speech_ms: 3685
first_audio_after_speech_ms: 4008
useful_audio_skipped_filler=False raw_to_useful_delta_ms=-324
total_speech_frames   : 390
global_peak_amplitude : 26734
first_segment_min_ms  : 200.0
tts_total_ms          : 5004
useful_audio_duration_ms: 1319
VERDICT: PASS — full turn round-trip works
