Nvidia Encoder is supported.
Nvidia Decoder is supported.
=== STAGE A: generate caller audio for 'My power is out, is there an outage?' ===
[gen] synthesizing caller audio: 'My power is out, is there an outage?'
[gen] got 196,652 bytes (2.23s of audio at 44100Hz)
[gen] resampled to 48000Hz, duration 2.23s

=== STAGE B: mint session + token via https://prism42-console.vercel.app ===
[mint] session_id=5b40647d-cdcc-6a37-6a2d-e40688f95fda url=wss://ai-therapy-v3svfd9o.livekit.cloud

=== STAGE C: connect + listen ===
[stage C] connected @ +0.61s
[evt] participant_connected: identity='agent-AJ_LR7SqQDfe7sx'
[stage C] AGENT JOINED @ +7.18s (agent-AJ_LR7SqQDfe7sx)
[evt] track_subscribed kind=1 from=agent-AJ_LR7SqQDfe7sx
[stage C] AUDIO TRACK SUBSCRIBED @ +7.55s

=== STAGE D: wait for pre-roll (0.5s) ===
[stage D] pre-roll audio: 31 non-silent frames, peak 15530

=== STAGE E: publish caller audio (2.2s) ===
[stage E] track published @ +8.08s
[stage E] publish ended @ +10.42s

=== STAGE F: wait up to 30.0s for agent reply ===
[stage F] filler-skip-window: 2.5s after pub-end
[stage F] AGENT REPLY DETECTED (raw) @ +10.92s (0.50s after caller end), peak 12316
[stage F] + 0.50s after pub-end | reply_peak=12316 useful_peak=0 (0 = silence)
[stage F] + 1.00s after pub-end | reply_peak=12316 useful_peak=0 (0 = silence)
[stage F] + 1.50s after pub-end | reply_peak=12316 useful_peak=0 (0 = silence)
[stage F] + 2.00s after pub-end | reply_peak=12316 useful_peak=0 (0 = silence)
[stage F] + 2.51s after pub-end | reply_peak=12316 useful_peak=1 (0 = silence)
[stage F] + 3.01s after pub-end | reply_peak=12316 useful_peak=2 (0 = silence)
[stage F] listening 1.0s more to confirm sustained speech ...
[evt] disconnected reason=1

======================================================================
RESULT
======================================================================
agent_joined          : YES
audio_track_subscribed: YES
preroll_speech_frames : 31 (peak 15530)
reply_speech_amp_max  : 12316
reply_latency_after_pubend: +0.50s
filler_skip_window_s  : 2.5
useful_reply_amp_max  : 2
first_useful_audio_after_speech_ms: NEVER
first_audio_after_speech_ms: 501
useful_audio_skipped_filler=False raw_to_useful_delta_ms=-1
total_speech_frames   : 282
global_peak_amplitude : 17055
first_segment_min_ms  : 200.0
tts_total_ms          : -1
useful_audio_duration_ms: -1
VERDICT: PASS — full turn round-trip works
