Nvidia Encoder is supported.
Nvidia Decoder is supported.
=== STAGE A: generate caller audio for 'There is a fire on the second floor. We are trapped.' ===
[gen] synthesizing caller audio: 'There is a fire on the second floor. We are trapped.'
[gen] got 327,724 bytes (3.72s of audio at 44100Hz)
[gen] resampled to 48000Hz, duration 3.72s

=== STAGE B: mint session + token via https://prism42-console.vercel.app ===
[mint] session_id=2621e1d3-9343-974f-215e-129495a0c143 url=wss://ai-therapy-v3svfd9o.livekit.cloud

=== STAGE C: connect + listen ===
[stage C] connected @ +0.89s
[evt] participant_connected: identity='agent-AJ_4RNtNFqiwUY6'
[stage C] AGENT JOINED @ +4.33s (agent-AJ_4RNtNFqiwUY6)
[evt] track_subscribed kind=1 from=agent-AJ_4RNtNFqiwUY6
[stage C] AUDIO TRACK SUBSCRIBED @ +4.70s

=== STAGE D: wait for pre-roll (0.5s) ===
[stage D] pre-roll audio: 31 non-silent frames, peak 26038

=== STAGE E: publish caller audio (3.7s) ===
[stage E] track published @ +5.23s
[stage E] publish ended @ +9.30s

=== STAGE F: wait up to 30.0s for agent reply ===
[stage F] filler-skip-window: 2.5s after pub-end
[stage F] + 0.50s after pub-end | reply_peak=1 useful_peak=0 (0 = silence)
[stage F] + 1.00s after pub-end | reply_peak=2 useful_peak=0 (0 = silence)
[stage F] + 1.50s after pub-end | reply_peak=2 useful_peak=0 (0 = silence)
[stage F] + 2.00s after pub-end | reply_peak=2 useful_peak=0 (0 = silence)
[stage F] + 2.50s after pub-end | reply_peak=2 useful_peak=0 (0 = silence)
[stage F] AGENT REPLY DETECTED (raw) @ +12.30s (3.00s after caller end), peak 24685
[stage F] AGENT USEFUL REPLY DETECTED @ +11.96s (2.67s after caller end), peak 24685
[stage F] listening 1.0s more to confirm sustained speech ...
[evt] disconnected reason=1

======================================================================
RESULT
======================================================================
agent_joined          : YES
audio_track_subscribed: YES
preroll_speech_frames : 31 (peak 26038)
reply_speech_amp_max  : 24685
reply_latency_after_pubend: +3.00s
filler_skip_window_s  : 2.5
useful_reply_amp_max  : 24685
first_useful_audio_after_speech_ms: 2669
first_audio_after_speech_ms: 3005
useful_audio_skipped_filler=False raw_to_useful_delta_ms=-336
total_speech_frames   : 373
global_peak_amplitude : 26536
first_segment_min_ms  : 200.0
tts_total_ms          : 3999
useful_audio_duration_ms: 1330
VERDICT: PASS — full turn round-trip works
