Nvidia Encoder is supported.
Nvidia Decoder is supported.
=== STAGE A: generate caller audio for 'My toddler swallowed a battery.' ===
[gen] synthesizing caller audio: 'My toddler swallowed a battery.'
[gen] got 217,132 bytes (2.46s of audio at 44100Hz)
[gen] resampled to 48000Hz, duration 2.46s

=== STAGE B: mint session + token via https://prism42-console.vercel.app ===
[mint] session_id=ff200f64-affa-cb5d-bd73-d71bb2c80b2a url=wss://ai-therapy-v3svfd9o.livekit.cloud

=== STAGE C: connect + listen ===
[stage C] connected @ +0.69s
[evt] participant_connected: identity='agent-AJ_pGABbk62Bhor'
[stage C] AGENT JOINED @ +4.31s (agent-AJ_pGABbk62Bhor)
[evt] track_subscribed kind=1 from=agent-AJ_pGABbk62Bhor
[stage C] AUDIO TRACK SUBSCRIBED @ +4.63s

=== STAGE D: wait for pre-roll (0.5s) ===
[stage D] pre-roll audio: 32 non-silent frames, peak 25939

=== STAGE E: publish caller audio (2.5s) ===
[stage E] track published @ +5.16s
[stage E] publish ended @ +7.81s

=== STAGE F: wait up to 30.0s for agent reply ===
[stage F] filler-skip-window: 2.5s after pub-end
[stage F] AGENT REPLY DETECTED (raw) @ +8.31s (0.50s after caller end), peak 14607
[stage F] + 0.50s after pub-end | reply_peak=14607 useful_peak=0 (0 = silence)
[stage F] + 1.00s after pub-end | reply_peak=14607 useful_peak=0 (0 = silence)
[stage F] + 1.50s after pub-end | reply_peak=14607 useful_peak=0 (0 = silence)
[stage F] + 2.00s after pub-end | reply_peak=14607 useful_peak=0 (0 = silence)
[stage F] + 2.50s after pub-end | reply_peak=14607 useful_peak=0 (0 = silence)
[stage F] + 3.00s after pub-end | reply_peak=14607 useful_peak=1 (0 = silence)
[stage F] listening 1.0s more to confirm sustained speech ...

======================================================================
RESULT
======================================================================
agent_joined          : YES
audio_track_subscribed: YES
preroll_speech_frames : 32 (peak 25939)
reply_speech_amp_max  : 25643
reply_latency_after_pubend: +0.50s
filler_skip_window_s  : 2.5
useful_reply_amp_max  : 25643
first_useful_audio_after_speech_ms: NEVER
first_audio_after_speech_ms: 500
useful_audio_skipped_filler=False raw_to_useful_delta_ms=-1
total_speech_frames   : 334
global_peak_amplitude : 26435
first_segment_min_ms  : 200.0
tts_total_ms          : 4505
useful_audio_duration_ms: 700
VERDICT: PASS — full turn round-trip works
