Nvidia Encoder is supported.
Nvidia Decoder is supported.
=== STAGE A: generate caller audio for 'My neighbor is not breathing. He is on the floor.' ===
[gen] synthesizing caller audio: 'My neighbor is not breathing. He is on the floor.'
[gen] got 303,148 bytes (3.44s of audio at 44100Hz)
[gen] resampled to 48000Hz, duration 3.44s

=== STAGE B: mint session + token via https://prism42-console.vercel.app ===
[mint] session_id=4da91129-c919-1389-8dfd-0c2fa49e8f06 url=wss://ai-therapy-v3svfd9o.livekit.cloud

=== STAGE C: connect + listen ===
[stage C] connected @ +0.67s
[evt] participant_connected: identity='agent-AJ_TXxyx2saUoBL'
[stage C] AGENT JOINED @ +4.14s (agent-AJ_TXxyx2saUoBL)
[evt] track_subscribed kind=1 from=agent-AJ_TXxyx2saUoBL
[stage C] AUDIO TRACK SUBSCRIBED @ +4.50s

=== STAGE D: wait for pre-roll (0.5s) ===
[stage D] pre-roll audio: 34 non-silent frames, peak 26240

=== STAGE E: publish caller audio (3.4s) ===
[stage E] track published @ +5.04s
[stage E] publish ended @ +8.61s

=== STAGE F: wait up to 30.0s for agent reply ===
[stage F] filler-skip-window: 2.5s after pub-end
[stage F] + 0.50s after pub-end | reply_peak=2 useful_peak=0 (0 = silence)
[stage F] + 1.00s after pub-end | reply_peak=2 useful_peak=0 (0 = silence)
[stage F] + 1.50s after pub-end | reply_peak=2 useful_peak=0 (0 = silence)
[stage F] + 2.00s after pub-end | reply_peak=2 useful_peak=0 (0 = silence)
[stage F] + 2.50s after pub-end | reply_peak=2 useful_peak=0 (0 = silence)
[stage F] AGENT REPLY DETECTED (raw) @ +11.61s (3.00s after caller end), peak 22859
[stage F] AGENT USEFUL REPLY DETECTED @ +11.27s (2.66s after caller end), peak 22859
[stage F] listening 1.0s more to confirm sustained speech ...
[evt] disconnected reason=1

======================================================================
RESULT
======================================================================
agent_joined          : YES
audio_track_subscribed: YES
preroll_speech_frames : 34 (peak 26240)
reply_speech_amp_max  : 24598
reply_latency_after_pubend: +3.00s
filler_skip_window_s  : 2.5
useful_reply_amp_max  : 24598
first_useful_audio_after_speech_ms: 2659
first_audio_after_speech_ms: 3004
useful_audio_skipped_filler=False raw_to_useful_delta_ms=-346
total_speech_frames   : 347
global_peak_amplitude : 26587
first_segment_min_ms  : 200.0
tts_total_ms          : 3719
useful_audio_duration_ms: 1061
VERDICT: PASS — full turn round-trip works
