Nvidia Encoder is supported.
Nvidia Decoder is supported.
=== STAGE A: generate caller audio for 'I want to report a noise complaint.' ===
[gen] synthesizing caller audio: 'I want to report a noise complaint.'
[gen] got 192,556 bytes (2.18s of audio at 44100Hz)
[gen] resampled to 48000Hz, duration 2.18s

=== STAGE B: mint session + token via https://prism42-console.vercel.app ===
[mint] session_id=5e75d6a2-22f9-336c-384a-30495c1bf172 url=wss://ai-therapy-v3svfd9o.livekit.cloud

=== STAGE C: connect + listen ===
[stage C] connected @ +0.64s
[evt] participant_connected: identity='agent-AJ_5oMJKSsAeuRt'
[stage C] AGENT JOINED @ +4.17s (agent-AJ_5oMJKSsAeuRt)
[evt] track_subscribed kind=1 from=agent-AJ_5oMJKSsAeuRt
[stage C] AUDIO TRACK SUBSCRIBED @ +4.54s

=== STAGE D: wait for pre-roll (0.5s) ===
[stage D] pre-roll audio: 32 non-silent frames, peak 26073

=== STAGE E: publish caller audio (2.2s) ===
[stage E] track published @ +5.07s
[stage E] publish ended @ +7.42s

=== STAGE F: wait up to 30.0s for agent reply ===
[stage F] filler-skip-window: 2.5s after pub-end
[stage F] AGENT REPLY DETECTED (raw) @ +7.92s (0.50s after caller end), peak 24219
[stage F] + 0.50s after pub-end | reply_peak=24219 useful_peak=0 (0 = silence)
[stage F] + 1.00s after pub-end | reply_peak=24219 useful_peak=0 (0 = silence)
[stage F] + 1.50s after pub-end | reply_peak=24219 useful_peak=0 (0 = silence)
[stage F] + 2.00s after pub-end | reply_peak=24219 useful_peak=0 (0 = silence)
[stage F] + 2.51s after pub-end | reply_peak=24219 useful_peak=1 (0 = silence)
[stage F] + 3.01s after pub-end | reply_peak=24219 useful_peak=1 (0 = silence)
[stage F] listening 1.0s more to confirm sustained speech ...

======================================================================
RESULT
======================================================================
agent_joined          : YES
audio_track_subscribed: YES
preroll_speech_frames : 32 (peak 26073)
reply_speech_amp_max  : 24219
reply_latency_after_pubend: +0.50s
filler_skip_window_s  : 2.5
useful_reply_amp_max  : 2
first_useful_audio_after_speech_ms: NEVER
first_audio_after_speech_ms: 501
useful_audio_skipped_filler=False raw_to_useful_delta_ms=-1
total_speech_frames   : 246
global_peak_amplitude : 26596
first_segment_min_ms  : 200.0
tts_total_ms          : -1
useful_audio_duration_ms: -1
VERDICT: PASS — full turn round-trip works
