Pseudo-terminal will not be allocated because stdin is not a terminal.
Nvidia Encoder is supported.
Nvidia Decoder is supported.
=== STAGE A: generate caller audio for 'My power is out, is there an outage?' ===
[gen] synthesizing caller audio: 'My power is out, is there an outage?'
[gen] got 278,572 bytes (3.16s of audio at 44100Hz)
[gen] resampled to 48000Hz, duration 3.16s

=== STAGE B: mint session + token via https://prism42-console.vercel.app ===
[mint] session_id=bae2904e-558e-a22b-f35b-c68a85e0fb48 url=wss://ai-therapy-v3svfd9o.livekit.cloud

=== STAGE C: connect + listen ===
[stage C] connected @ +0.68s
[evt] participant_connected: identity='agent-AJ_2H6WB5kETCiK'
[stage C] AGENT JOINED @ +1.15s (agent-AJ_2H6WB5kETCiK)
[evt] track_subscribed kind=1 from=agent-AJ_2H6WB5kETCiK
[stage C] AUDIO TRACK SUBSCRIBED @ +1.51s

=== STAGE D: wait for pre-roll (4s) ===
[stage D] pre-roll audio: 0 non-silent frames, peak 2

=== STAGE E: publish caller audio (3.2s) ===
[stage E] track published @ +5.54s
[stage E] publish ended @ +8.98s

=== STAGE F: wait up to 25s for agent reply ===
[stage F] + 0.50s after pub-end | reply_peak=1 (0 = silence)
[stage F] + 1.00s after pub-end | reply_peak=2 (0 = silence)
[stage F] + 1.50s after pub-end | reply_peak=2 (0 = silence)
[stage F] + 2.00s after pub-end | reply_peak=2 (0 = silence)
[stage F] + 2.50s after pub-end | reply_peak=2 (0 = silence)
[stage F] + 3.00s after pub-end | reply_peak=2 (0 = silence)
[stage F] + 3.51s after pub-end | reply_peak=2 (0 = silence)
[stage F] AGENT REPLY DETECTED @ +12.99s (4.01s after caller end), peak 21444
[stage F] listening 5s more to confirm sustained speech ...
[evt] disconnected reason=1

======================================================================
RESULT
======================================================================
agent_joined          : YES
audio_track_subscribed: YES
preroll_speech_frames : 0 (peak 2)
reply_speech_amp_max  : 24827
reply_latency_after_pubend: +4.01s
total_speech_frames   : 319
global_peak_amplitude : 26499
VERDICT: pre-roll never spoke (TTS broken)
