Pseudo-terminal will not be allocated because stdin is not a terminal.
Nvidia Encoder is supported.
Nvidia Decoder is supported.
=== STAGE A: generate caller audio for 'I want to report a noise complaint.' ===
[gen] synthesizing caller audio: 'I want to report a noise complaint.'
[gen] got 204,844 bytes (2.32s of audio at 44100Hz)
[gen] resampled to 48000Hz, duration 2.32s

=== STAGE B: mint session + token via https://prism42-console.vercel.app ===
[mint] session_id=d45a46e1-a18c-6dd0-d9d4-7bcf69e2a13d url=wss://ai-therapy-v3svfd9o.livekit.cloud

=== STAGE C: connect + listen ===
[stage C] connected @ +0.69s
[evt] participant_connected: identity='agent-AJ_wqdyYPXJ5cku'
[stage C] AGENT JOINED @ +1.16s (agent-AJ_wqdyYPXJ5cku)
[evt] track_subscribed kind=1 from=agent-AJ_wqdyYPXJ5cku
[stage C] AUDIO TRACK SUBSCRIBED @ +1.48s

=== STAGE D: wait for pre-roll (4s) ===
[stage D] pre-roll audio: 0 non-silent frames, peak 2

=== STAGE E: publish caller audio (2.3s) ===
[stage E] track published @ +5.51s
[stage E] publish ended @ +8.07s

=== STAGE F: wait up to 25s for agent reply ===
[stage F] AGENT REPLY DETECTED @ +8.57s (0.50s after caller end), peak 19391
[stage F] listening 5s more to confirm sustained speech ...
[evt] disconnected reason=1

======================================================================
RESULT
======================================================================
agent_joined          : YES
audio_track_subscribed: YES
preroll_speech_frames : 0 (peak 2)
reply_speech_amp_max  : 19391
reply_latency_after_pubend: +0.50s
total_speech_frames   : 202
global_peak_amplitude : 26773
VERDICT: pre-roll never spoke (TTS broken)
