Pseudo-terminal will not be allocated because stdin is not a terminal.
Nvidia Encoder is supported.
Nvidia Decoder is supported.
=== STAGE A: generate caller audio for 'My neighbors not breathing. Hes on the floor.' ===
[gen] synthesizing caller audio: 'My neighbors not breathing. Hes on the floor.'
[gen] got 368,684 bytes (4.18s of audio at 44100Hz)
[gen] resampled to 48000Hz, duration 4.18s

=== STAGE B: mint session + token via https://prism42-console.vercel.app ===
[mint] session_id=bcff0062-2ebb-8d1b-e6a9-840f9dbeead0 url=wss://ai-therapy-v3svfd9o.livekit.cloud

=== STAGE C: connect + listen ===
[stage C] connected @ +0.67s
[evt] participant_connected: identity='agent-AJ_eFwgG7PzTCMf'
[stage C] AGENT JOINED @ +1.24s (agent-AJ_eFwgG7PzTCMf)
[evt] track_subscribed kind=1 from=agent-AJ_eFwgG7PzTCMf
[stage C] AUDIO TRACK SUBSCRIBED @ +1.56s

=== STAGE D: wait for pre-roll (4s) ===
[stage D] pre-roll audio: 0 non-silent frames, peak 2

=== STAGE E: publish caller audio (4.2s) ===
[stage E] track published @ +5.59s
[stage E] publish ended @ +10.17s

=== STAGE F: wait up to 25s for agent reply ===
[stage F] + 0.50s after pub-end | reply_peak=1 (0 = silence)
[stage F] + 1.00s after pub-end | reply_peak=1 (0 = silence)
[stage F] + 1.50s after pub-end | reply_peak=2 (0 = silence)
[stage F] + 2.00s after pub-end | reply_peak=2 (0 = silence)
[stage F] + 2.50s after pub-end | reply_peak=2 (0 = silence)
[stage F] AGENT REPLY DETECTED @ +13.17s (3.00s after caller end), peak 20245
[stage F] listening 5s more to confirm sustained speech ...
[evt] disconnected reason=1

======================================================================
RESULT
======================================================================
agent_joined          : YES
audio_track_subscribed: YES
preroll_speech_frames : 0 (peak 2)
reply_speech_amp_max  : 20245
reply_latency_after_pubend: +3.00s
total_speech_frames   : 268
global_peak_amplitude : 26615
VERDICT: pre-roll never spoke (TTS broken)
