Pseudo-terminal will not be allocated because stdin is not a terminal.
Nvidia Encoder is supported.
Nvidia Decoder is supported.
=== STAGE A: generate caller audio for 'My toddler swallowed a battery.' ===
[gen] synthesizing caller audio: 'My toddler swallowed a battery.'
[gen] got 200,748 bytes (2.28s of audio at 44100Hz)
[gen] resampled to 48000Hz, duration 2.28s

=== STAGE B: mint session + token via https://prism42-console.vercel.app ===
[mint] session_id=d16d1ba1-5a3f-cdcb-a732-cb1a5c303d25 url=wss://ai-therapy-v3svfd9o.livekit.cloud

=== STAGE C: connect + listen ===
[stage C] connected @ +0.62s
[evt] participant_connected: identity='agent-AJ_F6KvNZKJkkBG'
[stage C] AGENT JOINED @ +1.15s (agent-AJ_F6KvNZKJkkBG)
[evt] track_subscribed kind=1 from=agent-AJ_F6KvNZKJkkBG
[stage C] AUDIO TRACK SUBSCRIBED @ +1.46s

=== STAGE D: wait for pre-roll (4s) ===
[stage D] pre-roll audio: 0 non-silent frames, peak 2

=== STAGE E: publish caller audio (2.3s) ===
[stage E] track published @ +5.49s
[stage E] publish ended @ +7.94s

=== STAGE F: wait up to 25s for agent reply ===
[stage F] AGENT REPLY DETECTED @ +8.44s (0.50s after caller end), peak 21676
[stage F] listening 5s more to confirm sustained speech ...
[evt] disconnected reason=1

======================================================================
RESULT
======================================================================
agent_joined          : YES
audio_track_subscribed: YES
preroll_speech_frames : 0 (peak 2)
reply_speech_amp_max  : 21676
reply_latency_after_pubend: +0.50s
total_speech_frames   : 201
global_peak_amplitude : 26346
VERDICT: pre-roll never spoke (TTS broken)
