Pseudo-terminal will not be allocated because stdin is not a terminal.
Nvidia Encoder is supported.
Nvidia Decoder is supported.
=== STAGE A: generate caller audio for 'I think I am having a heart attack. Chest pain and short of breath.' ===
[gen] synthesizing caller audio: 'I think I am having a heart attack. Chest pain and short of breath.'
[gen] got 360,492 bytes (4.09s of audio at 44100Hz)
[gen] resampled to 48000Hz, duration 4.09s

=== STAGE B: mint session + token via https://prism42-console.vercel.app ===
[mint] session_id=dcfff1ff-c92a-c02a-a7c2-83aa593e26c1 url=wss://ai-therapy-v3svfd9o.livekit.cloud

=== STAGE C: connect + listen ===
[stage C] connected @ +0.64s
[evt] participant_connected: identity='agent-AJ_kEdPKeeDoaQ8'
[stage C] AGENT JOINED @ +1.69s (agent-AJ_kEdPKeeDoaQ8)
[evt] track_subscribed kind=1 from=agent-AJ_kEdPKeeDoaQ8
[stage C] AUDIO TRACK SUBSCRIBED @ +2.05s

=== STAGE D: wait for pre-roll (4s) ===
[stage D] pre-roll audio: 0 non-silent frames, peak 2

=== STAGE E: publish caller audio (4.1s) ===
[stage E] track published @ +6.09s
[stage E] publish ended @ +10.43s

=== STAGE F: wait up to 25s for agent reply ===
[stage F] + 0.50s after pub-end | reply_peak=2 (0 = silence)
[stage F] + 1.00s after pub-end | reply_peak=2 (0 = silence)
[stage F] + 1.50s after pub-end | reply_peak=2 (0 = silence)
[stage F] + 2.00s after pub-end | reply_peak=2 (0 = silence)
[stage F] + 2.50s after pub-end | reply_peak=2 (0 = silence)
[stage F] AGENT REPLY DETECTED @ +13.44s (3.00s after caller end), peak 22376
[stage F] listening 5s more to confirm sustained speech ...
[evt] disconnected reason=1

======================================================================
RESULT
======================================================================
agent_joined          : YES
audio_track_subscribed: YES
preroll_speech_frames : 0 (peak 2)
reply_speech_amp_max  : 22376
reply_latency_after_pubend: +3.00s
total_speech_frames   : 248
global_peak_amplitude : 26662
VERDICT: pre-roll never spoke (TTS broken)
