Pseudo-terminal will not be allocated because stdin is not a terminal.
Nvidia Encoder is supported.
Nvidia Decoder is supported.
=== STAGE A: generate caller audio for 'I want to report a stolen vehicle from last night.' ===
[gen] synthesizing caller audio: 'I want to report a stolen vehicle from last night.'
[gen] got 229,420 bytes (2.60s of audio at 44100Hz)
[gen] resampled to 48000Hz, duration 2.60s

=== STAGE B: mint session + token via https://prism42-console.vercel.app ===
[mint] session_id=7a95f012-9f7d-5bab-178d-351cb4119fbb url=wss://ai-therapy-v3svfd9o.livekit.cloud

=== STAGE C: connect + listen ===
[stage C] connected @ +0.68s
[evt] participant_connected: identity='agent-AJ_CUsr7bU9Vksx'
[stage C] AGENT JOINED @ +1.15s (agent-AJ_CUsr7bU9Vksx)
[evt] track_subscribed kind=1 from=agent-AJ_CUsr7bU9Vksx
[stage C] AUDIO TRACK SUBSCRIBED @ +1.47s

=== STAGE D: wait for pre-roll (4s) ===
[stage D] pre-roll audio: 0 non-silent frames, peak 2

=== STAGE E: publish caller audio (2.6s) ===
[stage E] track published @ +5.50s
[stage E] publish ended @ +8.34s

=== STAGE F: wait up to 25s for agent reply ===
[stage F] AGENT REPLY DETECTED @ +8.84s (0.50s after caller end), peak 15911
[stage F] listening 5s more to confirm sustained speech ...
[evt] disconnected reason=1

======================================================================
RESULT
======================================================================
agent_joined          : YES
audio_track_subscribed: YES
preroll_speech_frames : 0 (peak 2)
reply_speech_amp_max  : 21115
reply_latency_after_pubend: +0.50s
total_speech_frames   : 293
global_peak_amplitude : 26763
VERDICT: pre-roll never spoke (TTS broken)
