Pseudo-terminal will not be allocated because stdin is not a terminal.
Nvidia Encoder is supported.
Nvidia Decoder is supported.
=== STAGE A: generate caller audio for 'Someone broke into my house and I think they are still here.' ===
[gen] synthesizing caller audio: 'Someone broke into my house and I think they are still here.'
[gen] got 278,572 bytes (3.16s of audio at 44100Hz)
[gen] resampled to 48000Hz, duration 3.16s

=== STAGE B: mint session + token via https://prism42-console.vercel.app ===
[mint] session_id=f8f1a02f-2e77-e7cc-d17d-d7500f6d9b86 url=wss://ai-therapy-v3svfd9o.livekit.cloud

=== STAGE C: connect + listen ===
[stage C] connected @ +0.62s
[evt] participant_connected: identity='agent-AJ_dHvS3EgzdEzh'
[stage C] AGENT JOINED @ +1.18s (agent-AJ_dHvS3EgzdEzh)
[evt] track_subscribed kind=1 from=agent-AJ_dHvS3EgzdEzh
[stage C] AUDIO TRACK SUBSCRIBED @ +1.55s

=== STAGE D: wait for pre-roll (4s) ===
[stage D] pre-roll audio: 0 non-silent frames, peak 2

=== STAGE E: publish caller audio (3.2s) ===
[stage E] track published @ +5.59s
[stage E] publish ended @ +9.03s

=== STAGE F: wait up to 25s for agent reply ===
[stage F] + 0.50s after pub-end | reply_peak=1 (0 = silence)
[stage F] + 1.00s after pub-end | reply_peak=2 (0 = silence)
[stage F] + 1.50s after pub-end | reply_peak=2 (0 = silence)
[stage F] + 2.00s after pub-end | reply_peak=2 (0 = silence)
[stage F] + 2.50s after pub-end | reply_peak=2 (0 = silence)
[stage F] + 3.00s after pub-end | reply_peak=2 (0 = silence)
[stage F] + 3.50s after pub-end | reply_peak=2 (0 = silence)
[stage F] + 4.01s after pub-end | reply_peak=2 (0 = silence)
[stage F] AGENT REPLY DETECTED @ +13.54s (4.51s after caller end), peak 21967
[stage F] listening 5s more to confirm sustained speech ...
[evt] disconnected reason=1

======================================================================
RESULT
======================================================================
agent_joined          : YES
audio_track_subscribed: YES
preroll_speech_frames : 0 (peak 2)
reply_speech_amp_max  : 25996
reply_latency_after_pubend: +4.51s
total_speech_frames   : 313
global_peak_amplitude : 26761
VERDICT: pre-roll never spoke (TTS broken)
