Pseudo-terminal will not be allocated because stdin is not a terminal.
Nvidia Encoder is supported.
Nvidia Decoder is supported.
=== STAGE A: generate caller audio for 'I want to report a stolen vehicle from last night.' ===
[gen] synthesizing caller audio: 'I want to report a stolen vehicle from last night.'
[gen] got 266,284 bytes (3.02s of audio at 44100Hz)
[gen] resampled to 48000Hz, duration 3.02s

=== STAGE B: mint session + token via https://prism42-console.vercel.app ===
[mint] session_id=1d503998-ea15-68e6-f695-7be54d4edb50 url=wss://ai-therapy-v3svfd9o.livekit.cloud

=== STAGE C: connect + listen ===
[stage C] connected @ +0.70s
[evt] participant_connected: identity='agent-AJ_7GkeVNbFC2b3'
[stage C] AGENT JOINED @ +1.17s (agent-AJ_7GkeVNbFC2b3)
[evt] track_subscribed kind=1 from=agent-AJ_7GkeVNbFC2b3
[stage C] AUDIO TRACK SUBSCRIBED @ +1.54s

=== STAGE D: wait for pre-roll (4s) ===
[stage D] pre-roll audio: 0 non-silent frames, peak 2

=== STAGE E: publish caller audio (3.0s) ===
[stage E] track published @ +5.57s
[stage E] publish ended @ +8.76s

=== STAGE F: wait up to 25s for agent reply ===
[stage F] + 0.50s after pub-end | reply_peak=2 (0 = silence)
[stage F] + 1.00s after pub-end | reply_peak=2 (0 = silence)
[stage F] + 1.50s after pub-end | reply_peak=2 (0 = silence)
[stage F] + 2.00s after pub-end | reply_peak=2 (0 = silence)
[stage F] + 2.50s after pub-end | reply_peak=2 (0 = silence)
[stage F] + 3.01s after pub-end | reply_peak=2 (0 = silence)
[stage F] + 3.51s after pub-end | reply_peak=2 (0 = silence)
[stage F] + 4.01s after pub-end | reply_peak=2 (0 = silence)
[stage F] + 4.51s after pub-end | reply_peak=2 (0 = silence)
[stage F] + 5.01s after pub-end | reply_peak=2 (0 = silence)
[stage F] + 5.51s after pub-end | reply_peak=2 (0 = silence)
[stage F] + 6.01s after pub-end | reply_peak=2 (0 = silence)
[stage F] + 6.51s after pub-end | reply_peak=2 (0 = silence)
[stage F] + 7.01s after pub-end | reply_peak=2 (0 = silence)
[stage F] + 7.51s after pub-end | reply_peak=2 (0 = silence)
[stage F] + 8.01s after pub-end | reply_peak=2 (0 = silence)
[stage F] AGENT REPLY DETECTED @ +17.27s (8.51s after caller end), peak 23380
[stage F] listening 5s more to confirm sustained speech ...
[evt] disconnected reason=1

======================================================================
RESULT
======================================================================
agent_joined          : YES
audio_track_subscribed: YES
preroll_speech_frames : 0 (peak 2)
reply_speech_amp_max  : 24849
reply_latency_after_pubend: +8.51s
total_speech_frames   : 485
global_peak_amplitude : 26983
VERDICT: pre-roll never spoke (TTS broken)

thread 'tokio-rt-worker' (305065) panicked at /rustc/e408947bfd200af42db322daf0fadfe7e26d3bd1/library/core/src/panicking.rs:225:5:
panic in a function that cannot unwind
note: run with `RUST_BACKTRACE=1` environment variable to display a backtrace
thread caused non-unwinding panic. aborting.
timeout: the monitored command dumped core
bash: line 1: 304972 Aborted                 timeout 120 .venv/bin/python synthetic_caller_full.py 'I want to report a stolen vehicle from last night.' 2>&1
