Pseudo-terminal will not be allocated because stdin is not a terminal.
Nvidia Encoder is supported.
Nvidia Decoder is supported.
=== STAGE A: generate caller audio for 'I think I am having a heart attack. Chest pain and short of breath.' ===
[gen] synthesizing caller audio: 'I think I am having a heart attack. Chest pain and short of breath.'
[gen] got 372,780 bytes (4.23s of audio at 44100Hz)
[gen] resampled to 48000Hz, duration 4.23s

=== STAGE B: mint session + token via https://prism42-console.vercel.app ===
[mint] session_id=631fa5f6-53f3-14a2-208d-d77fff9ecadd url=wss://ai-therapy-v3svfd9o.livekit.cloud

=== STAGE C: connect + listen ===
[stage C] connected @ +0.64s
[evt] participant_connected: identity='agent-AJ_dvnhXVC6ieES'
[stage C] AGENT JOINED @ +1.70s (agent-AJ_dvnhXVC6ieES)
[evt] track_subscribed kind=1 from=agent-AJ_dvnhXVC6ieES
[stage C] AUDIO TRACK SUBSCRIBED @ +2.02s

=== STAGE D: wait for pre-roll (4s) ===
[stage D] pre-roll audio: 0 non-silent frames, peak 2

=== STAGE E: publish caller audio (4.2s) ===
[stage E] track published @ +6.05s
[stage E] publish ended @ +10.71s

=== STAGE F: wait up to 25s for agent reply ===
[stage F] + 0.50s after pub-end | reply_peak=2 (0 = silence)
[stage F] + 1.00s after pub-end | reply_peak=2 (0 = silence)
[stage F] + 1.50s after pub-end | reply_peak=2 (0 = silence)
[stage F] + 2.00s after pub-end | reply_peak=2 (0 = silence)
[stage F] + 2.50s after pub-end | reply_peak=2 (0 = silence)
[stage F] + 3.00s after pub-end | reply_peak=2 (0 = silence)
[stage F] + 3.50s after pub-end | reply_peak=2 (0 = silence)
[stage F] + 4.01s after pub-end | reply_peak=2 (0 = silence)
[stage F] + 4.51s after pub-end | reply_peak=2 (0 = silence)
[stage F] + 5.01s after pub-end | reply_peak=2 (0 = silence)
[stage F] + 5.51s after pub-end | reply_peak=2 (0 = silence)
[stage F] + 6.01s after pub-end | reply_peak=2 (0 = silence)
[stage F] + 6.51s after pub-end | reply_peak=2 (0 = silence)
[stage F] + 7.01s after pub-end | reply_peak=2 (0 = silence)
[stage F] AGENT REPLY DETECTED @ +18.22s (7.51s after caller end), peak 23464
[stage F] listening 5s more to confirm sustained speech ...
[evt] disconnected reason=1

======================================================================
RESULT
======================================================================
agent_joined          : YES
audio_track_subscribed: YES
preroll_speech_frames : 0 (peak 2)
reply_speech_amp_max  : 24833
reply_latency_after_pubend: +7.51s
total_speech_frames   : 285
global_peak_amplitude : 24833
VERDICT: pre-roll never spoke (TTS broken)
