Pseudo-terminal will not be allocated because stdin is not a terminal.
Nvidia Encoder is supported.
Nvidia Decoder is supported.
=== STAGE A: generate caller audio for 'Someone broke into my house and I think they are still here.' ===
[gen] synthesizing caller audio: 'Someone broke into my house and I think they are still here.'
[gen] got 286,764 bytes (3.25s of audio at 44100Hz)
[gen] resampled to 48000Hz, duration 3.25s

=== STAGE B: mint session + token via https://prism42-console.vercel.app ===
[mint] session_id=7dd3b733-868b-1512-339f-b75a4908ea8d url=wss://ai-therapy-v3svfd9o.livekit.cloud

=== STAGE C: connect + listen ===
[stage C] connected @ +0.63s
[evt] participant_connected: identity='agent-AJ_j8oskd8hPgi6'
[stage C] AGENT JOINED @ +1.16s (agent-AJ_j8oskd8hPgi6)
[evt] track_subscribed kind=1 from=agent-AJ_j8oskd8hPgi6
[stage C] AUDIO TRACK SUBSCRIBED @ +1.48s

=== STAGE D: wait for pre-roll (4s) ===
[stage D] pre-roll audio: 0 non-silent frames, peak 2

=== STAGE E: publish caller audio (3.3s) ===
[stage E] track published @ +5.51s
[stage E] publish ended @ +9.03s

=== STAGE F: wait up to 25s for agent reply ===
[stage F] + 0.50s after pub-end | reply_peak=1 (0 = silence)
[stage F] + 1.00s after pub-end | reply_peak=2 (0 = silence)
[stage F] + 1.50s after pub-end | reply_peak=2 (0 = silence)
[stage F] + 2.00s after pub-end | reply_peak=2 (0 = silence)
[stage F] + 2.50s after pub-end | reply_peak=2 (0 = silence)
[stage F] + 3.00s after pub-end | reply_peak=2 (0 = silence)
[stage F] + 3.50s after pub-end | reply_peak=2 (0 = silence)
[stage F] + 4.00s after pub-end | reply_peak=2 (0 = silence)
[stage F] + 4.50s after pub-end | reply_peak=2 (0 = silence)
[stage F] + 5.00s after pub-end | reply_peak=2 (0 = silence)
[stage F] + 5.50s after pub-end | reply_peak=2 (0 = silence)
[stage F] + 6.00s after pub-end | reply_peak=2 (0 = silence)
[stage F] AGENT REPLY DETECTED @ +15.53s (6.50s after caller end), peak 17817
[stage F] listening 5s more to confirm sustained speech ...
[evt] disconnected reason=1

======================================================================
RESULT
======================================================================
agent_joined          : YES
audio_track_subscribed: YES
preroll_speech_frames : 0 (peak 2)
reply_speech_amp_max  : 25740
reply_latency_after_pubend: +6.50s
total_speech_frames   : 248
global_peak_amplitude : 25740
VERDICT: pre-roll never spoke (TTS broken)
