Pseudo-terminal will not be allocated because stdin is not a terminal.
Nvidia Encoder is supported.
Nvidia Decoder is supported.
=== STAGE A: generate caller audio for 'I want to report a noise complaint.' ===
[gen] synthesizing caller audio: 'I want to report a noise complaint.'
[gen] got 192,556 bytes (2.18s of audio at 44100Hz)
[gen] resampled to 48000Hz, duration 2.18s

=== STAGE B: mint session + token via https://prism42-console.vercel.app ===
[mint] session_id=13027a27-9cfa-2bc7-568e-af2afd4bb7e4 url=wss://ai-therapy-v3svfd9o.livekit.cloud

=== STAGE C: connect + listen ===
[stage C] connected @ +0.63s
[evt] participant_connected: identity='agent-AJ_7jya9veuvkbk'
[stage C] AGENT JOINED @ +1.16s (agent-AJ_7jya9veuvkbk)
[evt] track_subscribed kind=1 from=agent-AJ_7jya9veuvkbk
[stage C] AUDIO TRACK SUBSCRIBED @ +1.47s

=== STAGE D: wait for pre-roll (4s) ===
[stage D] pre-roll audio: 0 non-silent frames, peak 2

=== STAGE E: publish caller audio (2.2s) ===
[stage E] track published @ +5.51s
[stage E] publish ended @ +7.92s

=== STAGE F: wait up to 25s for agent reply ===
[stage F] + 0.50s after pub-end | reply_peak=1 (0 = silence)
[stage F] + 1.00s after pub-end | reply_peak=2 (0 = silence)
[stage F] + 1.50s after pub-end | reply_peak=2 (0 = silence)
[stage F] + 2.00s after pub-end | reply_peak=2 (0 = silence)
[stage F] + 2.50s after pub-end | reply_peak=2 (0 = silence)
[stage F] + 3.00s after pub-end | reply_peak=2 (0 = silence)
[stage F] + 3.51s after pub-end | reply_peak=2 (0 = silence)
[stage F] + 4.01s after pub-end | reply_peak=2 (0 = silence)
[stage F] + 4.51s after pub-end | reply_peak=2 (0 = silence)
[stage F] + 5.01s after pub-end | reply_peak=2 (0 = silence)
[stage F] + 5.51s after pub-end | reply_peak=2 (0 = silence)
[stage F] + 6.01s after pub-end | reply_peak=2 (0 = silence)
[stage F] + 6.51s after pub-end | reply_peak=2 (0 = silence)
[stage F] + 7.01s after pub-end | reply_peak=2 (0 = silence)
[stage F] AGENT REPLY DETECTED @ +15.43s (7.51s after caller end), peak 23100
[stage F] listening 5s more to confirm sustained speech ...

======================================================================
RESULT
======================================================================
agent_joined          : YES
audio_track_subscribed: YES
preroll_speech_frames : 0 (peak 2)
reply_speech_amp_max  : 24730
reply_latency_after_pubend: +7.51s
total_speech_frames   : 331
global_peak_amplitude : 24730
VERDICT: pre-roll never spoke (TTS broken)
