Pseudo-terminal will not be allocated because stdin is not a terminal.
Nvidia Encoder is supported.
Nvidia Decoder is supported.
=== STAGE A: generate caller audio for 'There is a domestic happening next door.' ===
[gen] synthesizing caller audio: 'There is a domestic happening next door.'
[gen] got 208,940 bytes (2.37s of audio at 44100Hz)
[gen] resampled to 48000Hz, duration 2.37s

=== STAGE B: mint session + token via https://prism42-console.vercel.app ===
[mint] session_id=8b2cb793-c193-5464-4cc4-06e76c224e88 url=wss://ai-therapy-v3svfd9o.livekit.cloud

=== STAGE C: connect + listen ===
[stage C] connected @ +0.67s
[evt] participant_connected: identity='agent-AJ_nUWqg4i4CrRS'
[stage C] AGENT JOINED @ +1.19s (agent-AJ_nUWqg4i4CrRS)
[evt] track_subscribed kind=1 from=agent-AJ_nUWqg4i4CrRS
[stage C] AUDIO TRACK SUBSCRIBED @ +1.57s

=== STAGE D: wait for pre-roll (4s) ===
[stage D] pre-roll audio: 0 non-silent frames, peak 2

=== STAGE E: publish caller audio (2.4s) ===
[stage E] track published @ +5.60s
[stage E] publish ended @ +8.17s

=== STAGE F: wait up to 25s for agent reply ===
[stage F] + 0.50s after pub-end | reply_peak=1 (0 = silence)
[stage F] + 1.00s after pub-end | reply_peak=2 (0 = silence)
[stage F] + 1.50s after pub-end | reply_peak=2 (0 = silence)
[stage F] + 2.00s after pub-end | reply_peak=2 (0 = silence)
[stage F] + 2.50s after pub-end | reply_peak=2 (0 = silence)
[stage F] + 3.01s after pub-end | reply_peak=2 (0 = silence)
[stage F] + 3.51s after pub-end | reply_peak=2 (0 = silence)
[stage F] + 4.01s after pub-end | reply_peak=2 (0 = silence)
[stage F] + 4.51s after pub-end | reply_peak=2 (0 = silence)
[stage F] + 5.01s after pub-end | reply_peak=2 (0 = silence)
[stage F] + 5.51s after pub-end | reply_peak=2 (0 = silence)
[stage F] + 6.01s after pub-end | reply_peak=2 (0 = silence)
[stage F] AGENT REPLY DETECTED @ +14.68s (6.51s after caller end), peak 17792
[stage F] listening 5s more to confirm sustained speech ...
[evt] disconnected reason=1

======================================================================
RESULT
======================================================================
agent_joined          : YES
audio_track_subscribed: YES
preroll_speech_frames : 0 (peak 2)
reply_speech_amp_max  : 23729
reply_latency_after_pubend: +6.51s
total_speech_frames   : 309
global_peak_amplitude : 23729
VERDICT: pre-roll never spoke (TTS broken)
