Pseudo-terminal will not be allocated because stdin is not a terminal.
Nvidia Encoder is supported.
Nvidia Decoder is supported.
=== STAGE A: generate caller audio for 'My power is out, is there an outage?' ===
[gen] synthesizing caller audio: 'My power is out, is there an outage?'
[gen] got 315,436 bytes (3.58s of audio at 44100Hz)
[gen] resampled to 48000Hz, duration 3.58s

=== STAGE B: mint session + token via https://prism42-console.vercel.app ===
[mint] session_id=ef3785e4-60e3-c511-9f0e-286f1eb7790f url=wss://ai-therapy-v3svfd9o.livekit.cloud

=== STAGE C: connect + listen ===
[stage C] connected @ +0.70s
[evt] participant_connected: identity='agent-AJ_BGF6uVHchkJM'
[stage C] AGENT JOINED @ +1.19s (agent-AJ_BGF6uVHchkJM)
[evt] track_subscribed kind=1 from=agent-AJ_BGF6uVHchkJM
[stage C] AUDIO TRACK SUBSCRIBED @ +1.51s

=== STAGE D: wait for pre-roll (4s) ===
[stage D] pre-roll audio: 0 non-silent frames, peak 2

=== STAGE E: publish caller audio (3.6s) ===
[stage E] track published @ +5.54s
[stage E] publish ended @ +9.48s

=== STAGE F: wait up to 25s for agent reply ===
[stage F] + 0.50s after pub-end | reply_peak=1 (0 = silence)
[stage F] + 1.00s after pub-end | reply_peak=2 (0 = silence)
[stage F] + 1.50s after pub-end | reply_peak=2 (0 = silence)
[stage F] + 2.00s after pub-end | reply_peak=2 (0 = silence)
[stage F] + 2.50s after pub-end | reply_peak=2 (0 = silence)
[stage F] + 3.00s after pub-end | reply_peak=2 (0 = silence)
[stage F] + 3.51s after pub-end | reply_peak=2 (0 = silence)
[stage F] + 4.01s after pub-end | reply_peak=2 (0 = silence)
[stage F] + 4.51s after pub-end | reply_peak=2 (0 = silence)
[stage F] + 5.01s after pub-end | reply_peak=2 (0 = silence)
[stage F] + 5.51s after pub-end | reply_peak=2 (0 = silence)
[stage F] + 6.01s after pub-end | reply_peak=2 (0 = silence)
[stage F] + 6.51s after pub-end | reply_peak=2 (0 = silence)
[stage F] + 7.01s after pub-end | reply_peak=2 (0 = silence)
[stage F] + 7.51s after pub-end | reply_peak=2 (0 = silence)
[stage F] + 8.01s after pub-end | reply_peak=2 (0 = silence)
[stage F] AGENT REPLY DETECTED @ +18.00s (8.51s after caller end), peak 21475
[stage F] listening 5s more to confirm sustained speech ...
[evt] disconnected reason=1

======================================================================
RESULT
======================================================================
agent_joined          : YES
audio_track_subscribed: YES
preroll_speech_frames : 0 (peak 2)
reply_speech_amp_max  : 23616
reply_latency_after_pubend: +8.51s
total_speech_frames   : 346
global_peak_amplitude : 23616
VERDICT: pre-roll never spoke (TTS broken)
