Pseudo-terminal will not be allocated because stdin is not a terminal.
Nvidia Encoder is supported.
Nvidia Decoder is supported.
=== STAGE A: generate caller audio for 'I want to report a stolen vehicle from last night.' ===
[gen] synthesizing caller audio: 'I want to report a stolen vehicle from last night.'
[gen] got 249,900 bytes (2.83s of audio at 44100Hz)
[gen] resampled to 48000Hz, duration 2.83s

=== STAGE B: mint session + token via https://prism42-console.vercel.app ===
[mint] session_id=c7ebb578-54ee-3181-b37b-8b5532100741 url=wss://ai-therapy-v3svfd9o.livekit.cloud

=== STAGE C: connect + listen ===
[stage C] connected @ +0.63s
[evt] participant_connected: identity='agent-AJ_apcccoi9sPmt'
[stage C] AGENT JOINED @ +1.16s (agent-AJ_apcccoi9sPmt)
[evt] track_subscribed kind=1 from=agent-AJ_apcccoi9sPmt
[stage C] AUDIO TRACK SUBSCRIBED @ +1.48s

=== STAGE D: wait for pre-roll (4s) ===
[stage D] pre-roll audio: 0 non-silent frames, peak 2

=== STAGE E: publish caller audio (2.8s) ===
[stage E] track published @ +5.51s
[stage E] publish ended @ +8.50s

=== STAGE F: wait up to 25s for agent reply ===
[stage F] + 0.50s after pub-end | reply_peak=2 (0 = silence)
[stage F] + 1.00s after pub-end | reply_peak=2 (0 = silence)
[stage F] + 1.50s after pub-end | reply_peak=2 (0 = silence)
[stage F] + 2.00s after pub-end | reply_peak=2 (0 = silence)
[stage F] AGENT REPLY DETECTED @ +11.01s (2.50s after caller end), peak 22434
[stage F] listening 5s more to confirm sustained speech ...
[evt] disconnected reason=1

======================================================================
RESULT
======================================================================
agent_joined          : YES
audio_track_subscribed: YES
preroll_speech_frames : 0 (peak 2)
reply_speech_amp_max  : 25828
reply_latency_after_pubend: +2.50s
total_speech_frames   : 169
global_peak_amplitude : 25828
VERDICT: pre-roll never spoke (TTS broken)
