Pseudo-terminal will not be allocated because stdin is not a terminal.
Nvidia Encoder is supported.
Nvidia Decoder is supported.
=== STAGE A: generate caller audio for 'My neighbors not breathing. Hes on the floor.' ===
[gen] synthesizing caller audio: 'My neighbors not breathing. Hes on the floor.'
[gen] got 348,204 bytes (3.95s of audio at 44100Hz)
[gen] resampled to 48000Hz, duration 3.95s

=== STAGE B: mint session + token via https://prism42-console.vercel.app ===
[mint] session_id=1e8f4e85-ef18-960f-2687-05ccb4e89e8e url=wss://ai-therapy-v3svfd9o.livekit.cloud

=== STAGE C: connect + listen ===
[stage C] connected @ +0.64s
[evt] participant_connected: identity='agent-AJ_JKcuyEPmttx2'
[stage C] AGENT JOINED @ +1.17s (agent-AJ_JKcuyEPmttx2)
[evt] track_subscribed kind=1 from=agent-AJ_JKcuyEPmttx2
[stage C] AUDIO TRACK SUBSCRIBED @ +1.49s

=== STAGE D: wait for pre-roll (4s) ===
[stage D] pre-roll audio: 0 non-silent frames, peak 2

=== STAGE E: publish caller audio (3.9s) ===
[stage E] track published @ +5.52s
[stage E] publish ended @ +9.89s

=== STAGE F: wait up to 25s for agent reply ===
[stage F] + 0.50s after pub-end | reply_peak=1 (0 = silence)
[stage F] + 1.00s after pub-end | reply_peak=2 (0 = silence)
[stage F] + 1.50s after pub-end | reply_peak=2 (0 = silence)
[stage F] + 2.00s after pub-end | reply_peak=2 (0 = silence)
[stage F] + 2.50s after pub-end | reply_peak=2 (0 = silence)
[stage F] + 3.01s after pub-end | reply_peak=2 (0 = silence)
[stage F] + 3.51s after pub-end | reply_peak=2 (0 = silence)
[stage F] + 4.01s after pub-end | reply_peak=2 (0 = silence)
[stage F] + 4.51s after pub-end | reply_peak=2 (0 = silence)
[stage F] + 5.01s after pub-end | reply_peak=2 (0 = silence)
[stage F] + 5.51s after pub-end | reply_peak=2 (0 = silence)
[stage F] + 6.01s after pub-end | reply_peak=2 (0 = silence)
[stage F] + 6.51s after pub-end | reply_peak=2 (0 = silence)
[stage F] AGENT REPLY DETECTED @ +16.90s (7.01s after caller end), peak 21481
[stage F] listening 5s more to confirm sustained speech ...

======================================================================
RESULT
======================================================================
agent_joined          : YES
audio_track_subscribed: YES
preroll_speech_frames : 0 (peak 2)
reply_speech_amp_max  : 25997
reply_latency_after_pubend: +7.01s
total_speech_frames   : 314
global_peak_amplitude : 25997
VERDICT: pre-roll never spoke (TTS broken)
