Pseudo-terminal will not be allocated because stdin is not a terminal.
Nvidia Encoder is supported.
Nvidia Decoder is supported.
=== STAGE A: generate caller audio for 'My toddler swallowed a battery.' ===
[gen] synthesizing caller audio: 'My toddler swallowed a battery.'
[gen] got 196,652 bytes (2.23s of audio at 44100Hz)
[gen] resampled to 48000Hz, duration 2.23s

=== STAGE B: mint session + token via https://prism42-console.vercel.app ===
[mint] session_id=a28c1080-a32d-7ed9-e11b-75b31a33bcc2 url=wss://ai-therapy-v3svfd9o.livekit.cloud

=== STAGE C: connect + listen ===
[stage C] connected @ +0.64s
[evt] participant_connected: identity='agent-AJ_69e3i73go4G2'
[stage C] AGENT JOINED @ +1.16s (agent-AJ_69e3i73go4G2)
[evt] track_subscribed kind=1 from=agent-AJ_69e3i73go4G2
[stage C] AUDIO TRACK SUBSCRIBED @ +1.53s

=== STAGE D: wait for pre-roll (0.5s) ===
[stage D] pre-roll audio: 0 non-silent frames, peak 2

=== STAGE E: publish caller audio (2.2s) ===
[stage E] track published @ +2.06s
[stage E] publish ended @ +4.46s

=== STAGE F: wait up to 30.0s for agent reply ===
[stage F] filler-skip-window: 2.5s after pub-end
[stage F] + 0.50s after pub-end | reply_peak=1 useful_peak=0 (0 = silence)
[stage F] + 1.00s after pub-end | reply_peak=2 useful_peak=0 (0 = silence)
[stage F] + 1.50s after pub-end | reply_peak=2 useful_peak=0 (0 = silence)
[stage F] + 2.00s after pub-end | reply_peak=2 useful_peak=0 (0 = silence)
[stage F] + 2.51s after pub-end | reply_peak=2 useful_peak=1 (0 = silence)
[stage F] + 3.01s after pub-end | reply_peak=2 useful_peak=2 (0 = silence)
[stage F] + 3.51s after pub-end | reply_peak=2 useful_peak=2 (0 = silence)
[stage F] + 4.01s after pub-end | reply_peak=2 useful_peak=2 (0 = silence)
[stage F] + 4.51s after pub-end | reply_peak=2 useful_peak=2 (0 = silence)
[stage F] + 5.01s after pub-end | reply_peak=2 useful_peak=2 (0 = silence)
[stage F] + 5.51s after pub-end | reply_peak=2 useful_peak=2 (0 = silence)
[stage F] + 6.01s after pub-end | reply_peak=2 useful_peak=2 (0 = silence)
[stage F] + 6.51s after pub-end | reply_peak=2 useful_peak=2 (0 = silence)
[stage F] + 7.01s after pub-end | reply_peak=2 useful_peak=2 (0 = silence)
[stage F] + 7.52s after pub-end | reply_peak=2 useful_peak=2 (0 = silence)
[stage F] + 8.02s after pub-end | reply_peak=2 useful_peak=2 (0 = silence)
[stage F] AGENT REPLY DETECTED (raw) @ +12.98s (8.52s after caller end), peak 24156
[stage F] AGENT USEFUL REPLY DETECTED @ +12.75s (8.28s after caller end), peak 24156
[stage F] listening 1.0s more to confirm sustained speech ...
[evt] disconnected reason=1

======================================================================
RESULT
======================================================================
agent_joined          : YES
audio_track_subscribed: YES
preroll_speech_frames : 0 (peak 2)
reply_speech_amp_max  : 24156
reply_latency_after_pubend: +8.52s
filler_skip_window_s  : 2.5
useful_reply_amp_max  : 24156
first_useful_audio_after_speech_ms: 8283
first_audio_after_speech_ms: 8517
useful_audio_skipped_filler=False raw_to_useful_delta_ms=-234
total_speech_frames   : 119
global_peak_amplitude : 24156
VERDICT: PASS — full turn round-trip works
