Pseudo-terminal will not be allocated because stdin is not a terminal.
Nvidia Encoder is supported.
Nvidia Decoder is supported.
=== STAGE A: generate caller audio for "There's a fire on the second floor. We're trapped." ===
[gen] synthesizing caller audio: "There's a fire on the second floor. We're trapped."
[gen] got 294,956 bytes (3.34s of audio at 44100Hz)
[gen] resampled to 48000Hz, duration 3.34s

=== STAGE B: mint session + token via https://prism42-console.vercel.app ===
[mint] session_id=5011c3eb-2d2e-45e9-5d12-e2dcecf8d50b url=wss://ai-therapy-v3svfd9o.livekit.cloud

=== STAGE C: connect + listen ===
[stage C] connected @ +0.65s
[evt] participant_connected: identity='agent-AJ_ShmSLGavB6SH'
[stage C] AGENT JOINED @ +1.18s (agent-AJ_ShmSLGavB6SH)
[evt] track_subscribed kind=1 from=agent-AJ_ShmSLGavB6SH
[stage C] AUDIO TRACK SUBSCRIBED @ +1.49s

=== STAGE D: wait for pre-roll (0.5s) ===
[stage D] pre-roll audio: 0 non-silent frames, peak 2

=== STAGE E: publish caller audio (3.3s) ===
[stage E] track published @ +2.02s
[stage E] publish ended @ +5.64s

=== STAGE F: wait up to 30.0s for agent reply ===
[stage F] filler-skip-window: 2.5s after pub-end
[stage F] + 0.50s after pub-end | reply_peak=1 useful_peak=0 (0 = silence)
[stage F] + 1.00s after pub-end | reply_peak=2 useful_peak=0 (0 = silence)
[stage F] + 1.50s after pub-end | reply_peak=2 useful_peak=0 (0 = silence)
[stage F] + 2.00s after pub-end | reply_peak=2 useful_peak=0 (0 = silence)
[stage F] + 2.50s after pub-end | reply_peak=2 useful_peak=0 (0 = silence)
[stage F] + 3.00s after pub-end | reply_peak=2 useful_peak=2 (0 = silence)
[stage F] + 3.50s after pub-end | reply_peak=2 useful_peak=2 (0 = silence)
[stage F] + 4.01s after pub-end | reply_peak=2 useful_peak=2 (0 = silence)
[stage F] + 4.51s after pub-end | reply_peak=2 useful_peak=2 (0 = silence)
[stage F] AGENT REPLY DETECTED (raw) @ +10.65s (5.01s after caller end), peak 20598
[stage F] AGENT USEFUL REPLY DETECTED @ +10.37s (4.73s after caller end), peak 20598
[stage F] listening 1.0s more to confirm sustained speech ...

======================================================================
RESULT
======================================================================
agent_joined          : YES
audio_track_subscribed: YES
preroll_speech_frames : 0 (peak 2)
reply_speech_amp_max  : 20598
reply_latency_after_pubend: +5.01s
filler_skip_window_s  : 2.5
useful_reply_amp_max  : 20598
first_useful_audio_after_speech_ms: 4729
first_audio_after_speech_ms: 5007
useful_audio_skipped_filler=False raw_to_useful_delta_ms=-277
total_speech_frames   : 47
global_peak_amplitude : 20598
VERDICT: PASS — full turn round-trip works
