Pseudo-terminal will not be allocated because stdin is not a terminal.
Nvidia Encoder is supported.
Nvidia Decoder is supported.
=== STAGE A: generate caller audio for 'I want to report a noise complaint.' ===
[gen] synthesizing caller audio: 'I want to report a noise complaint.'
[gen] got 229,420 bytes (2.60s of audio at 44100Hz)
[gen] resampled to 48000Hz, duration 2.60s

=== STAGE B: mint session + token via https://prism42-console.vercel.app ===
[mint] session_id=4c53e025-b746-a49c-992c-4fe4137887ab url=wss://ai-therapy-v3svfd9o.livekit.cloud

=== STAGE C: connect + listen ===
[stage C] connected @ +0.69s
[evt] participant_connected: identity='agent-AJ_WEBjFX9Ea4Uf'
[stage C] AGENT JOINED @ +1.23s (agent-AJ_WEBjFX9Ea4Uf)
[evt] track_subscribed kind=1 from=agent-AJ_WEBjFX9Ea4Uf
[stage C] AUDIO TRACK SUBSCRIBED @ +1.56s

=== STAGE D: wait for pre-roll (0.5s) ===
[stage D] pre-roll audio: 0 non-silent frames, peak 2

=== STAGE E: publish caller audio (2.6s) ===
[stage E] track published @ +2.09s
[stage E] publish ended @ +4.88s

=== STAGE F: wait up to 30.0s for agent reply ===
[stage F] filler-skip-window: 2.5s after pub-end
[stage F] + 0.50s after pub-end | reply_peak=1 useful_peak=0 (0 = silence)
[stage F] + 1.00s after pub-end | reply_peak=1 useful_peak=0 (0 = silence)
[stage F] + 1.50s after pub-end | reply_peak=2 useful_peak=0 (0 = silence)
[stage F] + 2.00s after pub-end | reply_peak=2 useful_peak=0 (0 = silence)
[stage F] + 2.50s after pub-end | reply_peak=2 useful_peak=0 (0 = silence)
[stage F] + 3.01s after pub-end | reply_peak=2 useful_peak=1 (0 = silence)
[stage F] + 3.51s after pub-end | reply_peak=2 useful_peak=1 (0 = silence)
[stage F] + 4.01s after pub-end | reply_peak=2 useful_peak=2 (0 = silence)
[stage F] + 4.51s after pub-end | reply_peak=2 useful_peak=2 (0 = silence)
[stage F] + 5.01s after pub-end | reply_peak=2 useful_peak=2 (0 = silence)
[stage F] + 5.51s after pub-end | reply_peak=2 useful_peak=2 (0 = silence)
[stage F] + 6.01s after pub-end | reply_peak=2 useful_peak=2 (0 = silence)
[stage F] + 6.51s after pub-end | reply_peak=2 useful_peak=2 (0 = silence)
[stage F] + 7.01s after pub-end | reply_peak=2 useful_peak=2 (0 = silence)
[stage F] AGENT REPLY DETECTED (raw) @ +12.40s (7.51s after caller end), peak 23349
[stage F] AGENT USEFUL REPLY DETECTED @ +12.07s (7.19s after caller end), peak 23349
[stage F] listening 1.0s more to confirm sustained speech ...
[evt] disconnected reason=1

======================================================================
RESULT
======================================================================
agent_joined          : YES
audio_track_subscribed: YES
preroll_speech_frames : 0 (peak 2)
reply_speech_amp_max  : 24950
reply_latency_after_pubend: +7.51s
filler_skip_window_s  : 2.5
useful_reply_amp_max  : 24950
first_useful_audio_after_speech_ms: 7186
first_audio_after_speech_ms: 7513
useful_audio_skipped_filler=False raw_to_useful_delta_ms=-327
total_speech_frames   : 109
global_peak_amplitude : 24950
VERDICT: PASS — full turn round-trip works
