Pseudo-terminal will not be allocated because stdin is not a terminal.
Nvidia Encoder is supported.
Nvidia Decoder is supported.
=== STAGE A: generate caller audio for "My neighbor's not breathing. He's on the floor." ===
[gen] synthesizing caller audio: "My neighbor's not breathing. He's on the floor."
[gen] got 282,668 bytes (3.20s of audio at 44100Hz)
[gen] resampled to 48000Hz, duration 3.20s

=== STAGE B: mint session + token via https://prism42-console.vercel.app ===
[mint] session_id=c7b8ead7-7580-042c-fb59-367cfe679a56 url=wss://ai-therapy-v3svfd9o.livekit.cloud

=== STAGE C: connect + listen ===
[stage C] connected @ +0.62s
[evt] participant_connected: identity='agent-AJ_qs3S8sd3nsZ7'
[stage C] AGENT JOINED @ +1.17s (agent-AJ_qs3S8sd3nsZ7)
[evt] track_subscribed kind=1 from=agent-AJ_qs3S8sd3nsZ7
[stage C] AUDIO TRACK SUBSCRIBED @ +1.49s

=== STAGE D: wait for pre-roll (0.5s) ===
[stage D] pre-roll audio: 0 non-silent frames, peak 2

=== STAGE E: publish caller audio (3.2s) ===
[stage E] track published @ +2.02s
[stage E] publish ended @ +5.58s

=== STAGE F: wait up to 30.0s for agent reply ===
[stage F] filler-skip-window: 2.5s after pub-end
[stage F] + 0.50s after pub-end | reply_peak=1 useful_peak=0 (0 = silence)
[stage F] + 1.00s after pub-end | reply_peak=2 useful_peak=0 (0 = silence)
[stage F] + 1.50s after pub-end | reply_peak=2 useful_peak=0 (0 = silence)
[stage F] + 2.00s after pub-end | reply_peak=2 useful_peak=0 (0 = silence)
[stage F] + 2.50s after pub-end | reply_peak=2 useful_peak=0 (0 = silence)
[stage F] + 3.00s after pub-end | reply_peak=2 useful_peak=1 (0 = silence)
[stage F] + 3.50s after pub-end | reply_peak=2 useful_peak=2 (0 = silence)
[stage F] AGENT REPLY DETECTED (raw) @ +9.59s (4.01s after caller end), peak 20296
[stage F] AGENT USEFUL REPLY DETECTED @ +9.42s (3.84s after caller end), peak 20296
[stage F] listening 1.0s more to confirm sustained speech ...

======================================================================
RESULT
======================================================================
agent_joined          : YES
audio_track_subscribed: YES
preroll_speech_frames : 0 (peak 2)
reply_speech_amp_max  : 25639
reply_latency_after_pubend: +4.01s
filler_skip_window_s  : 2.5
useful_reply_amp_max  : 25639
first_useful_audio_after_speech_ms: 3837
first_audio_after_speech_ms: 4005
useful_audio_skipped_filler=False raw_to_useful_delta_ms=-169
total_speech_frames   : 111
global_peak_amplitude : 25639
VERDICT: PASS — full turn round-trip works
