Pseudo-terminal will not be allocated because stdin is not a terminal.
Nvidia Encoder is supported.
Nvidia Decoder is supported.
=== STAGE A: generate caller audio for 'I think I am having a heart attack. Chest pain and short of breath.' ===
[gen] synthesizing caller audio: 'I think I am having a heart attack. Chest pain and short of breath.'
[gen] got 372,780 bytes (4.23s of audio at 44100Hz)
[gen] resampled to 48000Hz, duration 4.23s

=== STAGE B: mint session + token via https://prism42-console.vercel.app ===
[mint] session_id=2e53c8a5-aa86-9cbb-ce0b-68fccf6e3cf2 url=wss://ai-therapy-v3svfd9o.livekit.cloud

=== STAGE C: connect + listen ===
[stage C] connected @ +0.62s
[evt] participant_connected: identity='agent-AJ_N7oLcT3eAJMH'
[stage C] AGENT JOINED @ +1.71s (agent-AJ_N7oLcT3eAJMH)
[evt] track_subscribed kind=1 from=agent-AJ_N7oLcT3eAJMH
[stage C] AUDIO TRACK SUBSCRIBED @ +2.02s

=== STAGE D: wait for pre-roll (0.5s) ===
[stage D] pre-roll audio: 0 non-silent frames, peak 2

=== STAGE E: publish caller audio (4.2s) ===
[stage E] track published @ +2.55s
[stage E] publish ended @ +7.18s

=== STAGE F: wait up to 30.0s for agent reply ===
[stage F] filler-skip-window: 2.5s after pub-end
[stage F] + 0.50s after pub-end | reply_peak=2 useful_peak=0 (0 = silence)
[stage F] + 1.00s after pub-end | reply_peak=2 useful_peak=0 (0 = silence)
[stage F] + 1.50s after pub-end | reply_peak=2 useful_peak=0 (0 = silence)
[stage F] + 2.00s after pub-end | reply_peak=2 useful_peak=0 (0 = silence)
[stage F] + 2.51s after pub-end | reply_peak=2 useful_peak=1 (0 = silence)
[stage F] + 3.01s after pub-end | reply_peak=2 useful_peak=1 (0 = silence)
[stage F] + 3.51s after pub-end | reply_peak=2 useful_peak=2 (0 = silence)
[stage F] + 4.01s after pub-end | reply_peak=2 useful_peak=2 (0 = silence)
[stage F] + 4.51s after pub-end | reply_peak=2 useful_peak=2 (0 = silence)
[stage F] + 5.01s after pub-end | reply_peak=2 useful_peak=2 (0 = silence)
[stage F] + 5.51s after pub-end | reply_peak=2 useful_peak=2 (0 = silence)
[stage F] + 6.01s after pub-end | reply_peak=2 useful_peak=2 (0 = silence)
[stage F] + 6.51s after pub-end | reply_peak=2 useful_peak=2 (0 = silence)
[stage F] + 7.01s after pub-end | reply_peak=2 useful_peak=2 (0 = silence)
[stage F] AGENT REPLY DETECTED (raw) @ +14.69s (7.51s after caller end), peak 23592
[stage F] AGENT USEFUL REPLY DETECTED @ +14.39s (7.21s after caller end), peak 23592
[stage F] listening 1.0s more to confirm sustained speech ...

======================================================================
RESULT
======================================================================
agent_joined          : YES
audio_track_subscribed: YES
preroll_speech_frames : 0 (peak 2)
reply_speech_amp_max  : 24887
reply_latency_after_pubend: +7.51s
filler_skip_window_s  : 2.5
useful_reply_amp_max  : 24887
first_useful_audio_after_speech_ms: 7213
first_audio_after_speech_ms: 7513
useful_audio_skipped_filler=False raw_to_useful_delta_ms=-300
total_speech_frames   : 108
global_peak_amplitude : 24887
VERDICT: PASS — full turn round-trip works
