Pseudo-terminal will not be allocated because stdin is not a terminal.
Nvidia Encoder is supported.
Nvidia Decoder is supported.
=== STAGE A: generate caller audio for 'Someone broke into my house and I think they are still here.' ===
[gen] synthesizing caller audio: 'Someone broke into my house and I think they are still here.'
[gen] got 319,532 bytes (3.62s of audio at 44100Hz)
[gen] resampled to 48000Hz, duration 3.62s

=== STAGE B: mint session + token via https://prism42-console.vercel.app ===
[mint] session_id=04f11d56-85f2-02eb-6d18-646813710e53 url=wss://ai-therapy-v3svfd9o.livekit.cloud

=== STAGE C: connect + listen ===
[stage C] connected @ +0.64s
[evt] participant_connected: identity='agent-AJ_ntiuTorSZkhc'
[stage C] AGENT JOINED @ +1.23s (agent-AJ_ntiuTorSZkhc)
[evt] track_subscribed kind=1 from=agent-AJ_ntiuTorSZkhc
[stage C] AUDIO TRACK SUBSCRIBED @ +1.60s

=== STAGE D: wait for pre-roll (0.5s) ===
[stage D] pre-roll audio: 0 non-silent frames, peak 2

=== STAGE E: publish caller audio (3.6s) ===
[stage E] track published @ +2.13s
[stage E] publish ended @ +6.15s

=== STAGE F: wait up to 30.0s for agent reply ===
[stage F] filler-skip-window: 2.5s after pub-end
[stage F] + 0.50s after pub-end | reply_peak=1 useful_peak=0 (0 = silence)
[stage F] + 1.00s after pub-end | reply_peak=2 useful_peak=0 (0 = silence)
[stage F] + 1.50s after pub-end | reply_peak=2 useful_peak=0 (0 = silence)
[stage F] + 2.00s after pub-end | reply_peak=2 useful_peak=0 (0 = silence)
[stage F] + 2.50s after pub-end | reply_peak=2 useful_peak=1 (0 = silence)
[stage F] + 3.00s after pub-end | reply_peak=2 useful_peak=2 (0 = silence)
[stage F] + 3.51s after pub-end | reply_peak=2 useful_peak=2 (0 = silence)
[stage F] + 4.01s after pub-end | reply_peak=2 useful_peak=2 (0 = silence)
[stage F] + 4.51s after pub-end | reply_peak=2 useful_peak=2 (0 = silence)
[stage F] + 5.01s after pub-end | reply_peak=2 useful_peak=2 (0 = silence)
[stage F] + 5.51s after pub-end | reply_peak=2 useful_peak=2 (0 = silence)
[stage F] AGENT REPLY DETECTED (raw) @ +12.16s (6.01s after caller end), peak 22531
[stage F] AGENT USEFUL REPLY DETECTED @ +11.76s (5.61s after caller end), peak 22531
[stage F] listening 1.0s more to confirm sustained speech ...

======================================================================
RESULT
======================================================================
agent_joined          : YES
audio_track_subscribed: YES
preroll_speech_frames : 0 (peak 2)
reply_speech_amp_max  : 24722
reply_latency_after_pubend: +6.01s
filler_skip_window_s  : 2.5
useful_reply_amp_max  : 24722
first_useful_audio_after_speech_ms: 5611
first_audio_after_speech_ms: 6009
useful_audio_skipped_filler=False raw_to_useful_delta_ms=-398
total_speech_frames   : 138
global_peak_amplitude : 24722
VERDICT: PASS — full turn round-trip works
