Nvidia Encoder is supported.
Nvidia Decoder is supported.
=== STAGE A: generate caller audio for 'There is a fire on the second floor. We are trapped.' ===
[gen] synthesizing caller audio: 'There is a fire on the second floor. We are trapped.'
[gen] got 327,724 bytes (3.72s of audio at 44100Hz)
[gen] resampled to 48000Hz, duration 3.72s

=== STAGE B: mint session + token via https://prism42-console.vercel.app ===
[mint] session_id=0a0e74db-195f-cc32-3560-a0203b0e340f url=wss://ai-therapy-v3svfd9o.livekit.cloud

=== STAGE C: connect + listen ===
[stage C] connected @ +0.64s
[evt] participant_connected: identity='agent-AJ_JRGYhePUM2tW'
[stage C] AGENT JOINED @ +1.19s (agent-AJ_JRGYhePUM2tW)
[evt] track_subscribed kind=1 from=agent-AJ_JRGYhePUM2tW
[stage C] AUDIO TRACK SUBSCRIBED @ +1.56s

=== STAGE D: wait for pre-roll (0.5s) ===
[stage D] pre-roll audio: 0 non-silent frames, peak 2

=== STAGE E: publish caller audio (3.7s) ===
[stage E] track published @ +2.09s
[stage E] publish ended @ +6.04s

=== STAGE F: wait up to 30.0s for agent reply ===
[stage F] filler-skip-window: 2.5s after pub-end
[stage F] + 0.50s after pub-end | reply_peak=1 useful_peak=0 (0 = silence)
[stage F] + 1.00s after pub-end | reply_peak=1 useful_peak=0 (0 = silence)
[stage F] + 1.50s after pub-end | reply_peak=2 useful_peak=0 (0 = silence)
[stage F] + 2.00s after pub-end | reply_peak=2 useful_peak=0 (0 = silence)
[stage F] + 2.50s after pub-end | reply_peak=2 useful_peak=0 (0 = silence)
[stage F] + 3.00s after pub-end | reply_peak=2 useful_peak=2 (0 = silence)
[stage F] + 3.51s after pub-end | reply_peak=2 useful_peak=2 (0 = silence)
[stage F] + 4.01s after pub-end | reply_peak=2 useful_peak=2 (0 = silence)
[stage F] + 4.51s after pub-end | reply_peak=2 useful_peak=2 (0 = silence)
[stage F] + 5.01s after pub-end | reply_peak=2 useful_peak=2 (0 = silence)
[stage F] + 5.51s after pub-end | reply_peak=2 useful_peak=2 (0 = silence)
[stage F] + 6.01s after pub-end | reply_peak=2 useful_peak=2 (0 = silence)
[stage F] + 6.51s after pub-end | reply_peak=2 useful_peak=2 (0 = silence)
[stage F] + 7.01s after pub-end | reply_peak=2 useful_peak=2 (0 = silence)
[stage F] + 7.51s after pub-end | reply_peak=2 useful_peak=2 (0 = silence)
[stage F] + 8.01s after pub-end | reply_peak=2 useful_peak=2 (0 = silence)
[stage F] + 8.51s after pub-end | reply_peak=2 useful_peak=2 (0 = silence)
[stage F] + 9.02s after pub-end | reply_peak=2 useful_peak=2 (0 = silence)
[stage F] + 9.52s after pub-end | reply_peak=2 useful_peak=2 (0 = silence)
[stage F] +10.02s after pub-end | reply_peak=2 useful_peak=2 (0 = silence)
[stage F] +10.52s after pub-end | reply_peak=2 useful_peak=2 (0 = silence)
[stage F] +11.02s after pub-end | reply_peak=2 useful_peak=2 (0 = silence)
[stage F] +11.52s after pub-end | reply_peak=2 useful_peak=2 (0 = silence)
[stage F] AGENT REPLY DETECTED (raw) @ +18.06s (12.02s after caller end), peak 19497
[stage F] listening 1.0s more to confirm sustained speech ...
[evt] disconnected reason=1

======================================================================
RESULT
======================================================================
agent_joined          : YES
audio_track_subscribed: YES
preroll_speech_frames : 0 (peak 2)
reply_speech_amp_max  : 23360
reply_latency_after_pubend: +12.02s
filler_skip_window_s  : 2.5
useful_reply_amp_max  : 23360
first_useful_audio_after_speech_ms: NEVER
first_audio_after_speech_ms: 12021
useful_audio_skipped_filler=False raw_to_useful_delta_ms=-1
total_speech_frames   : 86
global_peak_amplitude : 23360
first_segment_min_ms  : 200.0
tts_total_ms          : 13017
useful_audio_duration_ms: 1050
VERDICT: PASS — full turn round-trip works
