=== cycle-2e turn 1 (flag ON): I think I am having a heart attack. Chest pain and short of breath. ===
Pseudo-terminal will not be allocated because stdin is not a terminal.
Nvidia Encoder is supported.
Nvidia Decoder is supported.
=== STAGE A: generate caller audio for 'I think I am having a heart attack. Chest pain and short of breath.' ===
[gen] synthesizing caller audio: 'I think I am having a heart attack. Chest pain and short of breath.'
[gen] got 389,164 bytes (4.41s of audio at 44100Hz)
[gen] resampled to 48000Hz, duration 4.41s

=== STAGE B: mint session + token via https://prism42-console.vercel.app ===
[mint] session_id=6271a20e-9ae0-3b66-56cf-44ea462b0ec8 url=wss://ai-therapy-v3svfd9o.livekit.cloud

=== STAGE C: connect + listen ===
[stage C] connected @ +0.64s
[evt] participant_connected: identity='agent-AJ_GaR59kPbWqpq'
[stage C] AGENT JOINED @ +1.68s (agent-AJ_GaR59kPbWqpq)
[evt] track_subscribed kind=1 from=agent-AJ_GaR59kPbWqpq
[stage C] AUDIO TRACK SUBSCRIBED @ +1.99s

=== STAGE D: wait for pre-roll (0.5s) ===
[stage D] pre-roll audio: 0 non-silent frames, peak 2

=== STAGE E: publish caller audio (4.4s) ===
[stage E] track published @ +2.52s
[stage E] publish ended @ +7.37s

=== STAGE F: wait up to 30.0s for agent reply ===
[stage F] filler-skip-window: 2.5s after pub-end
[stage F] + 0.50s after pub-end | reply_peak=1 useful_peak=0 (0 = silence)
[stage F] + 1.00s after pub-end | reply_peak=1 useful_peak=0 (0 = silence)
[stage F] + 1.50s after pub-end | reply_peak=1 useful_peak=0 (0 = silence)
[stage F] + 2.00s after pub-end | reply_peak=2 useful_peak=0 (0 = silence)
[stage F] + 2.50s after pub-end | reply_peak=2 useful_peak=0 (0 = silence)
[stage F] + 3.01s after pub-end | reply_peak=2 useful_peak=1 (0 = silence)
[stage F] AGENT REPLY DETECTED (raw) @ +10.88s (3.51s after caller end), peak 23195
[stage F] AGENT USEFUL REPLY DETECTED @ +10.54s (3.17s after caller end), peak 23195
[stage F] listening 1.0s more to confirm sustained speech ...
[evt] disconnected reason=1

======================================================================
RESULT
======================================================================
agent_joined          : YES
audio_track_subscribed: YES
preroll_speech_frames : 0 (peak 2)
reply_speech_amp_max  : 24643
reply_latency_after_pubend: +3.51s
filler_skip_window_s  : 2.5
useful_reply_amp_max  : 24643
first_useful_audio_after_speech_ms: 3167
first_audio_after_speech_ms: 3505
useful_audio_skipped_filler=False raw_to_useful_delta_ms=-338
total_speech_frames   : 112
global_peak_amplitude : 24643
first_segment_min_ms  : 200.0
tts_total_ms          : 4507
useful_audio_duration_ms: 1340
VERDICT: PASS — full turn round-trip works
