=== cycle-2e turn 3 (flag ON): There's a fire on the second floor. We're trapped. ===
Pseudo-terminal will not be allocated because stdin is not a terminal.
Nvidia Encoder is supported.
Nvidia Decoder is supported.
=== STAGE A: generate caller audio for "There's a fire on the second floor. We're trapped." ===
[gen] synthesizing caller audio: "There's a fire on the second floor. We're trapped."
[gen] got 249,900 bytes (2.83s of audio at 44100Hz)
[gen] resampled to 48000Hz, duration 2.83s

=== STAGE B: mint session + token via https://prism42-console.vercel.app ===
[mint] session_id=2a61ea1f-d8e7-a073-a170-1e08a715d148 url=wss://ai-therapy-v3svfd9o.livekit.cloud

=== STAGE C: connect + listen ===
[stage C] connected @ +0.73s
[evt] participant_connected: identity='agent-AJ_UuNiCRD6rKFA'
[stage C] AGENT JOINED @ +1.21s (agent-AJ_UuNiCRD6rKFA)
[evt] track_subscribed kind=1 from=agent-AJ_UuNiCRD6rKFA
[stage C] AUDIO TRACK SUBSCRIBED @ +1.52s

=== STAGE D: wait for pre-roll (0.5s) ===
[stage D] pre-roll audio: 0 non-silent frames, peak 2

=== STAGE E: publish caller audio (2.8s) ===
[stage E] track published @ +2.06s
[stage E] publish ended @ +5.12s

=== STAGE F: wait up to 30.0s for agent reply ===
[stage F] filler-skip-window: 2.5s after pub-end
[stage F] + 0.50s after pub-end | reply_peak=1 useful_peak=0 (0 = silence)
[stage F] + 1.00s after pub-end | reply_peak=1 useful_peak=0 (0 = silence)
[stage F] + 1.50s after pub-end | reply_peak=2 useful_peak=0 (0 = silence)
[stage F] + 2.00s after pub-end | reply_peak=2 useful_peak=0 (0 = silence)
[stage F] AGENT REPLY DETECTED (raw) @ +7.62s (2.50s after caller end), peak 17785
[stage F] + 2.50s after pub-end | reply_peak=17785 useful_peak=0 (0 = silence)
[stage F] AGENT USEFUL REPLY DETECTED @ +7.63s (2.51s after caller end), peak 24932
[stage F] listening 1.0s more to confirm sustained speech ...
[evt] disconnected reason=1

======================================================================
RESULT
======================================================================
agent_joined          : YES
audio_track_subscribed: YES
preroll_speech_frames : 0 (peak 2)
reply_speech_amp_max  : 26060
reply_latency_after_pubend: +2.50s
filler_skip_window_s  : 2.5
useful_reply_amp_max  : 26060
first_useful_audio_after_speech_ms: 2506
first_audio_after_speech_ms: 2504
useful_audio_skipped_filler=False raw_to_useful_delta_ms=2
total_speech_frames   : 146
global_peak_amplitude : 26060
first_segment_min_ms  : 200.0
tts_total_ms          : 4006
useful_audio_duration_ms: 1501
VERDICT: PASS — full turn round-trip works
