=== cycle-2e turn 8 (flag ON): There's a domestic happening next door. ===
Pseudo-terminal will not be allocated because stdin is not a terminal.
Nvidia Encoder is supported.
Nvidia Decoder is supported.
=== STAGE A: generate caller audio for "There's a domestic happening next door." ===
[gen] synthesizing caller audio: "There's a domestic happening next door."
[gen] got 188,460 bytes (2.14s of audio at 44100Hz)
[gen] resampled to 48000Hz, duration 2.14s

=== STAGE B: mint session + token via https://prism42-console.vercel.app ===
[mint] session_id=4e7fca07-ca53-5d07-ea51-8cf5d7f0d115 url=wss://ai-therapy-v3svfd9o.livekit.cloud

=== STAGE C: connect + listen ===
[stage C] connected @ +0.63s
[evt] participant_connected: identity='agent-AJ_Nv4UaxPp2SYw'
[stage C] AGENT JOINED @ +1.15s (agent-AJ_Nv4UaxPp2SYw)
[evt] track_subscribed kind=1 from=agent-AJ_Nv4UaxPp2SYw
[stage C] AUDIO TRACK SUBSCRIBED @ +1.46s

=== STAGE D: wait for pre-roll (0.5s) ===
[stage D] pre-roll audio: 0 non-silent frames, peak 2

=== STAGE E: publish caller audio (2.1s) ===
[stage E] track published @ +1.99s
[stage E] publish ended @ +4.27s

=== STAGE F: wait up to 30.0s for agent reply ===
[stage F] filler-skip-window: 2.5s after pub-end
[stage F] + 0.50s after pub-end | reply_peak=2 useful_peak=0 (0 = silence)
[stage F] + 1.00s after pub-end | reply_peak=2 useful_peak=0 (0 = silence)
[stage F] + 1.50s after pub-end | reply_peak=2 useful_peak=0 (0 = silence)
[stage F] + 2.00s after pub-end | reply_peak=2 useful_peak=0 (0 = silence)
[stage F] + 2.50s after pub-end | reply_peak=2 useful_peak=0 (0 = silence)
[stage F] + 3.00s after pub-end | reply_peak=2 useful_peak=2 (0 = silence)
[stage F] AGENT REPLY DETECTED (raw) @ +7.77s (3.50s after caller end), peak 23870
[stage F] AGENT USEFUL REPLY DETECTED @ +7.39s (3.12s after caller end), peak 23870
[stage F] listening 1.0s more to confirm sustained speech ...
[evt] disconnected reason=1

======================================================================
RESULT
======================================================================
agent_joined          : YES
audio_track_subscribed: YES
preroll_speech_frames : 0 (peak 2)
reply_speech_amp_max  : 24498
reply_latency_after_pubend: +3.50s
filler_skip_window_s  : 2.5
useful_reply_amp_max  : 24498
first_useful_audio_after_speech_ms: 3118
first_audio_after_speech_ms: 3504
useful_audio_skipped_filler=False raw_to_useful_delta_ms=-386
total_speech_frames   : 116
global_peak_amplitude : 24498
first_segment_min_ms  : 200.0
tts_total_ms          : 4498
useful_audio_duration_ms: 1380
VERDICT: PASS — full turn round-trip works
