=== cycle-2e turn 4 (flag ON): Someone broke into my house and I think they are still here. ===
Pseudo-terminal will not be allocated because stdin is not a terminal.
Nvidia Encoder is supported.
Nvidia Decoder is supported.
=== STAGE A: generate caller audio for 'Someone broke into my house and I think they are still here.' ===
[gen] synthesizing caller audio: 'Someone broke into my house and I think they are still here.'
[gen] got 303,148 bytes (3.44s of audio at 44100Hz)
[gen] resampled to 48000Hz, duration 3.44s

=== STAGE B: mint session + token via https://prism42-console.vercel.app ===
[mint] session_id=06c148da-b27f-ccfd-5590-25b95a2e7be9 url=wss://ai-therapy-v3svfd9o.livekit.cloud

=== STAGE C: connect + listen ===
[stage C] connected @ +0.73s
[evt] participant_connected: identity='agent-AJ_mCqSVA85Q6mE'
[stage C] AGENT JOINED @ +1.20s (agent-AJ_mCqSVA85Q6mE)
[evt] track_subscribed kind=1 from=agent-AJ_mCqSVA85Q6mE
[stage C] AUDIO TRACK SUBSCRIBED @ +1.51s

=== STAGE D: wait for pre-roll (0.5s) ===
[stage D] pre-roll audio: 0 non-silent frames, peak 2

=== STAGE E: publish caller audio (3.4s) ===
[stage E] track published @ +2.04s
[stage E] publish ended @ +5.81s

=== STAGE F: wait up to 30.0s for agent reply ===
[stage F] filler-skip-window: 2.5s after pub-end
[stage F] + 0.50s after pub-end | reply_peak=2 useful_peak=0 (0 = silence)
[stage F] + 1.00s after pub-end | reply_peak=2 useful_peak=0 (0 = silence)
[stage F] + 1.50s after pub-end | reply_peak=2 useful_peak=0 (0 = silence)
[stage F] + 2.00s after pub-end | reply_peak=2 useful_peak=0 (0 = silence)
[stage F] + 2.50s after pub-end | reply_peak=2 useful_peak=0 (0 = silence)
[stage F] AGENT REPLY DETECTED (raw) @ +8.82s (3.00s after caller end), peak 18549
[stage F] + 3.00s after pub-end | reply_peak=18549 useful_peak=18549 (0 = silence)
[stage F] AGENT USEFUL REPLY DETECTED @ +8.78s (2.97s after caller end), peak 25117
[stage F] listening 1.0s more to confirm sustained speech ...

======================================================================
RESULT
======================================================================
agent_joined          : YES
audio_track_subscribed: YES
preroll_speech_frames : 0 (peak 2)
reply_speech_amp_max  : 25117
reply_latency_after_pubend: +3.00s
filler_skip_window_s  : 2.5
useful_reply_amp_max  : 25117
first_useful_audio_after_speech_ms: 2968
first_audio_after_speech_ms: 3005
useful_audio_skipped_filler=False raw_to_useful_delta_ms=-37
total_speech_frames   : 151
global_peak_amplitude : 25117
first_segment_min_ms  : 200.0
tts_total_ms          : 4498
useful_audio_duration_ms: 1531
VERDICT: PASS — full turn round-trip works
