=== cycle-2e turn 9 (flag ON): My power's out, is there an outage? ===
Pseudo-terminal will not be allocated because stdin is not a terminal.
Nvidia Encoder is supported.
Nvidia Decoder is supported.
=== STAGE A: generate caller audio for "My power's out, is there an outage?" ===
[gen] synthesizing caller audio: "My power's out, is there an outage?"
[gen] got 208,940 bytes (2.37s of audio at 44100Hz)
[gen] resampled to 48000Hz, duration 2.37s

=== STAGE B: mint session + token via https://prism42-console.vercel.app ===
[mint] session_id=93aed6e0-fcb0-994e-4a7a-ac57c78c44fd url=wss://ai-therapy-v3svfd9o.livekit.cloud

=== STAGE C: connect + listen ===
[stage C] connected @ +0.62s
[evt] participant_connected: identity='agent-AJ_u7u2Lkxq8Byk'
[stage C] AGENT JOINED @ +1.14s (agent-AJ_u7u2Lkxq8Byk)
[evt] track_subscribed kind=1 from=agent-AJ_u7u2Lkxq8Byk
[stage C] AUDIO TRACK SUBSCRIBED @ +1.45s

=== STAGE D: wait for pre-roll (0.5s) ===
[stage D] pre-roll audio: 0 non-silent frames, peak 2

=== STAGE E: publish caller audio (2.4s) ===
[stage E] track published @ +1.98s
[stage E] publish ended @ +4.56s

=== STAGE F: wait up to 30.0s for agent reply ===
[stage F] filler-skip-window: 2.5s after pub-end
[stage F] + 0.50s after pub-end | reply_peak=2 useful_peak=0 (0 = silence)
[stage F] + 1.00s after pub-end | reply_peak=2 useful_peak=0 (0 = silence)
[stage F] + 1.50s after pub-end | reply_peak=2 useful_peak=0 (0 = silence)
[stage F] + 2.00s after pub-end | reply_peak=2 useful_peak=0 (0 = silence)
[stage F] + 2.50s after pub-end | reply_peak=2 useful_peak=1 (0 = silence)
[stage F] AGENT REPLY DETECTED (raw) @ +7.56s (3.01s after caller end), peak 21962
[stage F] AGENT USEFUL REPLY DETECTED @ +7.16s (2.60s after caller end), peak 21962
[stage F] listening 1.0s more to confirm sustained speech ...
[evt] disconnected reason=1

======================================================================
RESULT
======================================================================
agent_joined          : YES
audio_track_subscribed: YES
preroll_speech_frames : 0 (peak 2)
reply_speech_amp_max  : 23362
reply_latency_after_pubend: +3.01s
filler_skip_window_s  : 2.5
useful_reply_amp_max  : 23362
first_useful_audio_after_speech_ms: 2603
first_audio_after_speech_ms: 3005
useful_audio_skipped_filler=False raw_to_useful_delta_ms=-402
total_speech_frames   : 134
global_peak_amplitude : 23362
first_segment_min_ms  : 200.0
tts_total_ms          : 4003
useful_audio_duration_ms: 1400
VERDICT: PASS — full turn round-trip works
