=== cycle-2e turn 10 (flag ON): I want to report a noise complaint. ===
Pseudo-terminal will not be allocated because stdin is not a terminal.
Nvidia Encoder is supported.
Nvidia Decoder is supported.
=== STAGE A: generate caller audio for 'I want to report a noise complaint.' ===
[gen] synthesizing caller audio: 'I want to report a noise complaint.'
[gen] got 204,844 bytes (2.32s of audio at 44100Hz)
[gen] resampled to 48000Hz, duration 2.32s

=== STAGE B: mint session + token via https://prism42-console.vercel.app ===
[mint] session_id=fa95b929-348a-58a3-579e-dbe94d90cc0c url=wss://ai-therapy-v3svfd9o.livekit.cloud

=== STAGE C: connect + listen ===
[stage C] connected @ +0.66s
[evt] participant_connected: identity='agent-AJ_XFE2vwXn6Akh'
[stage C] AGENT JOINED @ +1.13s (agent-AJ_XFE2vwXn6Akh)
[evt] track_subscribed kind=1 from=agent-AJ_XFE2vwXn6Akh
[stage C] AUDIO TRACK SUBSCRIBED @ +1.51s

=== STAGE D: wait for pre-roll (0.5s) ===
[stage D] pre-roll audio: 0 non-silent frames, peak 2

=== STAGE E: publish caller audio (2.3s) ===
[stage E] track published @ +2.04s
[stage E] publish ended @ +4.60s

=== STAGE F: wait up to 30.0s for agent reply ===
[stage F] filler-skip-window: 2.5s after pub-end
[stage F] + 0.50s after pub-end | reply_peak=2 useful_peak=0 (0 = silence)
[stage F] + 1.00s after pub-end | reply_peak=2 useful_peak=0 (0 = silence)
[stage F] + 1.50s after pub-end | reply_peak=2 useful_peak=0 (0 = silence)
[stage F] + 2.00s after pub-end | reply_peak=2 useful_peak=0 (0 = silence)
[stage F] + 2.50s after pub-end | reply_peak=2 useful_peak=0 (0 = silence)
[stage F] + 3.01s after pub-end | reply_peak=2 useful_peak=1 (0 = silence)
[stage F] AGENT REPLY DETECTED (raw) @ +8.11s (3.51s after caller end), peak 24657
[stage F] AGENT USEFUL REPLY DETECTED @ +7.68s (3.08s after caller end), peak 24657
[stage F] listening 1.0s more to confirm sustained speech ...
[evt] disconnected reason=1

======================================================================
RESULT
======================================================================
agent_joined          : YES
audio_track_subscribed: YES
preroll_speech_frames : 0 (peak 2)
reply_speech_amp_max  : 24759
reply_latency_after_pubend: +3.51s
filler_skip_window_s  : 2.5
useful_reply_amp_max  : 24759
first_useful_audio_after_speech_ms: 3078
first_audio_after_speech_ms: 3505
useful_audio_skipped_filler=False raw_to_useful_delta_ms=-428
total_speech_frames   : 120
global_peak_amplitude : 24759
first_segment_min_ms  : 200.0
tts_total_ms          : 4498
useful_audio_duration_ms: 1420
VERDICT: PASS — full turn round-trip works
