Nvidia Encoder is supported.
Nvidia Decoder is supported.
=== STAGE A: generate caller audio for "My neighbor's not breathing. He's on the floor." ===
[gen] synthesizing caller audio: "My neighbor's not breathing. He's on the floor."
[gen] got 208,940 bytes (2.37s of audio at 44100Hz)
[gen] resampled to 48000Hz, duration 2.37s

=== STAGE B: mint session + token via https://prism42-console.vercel.app ===
[mint] session_id=ba1c5fd2-87f5-dc2d-373b-3bd5ddce292d url=wss://ai-therapy-v3svfd9o.livekit.cloud

=== STAGE C: connect + listen ===
[stage C] connected @ +0.61s
[evt] participant_connected: identity='agent-AJ_6rwwqDsCBr89'
[stage C] AGENT JOINED @ +1.13s (agent-AJ_6rwwqDsCBr89)
[evt] track_subscribed kind=1 from=agent-AJ_6rwwqDsCBr89
[stage C] AUDIO TRACK SUBSCRIBED @ +1.44s

=== STAGE D: wait for pre-roll (0.5s) ===
[stage D] pre-roll audio: 0 non-silent frames, peak 2

=== STAGE E: publish caller audio (2.4s) ===
[stage E] track published @ +1.97s
[stage E] publish ended @ +4.46s

=== STAGE F: wait up to 30.0s for agent reply ===
[stage F] filler-skip-window: 2.5s after pub-end
[stage F] + 0.50s after pub-end | reply_peak=2 useful_peak=0 (0 = silence)
[stage F] + 1.00s after pub-end | reply_peak=2 useful_peak=0 (0 = silence)
[stage F] + 1.50s after pub-end | reply_peak=2 useful_peak=0 (0 = silence)
[stage F] + 2.00s after pub-end | reply_peak=2 useful_peak=0 (0 = silence)
[stage F] + 2.50s after pub-end | reply_peak=2 useful_peak=1 (0 = silence)
[stage F] + 3.00s after pub-end | reply_peak=2 useful_peak=2 (0 = silence)
[stage F] + 3.50s after pub-end | reply_peak=2 useful_peak=2 (0 = silence)
[stage F] AGENT REPLY DETECTED (raw) @ +8.46s (4.00s after caller end), peak 20494
[stage F] listening 1.0s more to confirm sustained speech ...
[evt] disconnected reason=1

======================================================================
RESULT
======================================================================
agent_joined          : YES
audio_track_subscribed: YES
preroll_speech_frames : 0 (peak 2)
reply_speech_amp_max  : 24757
reply_latency_after_pubend: +4.00s
filler_skip_window_s  : 2.5
useful_reply_amp_max  : 24757
first_useful_audio_after_speech_ms: NEVER
first_audio_after_speech_ms: 4005
useful_audio_skipped_filler=False raw_to_useful_delta_ms=-1
total_speech_frames   : 102
global_peak_amplitude : 24757
first_segment_min_ms  : 200.0
tts_total_ms          : 4999
useful_audio_duration_ms: 1190
VERDICT: PASS — full turn round-trip works
