Nvidia Encoder is supported.
Nvidia Decoder is supported.
=== STAGE A: generate caller audio for 'I think I am having a heart attack. Chest pain and short of breath.' ===
[gen] synthesizing caller audio: 'I think I am having a heart attack. Chest pain and short of breath.'
[gen] got 393,260 bytes (4.46s of audio at 44100Hz)
[gen] resampled to 48000Hz, duration 4.46s

=== STAGE B: mint session + token via https://prism42-console.vercel.app ===
[mint] session_id=f621c5d4-f6f9-d479-14f4-f082730621d6 url=wss://ai-therapy-v3svfd9o.livekit.cloud

=== STAGE C: connect + listen ===
[stage C] connected @ +0.66s
[evt] participant_connected: identity='agent-AJ_W3BdRfYp2DD5'
[stage C] AGENT JOINED @ +1.78s (agent-AJ_W3BdRfYp2DD5)
[evt] track_subscribed kind=1 from=agent-AJ_W3BdRfYp2DD5
[stage C] AUDIO TRACK SUBSCRIBED @ +2.15s

=== STAGE D: wait for pre-roll (0.5s) ===
[stage D] pre-roll audio: 0 non-silent frames, peak 2

=== STAGE E: publish caller audio (4.5s) ===
[stage E] track published @ +2.69s
[stage E] publish ended @ +7.57s

=== STAGE F: wait up to 30.0s for agent reply ===
[stage F] filler-skip-window: 2.5s after pub-end
[stage F] + 0.50s after pub-end | reply_peak=1 useful_peak=0 (0 = silence)
[stage F] + 1.00s after pub-end | reply_peak=1 useful_peak=0 (0 = silence)
[stage F] + 1.50s after pub-end | reply_peak=1 useful_peak=0 (0 = silence)
[stage F] + 2.00s after pub-end | reply_peak=2 useful_peak=0 (0 = silence)
[stage F] + 2.50s after pub-end | reply_peak=2 useful_peak=1 (0 = silence)
[stage F] + 3.01s after pub-end | reply_peak=2 useful_peak=1 (0 = silence)
[stage F] + 3.51s after pub-end | reply_peak=2 useful_peak=2 (0 = silence)
[stage F] AGENT REPLY DETECTED (raw) @ +11.58s (4.01s after caller end), peak 17869
[stage F] listening 1.0s more to confirm sustained speech ...
[evt] disconnected reason=1

======================================================================
RESULT
======================================================================
agent_joined          : YES
audio_track_subscribed: YES
preroll_speech_frames : 0 (peak 2)
reply_speech_amp_max  : 24658
reply_latency_after_pubend: +4.01s
filler_skip_window_s  : 2.5
useful_reply_amp_max  : 24658
first_useful_audio_after_speech_ms: NEVER
first_audio_after_speech_ms: 4007
useful_audio_skipped_filler=False raw_to_useful_delta_ms=-1
total_speech_frames   : 98
global_peak_amplitude : 24658
first_segment_min_ms  : 200.0
tts_total_ms          : 4943
useful_audio_duration_ms: 1010
VERDICT: PASS — full turn round-trip works
