Nvidia Encoder is supported.
Nvidia Decoder is supported.
=== STAGE A: generate caller audio for 'My toddler swallowed a battery.' ===
[gen] synthesizing caller audio: 'My toddler swallowed a battery.'
[gen] got 213,036 bytes (2.42s of audio at 44100Hz)
[gen] resampled to 48000Hz, duration 2.42s

=== STAGE B: mint session + token via https://prism42-console.vercel.app ===
[mint] session_id=cbc1804d-2d4d-1dc6-7ef0-1505773518b8 url=wss://ai-therapy-v3svfd9o.livekit.cloud

=== STAGE C: connect + listen ===
[stage C] connected @ +0.62s
[evt] participant_connected: identity='agent-AJ_VLYTzx9m5Kmg'
[stage C] AGENT JOINED @ +1.26s (agent-AJ_VLYTzx9m5Kmg)
[evt] track_subscribed kind=1 from=agent-AJ_VLYTzx9m5Kmg
[stage C] AUDIO TRACK SUBSCRIBED @ +1.58s

=== STAGE D: wait for pre-roll (0.5s) ===
[stage D] pre-roll audio: 0 non-silent frames, peak 2

=== STAGE E: publish caller audio (2.4s) ===
[stage E] track published @ +2.11s
[stage E] publish ended @ +4.66s

=== STAGE F: wait up to 30.0s for agent reply ===
[stage F] filler-skip-window: 2.5s after pub-end
[stage F] + 0.50s after pub-end | reply_peak=2 useful_peak=0 (0 = silence)
[stage F] + 1.00s after pub-end | reply_peak=2 useful_peak=0 (0 = silence)
[stage F] + 1.50s after pub-end | reply_peak=2 useful_peak=0 (0 = silence)
[stage F] AGENT REPLY DETECTED (raw) @ +6.67s (2.00s after caller end), peak 25325
[stage F] + 2.00s after pub-end | reply_peak=25325 useful_peak=0 (0 = silence)
[stage F] + 2.50s after pub-end | reply_peak=25325 useful_peak=0 (0 = silence)
[stage F] + 3.00s after pub-end | reply_peak=25325 useful_peak=17113 (0 = silence)
[stage F] listening 1.0s more to confirm sustained speech ...
[evt] disconnected reason=1

======================================================================
RESULT
======================================================================
agent_joined          : YES
audio_track_subscribed: YES
preroll_speech_frames : 0 (peak 2)
reply_speech_amp_max  : 26068
reply_latency_after_pubend: +2.00s
filler_skip_window_s  : 2.5
useful_reply_amp_max  : 26068
first_useful_audio_after_speech_ms: NEVER
first_audio_after_speech_ms: 2003
useful_audio_skipped_filler=False raw_to_useful_delta_ms=-1
total_speech_frames   : 207
global_peak_amplitude : 26068
first_segment_min_ms  : 200.0
tts_total_ms          : 4508
useful_audio_duration_ms: 1120
VERDICT: PASS — full turn round-trip works
