Nvidia Encoder is supported.
Nvidia Decoder is supported.
=== STAGE A: generate caller audio for "There's a fire on the second floor. We're trapped." ===
[gen] synthesizing caller audio: "There's a fire on the second floor. We're trapped."
[gen] got 221,228 bytes (2.51s of audio at 44100Hz)
[gen] resampled to 48000Hz, duration 2.51s

=== STAGE B: mint session + token via https://prism42-console.vercel.app ===
[mint] session_id=65cc50d4-e4c1-22cc-743a-d578c474a9aa url=wss://ai-therapy-v3svfd9o.livekit.cloud

=== STAGE C: connect + listen ===
[stage C] connected @ +0.66s
[evt] participant_connected: identity='agent-AJ_XhG4PMdci3Tr'
[stage C] AGENT JOINED @ +1.14s (agent-AJ_XhG4PMdci3Tr)
[evt] track_subscribed kind=1 from=agent-AJ_XhG4PMdci3Tr
[stage C] AUDIO TRACK SUBSCRIBED @ +1.50s

=== STAGE D: wait for pre-roll (0.5s) ===
[stage D] pre-roll audio: 0 non-silent frames, peak 2

=== STAGE E: publish caller audio (2.5s) ===
[stage E] track published @ +2.03s
[stage E] publish ended @ +4.63s

=== STAGE F: wait up to 30.0s for agent reply ===
[stage F] filler-skip-window: 2.5s after pub-end
[stage F] + 0.50s after pub-end | reply_peak=2 useful_peak=0 (0 = silence)
[stage F] + 1.00s after pub-end | reply_peak=2 useful_peak=0 (0 = silence)
[stage F] + 1.50s after pub-end | reply_peak=2 useful_peak=0 (0 = silence)
[stage F] + 2.00s after pub-end | reply_peak=2 useful_peak=0 (0 = silence)
[stage F] AGENT REPLY DETECTED (raw) @ +7.13s (2.50s after caller end), peak 22768
[stage F] + 2.50s after pub-end | reply_peak=22768 useful_peak=0 (0 = silence)
[stage F] AGENT USEFUL REPLY DETECTED @ +7.34s (2.71s after caller end), peak 25450
[stage F] listening 1.0s more to confirm sustained speech ...
[evt] disconnected reason=1

======================================================================
RESULT
======================================================================
agent_joined          : YES
audio_track_subscribed: YES
preroll_speech_frames : 0 (peak 2)
reply_speech_amp_max  : 25450
reply_latency_after_pubend: +2.50s
filler_skip_window_s  : 2.5
useful_reply_amp_max  : 25450
first_useful_audio_after_speech_ms: 2708
first_audio_after_speech_ms: 2503
useful_audio_skipped_filler=True raw_to_useful_delta_ms=204
total_speech_frames   : 159
global_peak_amplitude : 25450
first_segment_min_ms  : 200.0
tts_total_ms          : 3997
useful_audio_duration_ms: 1290
VERDICT: PASS — full turn round-trip works
