Nvidia Encoder is supported.
Nvidia Decoder is supported.
=== STAGE A: generate caller audio for "My power's out, is there an outage?" ===
[gen] synthesizing caller audio: "My power's out, is there an outage?"
[gen] got 217,132 bytes (2.46s of audio at 44100Hz)
[gen] resampled to 48000Hz, duration 2.46s

=== STAGE B: mint session + token via https://prism42-console.vercel.app ===
[mint] session_id=31379353-4b7e-b6ce-92e6-f384905c1664 url=wss://ai-therapy-v3svfd9o.livekit.cloud

=== STAGE C: connect + listen ===
[stage C] connected @ +0.61s
[evt] participant_connected: identity='agent-AJ_ri6fkUpW9C4d'
[stage C] AGENT JOINED @ +1.13s (agent-AJ_ri6fkUpW9C4d)
[evt] track_subscribed kind=1 from=agent-AJ_ri6fkUpW9C4d
[stage C] AUDIO TRACK SUBSCRIBED @ +1.44s

=== STAGE D: wait for pre-roll (0.5s) ===
[stage D] pre-roll audio: 0 non-silent frames, peak 2

=== STAGE E: publish caller audio (2.5s) ===
[stage E] track published @ +1.98s
[stage E] publish ended @ +4.53s

=== STAGE F: wait up to 30.0s for agent reply ===
[stage F] filler-skip-window: 2.5s after pub-end
[stage F] + 0.50s after pub-end | reply_peak=2 useful_peak=0 (0 = silence)
[stage F] + 1.00s after pub-end | reply_peak=2 useful_peak=0 (0 = silence)
[stage F] + 1.50s after pub-end | reply_peak=2 useful_peak=0 (0 = silence)
[stage F] + 2.00s after pub-end | reply_peak=2 useful_peak=0 (0 = silence)
[stage F] + 2.50s after pub-end | reply_peak=2 useful_peak=0 (0 = silence)
[stage F] AGENT REPLY DETECTED (raw) @ +7.53s (3.00s after caller end), peak 21772
[stage F] AGENT USEFUL REPLY DETECTED @ +7.31s (2.78s after caller end), peak 21772
[stage F] listening 1.0s more to confirm sustained speech ...
[evt] disconnected reason=1

======================================================================
RESULT
======================================================================
agent_joined          : YES
audio_track_subscribed: YES
preroll_speech_frames : 0 (peak 2)
reply_speech_amp_max  : 24783
reply_latency_after_pubend: +3.00s
filler_skip_window_s  : 2.5
useful_reply_amp_max  : 24783
first_useful_audio_after_speech_ms: 2779
first_audio_after_speech_ms: 3004
useful_audio_skipped_filler=False raw_to_useful_delta_ms=-225
total_speech_frames   : 135
global_peak_amplitude : 24783
first_segment_min_ms  : 200.0
tts_total_ms          : 3969
useful_audio_duration_ms: 1190
VERDICT: PASS — full turn round-trip works
