Pseudo-terminal will not be allocated because stdin is not a terminal.
Nvidia Encoder is supported.
Nvidia Decoder is supported.
=== STAGE A: generate caller audio for 'There is a domestic happening next door.' ===
[gen] synthesizing caller audio: 'There is a domestic happening next door.'
[gen] got 213,036 bytes (2.42s of audio at 44100Hz)
[gen] resampled to 48000Hz, duration 2.42s

=== STAGE B: mint session + token via https://prism42-console.vercel.app ===
[mint] session_id=0e53eaf7-8393-d790-c16f-59c2f5eebce7 url=wss://ai-therapy-v3svfd9o.livekit.cloud

=== STAGE C: connect + listen ===
[stage C] connected @ +0.66s
[evt] participant_connected: identity='agent-AJ_VXwymobZzVPV'
[stage C] AGENT JOINED @ +1.19s (agent-AJ_VXwymobZzVPV)
[evt] track_subscribed kind=1 from=agent-AJ_VXwymobZzVPV
[stage C] AUDIO TRACK SUBSCRIBED @ +1.55s

=== STAGE D: wait for pre-roll (4s) ===
[stage D] pre-roll audio: 0 non-silent frames, peak 2

=== STAGE E: publish caller audio (2.4s) ===
[stage E] track published @ +5.58s
[stage E] publish ended @ +8.22s

=== STAGE F: wait up to 25s for agent reply ===
[stage F] AGENT REPLY DETECTED @ +8.72s (0.50s after caller end), peak 18975
[stage F] listening 5s more to confirm sustained speech ...
[evt] disconnected reason=1

======================================================================
RESULT
======================================================================
agent_joined          : YES
audio_track_subscribed: YES
preroll_speech_frames : 0 (peak 2)
reply_speech_amp_max  : 23732
reply_latency_after_pubend: +0.50s
total_speech_frames   : 285
global_peak_amplitude : 26415
VERDICT: pre-roll never spoke (TTS broken)
