Pseudo-terminal will not be allocated because stdin is not a terminal.
Nvidia Encoder is supported.
Nvidia Decoder is supported.
=== STAGE A: generate caller audio for 'There is a fire on the second floor. We are trapped.' ===
[gen] synthesizing caller audio: 'There is a fire on the second floor. We are trapped.'
[gen] got 311,340 bytes (3.53s of audio at 44100Hz)
[gen] resampled to 48000Hz, duration 3.53s

=== STAGE B: mint session + token via https://prism42-console.vercel.app ===
[mint] session_id=4ca9661e-6673-0d61-c2e0-04a135daa06a url=wss://ai-therapy-v3svfd9o.livekit.cloud

=== STAGE C: connect + listen ===
[stage C] connected @ +0.69s
[evt] participant_connected: identity='agent-AJ_jgYMKH8DawpR'
[stage C] AGENT JOINED @ +1.17s (agent-AJ_jgYMKH8DawpR)
[evt] track_subscribed kind=1 from=agent-AJ_jgYMKH8DawpR
[stage C] AUDIO TRACK SUBSCRIBED @ +1.49s

=== STAGE D: wait for pre-roll (4s) ===
[stage D] pre-roll audio: 0 non-silent frames, peak 2

=== STAGE E: publish caller audio (3.5s) ===
[stage E] track published @ +5.52s
[stage E] publish ended @ +9.28s

=== STAGE F: wait up to 25s for agent reply ===
[stage F] + 0.50s after pub-end | reply_peak=2 (0 = silence)
[stage F] + 1.00s after pub-end | reply_peak=2 (0 = silence)
[stage F] + 1.50s after pub-end | reply_peak=2 (0 = silence)
[stage F] + 2.00s after pub-end | reply_peak=2 (0 = silence)
[stage F] + 2.50s after pub-end | reply_peak=2 (0 = silence)
[stage F] + 3.00s after pub-end | reply_peak=2 (0 = silence)
[stage F] + 3.50s after pub-end | reply_peak=2 (0 = silence)
[stage F] + 4.01s after pub-end | reply_peak=2 (0 = silence)
[stage F] + 4.51s after pub-end | reply_peak=2 (0 = silence)
[stage F] + 5.01s after pub-end | reply_peak=2 (0 = silence)
[stage F] + 5.51s after pub-end | reply_peak=2 (0 = silence)
[stage F] + 6.01s after pub-end | reply_peak=2 (0 = silence)
[stage F] + 6.51s after pub-end | reply_peak=2 (0 = silence)
[stage F] AGENT REPLY DETECTED @ +16.29s (7.01s after caller end), peak 21848
[stage F] listening 5s more to confirm sustained speech ...
[evt] disconnected reason=1

======================================================================
RESULT
======================================================================
agent_joined          : YES
audio_track_subscribed: YES
preroll_speech_frames : 0 (peak 2)
reply_speech_amp_max  : 25364
reply_latency_after_pubend: +7.01s
total_speech_frames   : 518
global_peak_amplitude : 26815
VERDICT: pre-roll never spoke (TTS broken)
