Pseudo-terminal will not be allocated because stdin is not a terminal.
Nvidia Encoder is supported.
Nvidia Decoder is supported.
=== STAGE A: generate caller audio for 'I just got hit by a car at the intersection of fifth and main.' ===
[gen] synthesizing caller audio: 'I just got hit by a car at the intersection of fifth and main.'
[gen] got 319,532 bytes (3.62s of audio at 44100Hz)
[gen] resampled to 48000Hz, duration 3.62s

=== STAGE B: mint session + token via https://prism42-console.vercel.app ===
[mint] session_id=e5f66cd6-445c-f0f6-dfd2-3daceeda6e10 url=wss://ai-therapy-v3svfd9o.livekit.cloud

=== STAGE C: connect + listen ===
[stage C] connected @ +0.70s
[evt] participant_connected: identity='agent-AJ_wm74G2JV2xqn'
[stage C] AGENT JOINED @ +1.19s (agent-AJ_wm74G2JV2xqn)
[evt] track_subscribed kind=1 from=agent-AJ_wm74G2JV2xqn
[stage C] AUDIO TRACK SUBSCRIBED @ +1.51s

=== STAGE D: wait for pre-roll (4s) ===
[stage D] pre-roll audio: 0 non-silent frames, peak 2

=== STAGE E: publish caller audio (3.6s) ===
[stage E] track published @ +5.54s
[stage E] publish ended @ +9.43s

=== STAGE F: wait up to 25s for agent reply ===
[stage F] + 0.50s after pub-end | reply_peak=1 (0 = silence)
[stage F] + 1.00s after pub-end | reply_peak=2 (0 = silence)
[stage F] + 1.50s after pub-end | reply_peak=2 (0 = silence)
[stage F] + 2.00s after pub-end | reply_peak=2 (0 = silence)
[stage F] + 2.50s after pub-end | reply_peak=2 (0 = silence)
[stage F] + 3.01s after pub-end | reply_peak=2 (0 = silence)
[stage F] + 3.51s after pub-end | reply_peak=2 (0 = silence)
[stage F] + 4.01s after pub-end | reply_peak=2 (0 = silence)
[stage F] + 4.51s after pub-end | reply_peak=2 (0 = silence)
[stage F] AGENT REPLY DETECTED @ +14.44s (5.01s after caller end), peak 24565
[stage F] listening 5s more to confirm sustained speech ...
[evt] disconnected reason=1

======================================================================
RESULT
======================================================================
agent_joined          : YES
audio_track_subscribed: YES
preroll_speech_frames : 0 (peak 2)
reply_speech_amp_max  : 24565
reply_latency_after_pubend: +5.01s
total_speech_frames   : 490
global_peak_amplitude : 26725
VERDICT: pre-roll never spoke (TTS broken)
