Pseudo-terminal will not be allocated because stdin is not a terminal.
Nvidia Encoder is supported.
Nvidia Decoder is supported.
=== STAGE A: generate caller audio for 'Someone broke into my house and I think they are still here.' ===
[gen] synthesizing caller audio: 'Someone broke into my house and I think they are still here.'
[gen] got 294,956 bytes (3.34s of audio at 44100Hz)
[gen] resampled to 48000Hz, duration 3.34s

=== STAGE B: mint session + token via https://prism42-console.vercel.app ===
[mint] session_id=239a467b-4264-fe9e-1969-af3cb27c9e0d url=wss://ai-therapy-v3svfd9o.livekit.cloud

=== STAGE C: connect + listen ===
[stage C] connected @ +0.64s
[evt] participant_connected: identity='agent-AJ_tmJ5NDYgZWFt'
[stage C] AGENT JOINED @ +1.17s (agent-AJ_tmJ5NDYgZWFt)
[evt] track_subscribed kind=1 from=agent-AJ_tmJ5NDYgZWFt
[stage C] AUDIO TRACK SUBSCRIBED @ +1.54s

=== STAGE D: wait for pre-roll (4s) ===
[stage D] pre-roll audio: 0 non-silent frames, peak 2

=== STAGE E: publish caller audio (3.3s) ===
[stage E] track published @ +5.58s
[stage E] publish ended @ +9.27s

=== STAGE F: wait up to 25s for agent reply ===
[stage F] + 0.50s after pub-end | reply_peak=2 (0 = silence)
[stage F] + 1.00s after pub-end | reply_peak=2 (0 = silence)
[stage F] + 1.50s after pub-end | reply_peak=2 (0 = silence)
[stage F] + 2.00s after pub-end | reply_peak=2 (0 = silence)
[stage F] + 2.50s after pub-end | reply_peak=2 (0 = silence)
[stage F] + 3.00s after pub-end | reply_peak=2 (0 = silence)
[stage F] + 3.51s after pub-end | reply_peak=2 (0 = silence)
[stage F] + 4.01s after pub-end | reply_peak=2 (0 = silence)
[stage F] + 4.51s after pub-end | reply_peak=2 (0 = silence)
[stage F] + 5.01s after pub-end | reply_peak=2 (0 = silence)
[stage F] + 5.51s after pub-end | reply_peak=2 (0 = silence)
[stage F] AGENT REPLY DETECTED @ +15.27s (6.01s after caller end), peak 22220
[stage F] listening 5s more to confirm sustained speech ...
[evt] disconnected reason=1

======================================================================
RESULT
======================================================================
agent_joined          : YES
audio_track_subscribed: YES
preroll_speech_frames : 0 (peak 2)
reply_speech_amp_max  : 22220
reply_latency_after_pubend: +6.01s
total_speech_frames   : 431
global_peak_amplitude : 26888
VERDICT: pre-roll never spoke (TTS broken)
