Pseudo-terminal will not be allocated because stdin is not a terminal.
Nvidia Encoder is supported.
Nvidia Decoder is supported.
=== STAGE A: generate caller audio for 'My toddler swallowed a battery.' ===
[gen] synthesizing caller audio: 'My toddler swallowed a battery.'
[gen] got 200,748 bytes (2.28s of audio at 44100Hz)
[gen] resampled to 48000Hz, duration 2.28s

=== STAGE B: mint session + token via https://prism42-console.vercel.app ===
[mint] session_id=38f14b5f-5f0a-5a1c-6e4d-2a0912f066a2 url=wss://ai-therapy-v3svfd9o.livekit.cloud

=== STAGE C: connect + listen ===
[stage C] connected @ +0.69s
[evt] participant_connected: identity='agent-AJ_pgCnZsvV9cg2'
[stage C] AGENT JOINED @ +1.17s (agent-AJ_pgCnZsvV9cg2)
[evt] track_subscribed kind=1 from=agent-AJ_pgCnZsvV9cg2
[stage C] AUDIO TRACK SUBSCRIBED @ +1.49s

=== STAGE D: wait for pre-roll (4s) ===
[stage D] pre-roll audio: 0 non-silent frames, peak 2

=== STAGE E: publish caller audio (2.3s) ===
[stage E] track published @ +5.53s
[stage E] publish ended @ +8.02s

=== STAGE F: wait up to 25s for agent reply ===
[stage F] AGENT REPLY DETECTED @ +8.52s (0.50s after caller end), peak 22020
[stage F] listening 5s more to confirm sustained speech ...
[evt] disconnected reason=1

======================================================================
RESULT
======================================================================
agent_joined          : YES
audio_track_subscribed: YES
preroll_speech_frames : 0 (peak 2)
reply_speech_amp_max  : 22020
reply_latency_after_pubend: +0.50s
total_speech_frames   : 200
global_peak_amplitude : 26307
VERDICT: pre-roll never spoke (TTS broken)
