Pseudo-terminal will not be allocated because stdin is not a terminal.
Nvidia Encoder is supported.
Nvidia Decoder is supported.
=== STAGE A: generate caller audio for 'I want to report a stolen vehicle from last night.' ===
[gen] synthesizing caller audio: 'I want to report a stolen vehicle from last night.'
[gen] got 274,476 bytes (3.11s of audio at 44100Hz)
[gen] resampled to 48000Hz, duration 3.11s

=== STAGE B: mint session + token via https://prism42-console.vercel.app ===
[mint] session_id=3d63890a-535d-d0a1-cc20-9fd55b18a660 url=wss://ai-therapy-v3svfd9o.livekit.cloud

=== STAGE C: connect + listen ===
[stage C] connected @ +0.67s
[evt] participant_connected: identity='agent-AJ_VtEvnqraPfEA'
[stage C] AGENT JOINED @ +1.15s (agent-AJ_VtEvnqraPfEA)
[evt] track_subscribed kind=1 from=agent-AJ_VtEvnqraPfEA
[stage C] AUDIO TRACK SUBSCRIBED @ +1.52s

=== STAGE D: wait for pre-roll (4s) ===
[stage D] pre-roll audio: 0 non-silent frames, peak 2

=== STAGE E: publish caller audio (3.1s) ===
[stage E] track published @ +5.55s
[stage E] publish ended @ +8.95s

=== STAGE F: wait up to 25s for agent reply ===
[stage F] + 0.50s after pub-end | reply_peak=1 (0 = silence)
[stage F] + 1.00s after pub-end | reply_peak=2 (0 = silence)
[stage F] + 1.50s after pub-end | reply_peak=2 (0 = silence)
[stage F] + 2.00s after pub-end | reply_peak=2 (0 = silence)
[stage F] + 2.50s after pub-end | reply_peak=2 (0 = silence)
[stage F] + 3.00s after pub-end | reply_peak=2 (0 = silence)
[stage F] + 3.51s after pub-end | reply_peak=2 (0 = silence)
[stage F] + 4.01s after pub-end | reply_peak=2 (0 = silence)
[stage F] + 4.51s after pub-end | reply_peak=2 (0 = silence)
[stage F] + 5.01s after pub-end | reply_peak=2 (0 = silence)
[stage F] AGENT REPLY DETECTED @ +14.46s (5.51s after caller end), peak 24211
[stage F] listening 5s more to confirm sustained speech ...
[evt] disconnected reason=1

======================================================================
RESULT
======================================================================
agent_joined          : YES
audio_track_subscribed: YES
preroll_speech_frames : 0 (peak 2)
reply_speech_amp_max  : 24218
reply_latency_after_pubend: +5.51s
total_speech_frames   : 441
global_peak_amplitude : 26468
VERDICT: pre-roll never spoke (TTS broken)
