=== smoke-off turn 1: I think I am having a heart attack. Chest pain and short of breath. ===
Pseudo-terminal will not be allocated because stdin is not a terminal.
Nvidia Encoder is supported.
Nvidia Decoder is supported.
=== STAGE A: generate caller audio for 'I think I am having a heart attack. Chest pain and short of breath.' ===
[gen] synthesizing caller audio: 'I think I am having a heart attack. Chest pain and short of breath.'
[gen] got 356,396 bytes (4.04s of audio at 44100Hz)
[gen] resampled to 48000Hz, duration 4.04s

=== STAGE B: mint session + token via https://prism42-console.vercel.app ===
[mint] session_id=73f36cee-086b-1e35-299d-445f4ac3785e url=wss://ai-therapy-v3svfd9o.livekit.cloud

=== STAGE C: connect + listen ===
[stage C] connected @ +0.64s
[evt] participant_connected: identity='agent-AJ_iwjRKp82bLiB'
[stage C] AGENT JOINED @ +1.68s (agent-AJ_iwjRKp82bLiB)
[evt] track_subscribed kind=1 from=agent-AJ_iwjRKp82bLiB
[stage C] AUDIO TRACK SUBSCRIBED @ +2.06s

=== STAGE D: wait for pre-roll (0.5s) ===
[stage D] pre-roll audio: 0 non-silent frames, peak 2

=== STAGE E: publish caller audio (4.0s) ===
[stage E] track published @ +2.59s
[stage E] publish ended @ +6.92s

=== STAGE F: wait up to 30.0s for agent reply ===
[stage F] filler-skip-window: 2.5s after pub-end
[stage F] + 0.50s after pub-end | reply_peak=1 useful_peak=0 (0 = silence)
[stage F] + 1.00s after pub-end | reply_peak=2 useful_peak=0 (0 = silence)
[stage F] + 1.50s after pub-end | reply_peak=2 useful_peak=0 (0 = silence)
[stage F] + 2.00s after pub-end | reply_peak=2 useful_peak=0 (0 = silence)
[stage F] AGENT REPLY DETECTED (raw) @ +9.43s (2.50s after caller end), peak 22682
[stage F] + 2.50s after pub-end | reply_peak=22682 useful_peak=0 (0 = silence)
[stage F] AGENT USEFUL REPLY DETECTED @ +9.43s (2.51s after caller end), peak 24365
[stage F] listening 1.0s more to confirm sustained speech ...

======================================================================
RESULT
======================================================================
agent_joined          : YES
audio_track_subscribed: YES
preroll_speech_frames : 0 (peak 2)
reply_speech_amp_max  : 24669
reply_latency_after_pubend: +2.50s
filler_skip_window_s  : 2.5
useful_reply_amp_max  : 24669
first_useful_audio_after_speech_ms: 2507
first_audio_after_speech_ms: 2504
useful_audio_skipped_filler=False raw_to_useful_delta_ms=3
total_speech_frames   : 142
global_peak_amplitude : 24669
first_segment_min_ms  : 200.0
tts_total_ms          : 3997
useful_audio_duration_ms: 1490
VERDICT: PASS — full turn round-trip works
