=== smoke-off turn 2: My neighbor's not breathing. He's on the floor. ===
Pseudo-terminal will not be allocated because stdin is not a terminal.
Nvidia Encoder is supported.
Nvidia Decoder is supported.
=== STAGE A: generate caller audio for "My neighbor's not breathing. He's on the floor." ===
[gen] synthesizing caller audio: "My neighbor's not breathing. He's on the floor."
[gen] got 241,708 bytes (2.74s of audio at 44100Hz)
[gen] resampled to 48000Hz, duration 2.74s

=== STAGE B: mint session + token via https://prism42-console.vercel.app ===
[mint] session_id=b151d81c-1896-2ede-3be9-22ed10996ec3 url=wss://ai-therapy-v3svfd9o.livekit.cloud

=== STAGE C: connect + listen ===
[stage C] connected @ +0.62s
[evt] participant_connected: identity='agent-AJ_p6eFEJhvwtBj'
[stage C] AGENT JOINED @ +1.15s (agent-AJ_p6eFEJhvwtBj)
[evt] track_subscribed kind=1 from=agent-AJ_p6eFEJhvwtBj
[stage C] AUDIO TRACK SUBSCRIBED @ +1.52s

=== STAGE D: wait for pre-roll (0.5s) ===
[stage D] pre-roll audio: 0 non-silent frames, peak 2

=== STAGE E: publish caller audio (2.7s) ===
[stage E] track published @ +2.05s
[stage E] publish ended @ +5.07s

=== STAGE F: wait up to 30.0s for agent reply ===
[stage F] filler-skip-window: 2.5s after pub-end
[stage F] + 0.50s after pub-end | reply_peak=1 useful_peak=0 (0 = silence)
[stage F] + 1.00s after pub-end | reply_peak=1 useful_peak=0 (0 = silence)
[stage F] + 1.50s after pub-end | reply_peak=2 useful_peak=0 (0 = silence)
[stage F] + 2.00s after pub-end | reply_peak=2 useful_peak=0 (0 = silence)
[stage F] + 2.50s after pub-end | reply_peak=2 useful_peak=0 (0 = silence)
[stage F] + 3.00s after pub-end | reply_peak=2 useful_peak=1 (0 = silence)
[stage F] + 3.51s after pub-end | reply_peak=2 useful_peak=1 (0 = silence)
[stage F] + 4.01s after pub-end | reply_peak=2 useful_peak=2 (0 = silence)
[stage F] AGENT REPLY DETECTED (raw) @ +9.57s (4.51s after caller end), peak 23406
[stage F] AGENT USEFUL REPLY DETECTED @ +9.18s (4.12s after caller end), peak 23406
[stage F] listening 1.0s more to confirm sustained speech ...
[evt] disconnected reason=1

======================================================================
RESULT
======================================================================
agent_joined          : YES
audio_track_subscribed: YES
preroll_speech_frames : 0 (peak 2)
reply_speech_amp_max  : 23406
reply_latency_after_pubend: +4.51s
filler_skip_window_s  : 2.5
useful_reply_amp_max  : 23406
first_useful_audio_after_speech_ms: 4116
first_audio_after_speech_ms: 4508
useful_audio_skipped_filler=False raw_to_useful_delta_ms=-391
total_speech_frames   : 132
global_peak_amplitude : 23406
first_segment_min_ms  : 200.0
tts_total_ms          : 5506
useful_audio_duration_ms: 1390
VERDICT: PASS — full turn round-trip works
