Nvidia Encoder is supported.
Nvidia Decoder is supported.
=== STAGE A: generate caller audio for "There's a domestic happening next door." ===
[gen] synthesizing caller audio: "There's a domestic happening next door."
[gen] got 245,804 bytes (2.79s of audio at 44100Hz)
[gen] resampled to 48000Hz, duration 2.79s

=== STAGE B: mint session + token via https://prism42-console.vercel.app ===
[mint] session_id=6c84e813-b986-b9db-5b85-5738e10ff64b url=wss://ai-therapy-v3svfd9o.livekit.cloud

=== STAGE C: connect + listen ===
[stage C] connected @ +0.73s
[evt] participant_connected: identity='agent-AJ_sTMgRFvo6MPY'
[stage C] AGENT JOINED @ +1.21s (agent-AJ_sTMgRFvo6MPY)
[evt] track_subscribed kind=1 from=agent-AJ_sTMgRFvo6MPY
[stage C] AUDIO TRACK SUBSCRIBED @ +1.52s

=== STAGE D: wait for pre-roll (0.5s) ===
[stage D] pre-roll audio: 0 non-silent frames, peak 2

=== STAGE E: publish caller audio (2.8s) ===
[stage E] track published @ +2.06s
[stage E] publish ended @ +5.15s

=== STAGE F: wait up to 30.0s for agent reply ===
[stage F] filler-skip-window: 2.5s after pub-end
[stage F] + 0.50s after pub-end | reply_peak=1 useful_peak=0 (0 = silence)
[stage F] + 1.00s after pub-end | reply_peak=1 useful_peak=0 (0 = silence)
[stage F] + 1.50s after pub-end | reply_peak=2 useful_peak=0 (0 = silence)
[stage F] AGENT REPLY DETECTED (raw) @ +7.15s (2.00s after caller end), peak 21673
[stage F] + 2.00s after pub-end | reply_peak=21673 useful_peak=0 (0 = silence)
[stage F] AGENT USEFUL REPLY DETECTED @ +7.65s (2.50s after caller end), peak 19842
[stage F] listening 1.0s more to confirm sustained speech ...
[evt] disconnected reason=1

======================================================================
RESULT
======================================================================
agent_joined          : YES
audio_track_subscribed: YES
preroll_speech_frames : 0 (peak 2)
reply_speech_amp_max  : 24960
reply_latency_after_pubend: +2.00s
filler_skip_window_s  : 2.5
useful_reply_amp_max  : 24960
first_useful_audio_after_speech_ms: 2501
first_audio_after_speech_ms: 2003
useful_audio_skipped_filler=True raw_to_useful_delta_ms=498
total_speech_frames   : 163
global_peak_amplitude : 24960
VERDICT: PASS — full turn round-trip works
