Nvidia Encoder is supported.
Nvidia Decoder is supported.
=== STAGE A: generate caller audio for "There's a fire on the second floor. We're trapped." ===
[gen] synthesizing caller audio: "There's a fire on the second floor. We're trapped."
[gen] got 270,380 bytes (3.07s of audio at 44100Hz)
[gen] resampled to 48000Hz, duration 3.07s

=== STAGE B: mint session + token via https://prism42-console.vercel.app ===
[mint] session_id=a1a86230-f743-6b47-8b9c-9b4cab79d9e1 url=wss://ai-therapy-v3svfd9o.livekit.cloud

=== STAGE C: connect + listen ===
[stage C] connected @ +0.72s
[evt] participant_connected: identity='agent-AJ_bykGTFC2k8QS'
[stage C] AGENT JOINED @ +1.14s (agent-AJ_bykGTFC2k8QS)
[evt] track_subscribed kind=1 from=agent-AJ_bykGTFC2k8QS
[stage C] AUDIO TRACK SUBSCRIBED @ +1.45s

=== STAGE D: wait for pre-roll (0.5s) ===
[stage D] pre-roll audio: 0 non-silent frames, peak 2

=== STAGE E: publish caller audio (3.1s) ===
[stage E] track published @ +1.98s
[stage E] publish ended @ +5.29s

=== STAGE F: wait up to 30.0s for agent reply ===
[stage F] filler-skip-window: 2.5s after pub-end
[stage F] + 0.50s after pub-end | reply_peak=1 useful_peak=0 (0 = silence)
[stage F] + 1.00s after pub-end | reply_peak=2 useful_peak=0 (0 = silence)
[stage F] + 1.50s after pub-end | reply_peak=2 useful_peak=0 (0 = silence)
[stage F] AGENT REPLY DETECTED (raw) @ +7.29s (2.00s after caller end), peak 20685
[stage F] + 2.00s after pub-end | reply_peak=20685 useful_peak=0 (0 = silence)
[stage F] AGENT USEFUL REPLY DETECTED @ +7.79s (2.50s after caller end), peak 1777
[stage F] listening 1.0s more to confirm sustained speech ...
[evt] disconnected reason=1

======================================================================
RESULT
======================================================================
agent_joined          : YES
audio_track_subscribed: YES
preroll_speech_frames : 0 (peak 2)
reply_speech_amp_max  : 25498
reply_latency_after_pubend: +2.00s
filler_skip_window_s  : 2.5
useful_reply_amp_max  : 24563
first_useful_audio_after_speech_ms: 2502
first_audio_after_speech_ms: 2004
useful_audio_skipped_filler=True raw_to_useful_delta_ms=499
total_speech_frames   : 147
global_peak_amplitude : 25498
VERDICT: PASS — full turn round-trip works
