Nvidia Encoder is supported.
Nvidia Decoder is supported.
=== STAGE A: generate caller audio for 'I want to report a stolen vehicle from last night.' ===
[gen] synthesizing caller audio: 'I want to report a stolen vehicle from last night.'
[gen] got 303,148 bytes (3.44s of audio at 44100Hz)
[gen] resampled to 48000Hz, duration 3.44s

=== STAGE B: mint session + token via https://prism42-console.vercel.app ===
[mint] session_id=994821f7-2056-3c28-78e4-468329f7dd5c url=wss://ai-therapy-v3svfd9o.livekit.cloud

=== STAGE C: connect + listen ===
[stage C] connected @ +0.65s
[evt] participant_connected: identity='agent-AJ_vbYrdTzxFejz'
[stage C] AGENT JOINED @ +1.13s (agent-AJ_vbYrdTzxFejz)
[evt] track_subscribed kind=1 from=agent-AJ_vbYrdTzxFejz
[stage C] AUDIO TRACK SUBSCRIBED @ +1.55s

=== STAGE D: wait for pre-roll (0.5s) ===
[stage D] pre-roll audio: 0 non-silent frames, peak 2

=== STAGE E: publish caller audio (3.4s) ===
[stage E] track published @ +2.09s
[stage E] publish ended @ +5.86s

=== STAGE F: wait up to 30.0s for agent reply ===
[stage F] filler-skip-window: 2.5s after pub-end
[stage F] + 0.50s after pub-end | reply_peak=2 useful_peak=0 (0 = silence)
[stage F] + 1.00s after pub-end | reply_peak=2 useful_peak=0 (0 = silence)
[stage F] + 1.50s after pub-end | reply_peak=2 useful_peak=0 (0 = silence)
[stage F] + 2.00s after pub-end | reply_peak=2 useful_peak=0 (0 = silence)
[stage F] AGENT REPLY DETECTED (raw) @ +8.37s (2.51s after caller end), peak 17794
[stage F] AGENT USEFUL REPLY DETECTED @ +8.37s (2.50s after caller end), peak 16450
[stage F] listening 1.0s more to confirm sustained speech ...
[evt] disconnected reason=1

======================================================================
RESULT
======================================================================
agent_joined          : YES
audio_track_subscribed: YES
preroll_speech_frames : 0 (peak 2)
reply_speech_amp_max  : 22743
reply_latency_after_pubend: +2.51s
filler_skip_window_s  : 2.5
useful_reply_amp_max  : 22743
first_useful_audio_after_speech_ms: 2504
first_audio_after_speech_ms: 2505
useful_audio_skipped_filler=False raw_to_useful_delta_ms=-1
total_speech_frames   : 104
global_peak_amplitude : 22743
VERDICT: PASS — full turn round-trip works
