Nvidia Encoder is supported.
Nvidia Decoder is supported.
=== STAGE A: generate caller audio for 'I want to report a noise complaint.' ===
[gen] synthesizing caller audio: 'I want to report a noise complaint.'
[gen] got 200,748 bytes (2.28s of audio at 44100Hz)
[gen] resampled to 48000Hz, duration 2.28s

=== STAGE B: mint session + token via https://prism42-console.vercel.app ===
[mint] session_id=27dd3a1d-3e01-6333-8d81-c9f6c225e21a url=wss://ai-therapy-v3svfd9o.livekit.cloud

=== STAGE C: connect + listen ===
[stage C] connected @ +0.71s
[evt] participant_connected: identity='agent-AJ_RQ4cJuMYAohm'
[stage C] AGENT JOINED @ +1.18s (agent-AJ_RQ4cJuMYAohm)
[evt] track_subscribed kind=1 from=agent-AJ_RQ4cJuMYAohm
[stage C] AUDIO TRACK SUBSCRIBED @ +1.49s

=== STAGE D: wait for pre-roll (0.5s) ===
[stage D] pre-roll audio: 0 non-silent frames, peak 2

=== STAGE E: publish caller audio (2.3s) ===
[stage E] track published @ +2.02s
[stage E] publish ended @ +4.46s

=== STAGE F: wait up to 30.0s for agent reply ===
[stage F] filler-skip-window: 2.5s after pub-end
[stage F] + 0.50s after pub-end | reply_peak=1 useful_peak=0 (0 = silence)
[stage F] + 1.00s after pub-end | reply_peak=2 useful_peak=0 (0 = silence)
[stage F] + 1.50s after pub-end | reply_peak=2 useful_peak=0 (0 = silence)
[stage F] + 2.00s after pub-end | reply_peak=2 useful_peak=0 (0 = silence)
[stage F] + 2.50s after pub-end | reply_peak=2 useful_peak=0 (0 = silence)
[stage F] + 3.00s after pub-end | reply_peak=2 useful_peak=2 (0 = silence)
[stage F] AGENT REPLY DETECTED (raw) @ +7.97s (3.51s after caller end), peak 23411
[stage F] AGENT USEFUL REPLY DETECTED @ +7.59s (3.13s after caller end), peak 23411
[stage F] listening 1.0s more to confirm sustained speech ...
[evt] disconnected reason=1

======================================================================
RESULT
======================================================================
agent_joined          : YES
audio_track_subscribed: YES
preroll_speech_frames : 0 (peak 2)
reply_speech_amp_max  : 24721
reply_latency_after_pubend: +3.51s
filler_skip_window_s  : 2.5
useful_reply_amp_max  : 24721
first_useful_audio_after_speech_ms: 3128
first_audio_after_speech_ms: 3506
useful_audio_skipped_filler=False raw_to_useful_delta_ms=-378
total_speech_frames   : 116
global_peak_amplitude : 24721
VERDICT: PASS — full turn round-trip works
