Nvidia Encoder is supported.
Nvidia Decoder is supported.
=== STAGE A: generate caller audio for "My neighbor's not breathing. He's on the floor." ===
[gen] synthesizing caller audio: "My neighbor's not breathing. He's on the floor."
[gen] got 262,188 bytes (2.97s of audio at 44100Hz)
[gen] resampled to 48000Hz, duration 2.97s

=== STAGE B: mint session + token via https://prism42-console.vercel.app ===
[mint] session_id=fcba712e-b204-fdc8-05f1-034eddc5ea3e url=wss://ai-therapy-v3svfd9o.livekit.cloud

=== STAGE C: connect + listen ===
[stage C] connected @ +0.63s
[evt] participant_connected: identity='agent-AJ_AtCbNifXsJA4'
[stage C] AGENT JOINED @ +1.16s (agent-AJ_AtCbNifXsJA4)
[evt] track_subscribed kind=1 from=agent-AJ_AtCbNifXsJA4
[stage C] AUDIO TRACK SUBSCRIBED @ +1.54s

=== STAGE D: wait for pre-roll (0.5s) ===
[stage D] pre-roll audio: 0 non-silent frames, peak 2

=== STAGE E: publish caller audio (3.0s) ===
[stage E] track published @ +2.07s
[stage E] publish ended @ +5.29s

=== STAGE F: wait up to 30.0s for agent reply ===
[stage F] filler-skip-window: 2.5s after pub-end
[stage F] + 0.50s after pub-end | reply_peak=1 useful_peak=0 (0 = silence)
[stage F] + 1.00s after pub-end | reply_peak=2 useful_peak=0 (0 = silence)
[stage F] + 1.50s after pub-end | reply_peak=2 useful_peak=0 (0 = silence)
[stage F] + 2.00s after pub-end | reply_peak=2 useful_peak=0 (0 = silence)
[stage F] + 2.50s after pub-end | reply_peak=2 useful_peak=0 (0 = silence)
[stage F] + 3.00s after pub-end | reply_peak=2 useful_peak=1 (0 = silence)
[stage F] AGENT REPLY DETECTED (raw) @ +8.79s (3.50s after caller end), peak 21160
[stage F] AGENT USEFUL REPLY DETECTED @ +8.34s (3.05s after caller end), peak 21160
[stage F] listening 1.0s more to confirm sustained speech ...
[evt] disconnected reason=1

======================================================================
RESULT
======================================================================
agent_joined          : YES
audio_track_subscribed: YES
preroll_speech_frames : 0 (peak 2)
reply_speech_amp_max  : 26456
reply_latency_after_pubend: +3.50s
filler_skip_window_s  : 2.5
useful_reply_amp_max  : 26456
first_useful_audio_after_speech_ms: 3048
first_audio_after_speech_ms: 3504
useful_audio_skipped_filler=False raw_to_useful_delta_ms=-457
total_speech_frames   : 115
global_peak_amplitude : 26456
VERDICT: PASS — full turn round-trip works
