Nvidia Encoder is supported.
Nvidia Decoder is supported.
=== STAGE A: generate caller audio for 'I just got hit by a car at the intersection of fifth and main.' ===
[gen] synthesizing caller audio: 'I just got hit by a car at the intersection of fifth and main.'
[gen] got 319,532 bytes (3.62s of audio at 44100Hz)
[gen] resampled to 48000Hz, duration 3.62s

=== STAGE B: mint session + token via https://prism42-console.vercel.app ===
[mint] session_id=4379966e-bb4a-db6b-604b-93b7a0f16504 url=wss://ai-therapy-v3svfd9o.livekit.cloud

=== STAGE C: connect + listen ===
[stage C] connected @ +0.65s
[evt] participant_connected: identity='agent-AJ_GL46ko9UnqEy'
[stage C] AGENT JOINED @ +1.14s (agent-AJ_GL46ko9UnqEy)
[evt] track_subscribed kind=1 from=agent-AJ_GL46ko9UnqEy
[stage C] AUDIO TRACK SUBSCRIBED @ +1.46s

=== STAGE D: wait for pre-roll (0.5s) ===
[stage D] pre-roll audio: 0 non-silent frames, peak 2

=== STAGE E: publish caller audio (3.6s) ===
[stage E] track published @ +1.99s
[stage E] publish ended @ +5.86s

=== STAGE F: wait up to 30.0s for agent reply ===
[stage F] filler-skip-window: 2.5s after pub-end
[stage F] + 0.50s after pub-end | reply_peak=1 useful_peak=0 (0 = silence)
[stage F] + 1.00s after pub-end | reply_peak=1 useful_peak=0 (0 = silence)
[stage F] + 1.50s after pub-end | reply_peak=2 useful_peak=0 (0 = silence)
[stage F] + 2.00s after pub-end | reply_peak=2 useful_peak=0 (0 = silence)
[stage F] + 2.50s after pub-end | reply_peak=2 useful_peak=0 (0 = silence)
[stage F] + 3.00s after pub-end | reply_peak=2 useful_peak=2 (0 = silence)
[stage F] AGENT REPLY DETECTED (raw) @ +9.36s (3.51s after caller end), peak 23214
[stage F] AGENT USEFUL REPLY DETECTED @ +9.00s (3.14s after caller end), peak 23214
[stage F] listening 1.0s more to confirm sustained speech ...
[evt] disconnected reason=1

======================================================================
RESULT
======================================================================
agent_joined          : YES
audio_track_subscribed: YES
preroll_speech_frames : 0 (peak 2)
reply_speech_amp_max  : 24695
reply_latency_after_pubend: +3.51s
filler_skip_window_s  : 2.5
useful_reply_amp_max  : 24695
first_useful_audio_after_speech_ms: 3140
first_audio_after_speech_ms: 3505
useful_audio_skipped_filler=False raw_to_useful_delta_ms=-366
total_speech_frames   : 114
global_peak_amplitude : 24695
VERDICT: PASS — full turn round-trip works
