Nvidia Encoder is supported.
Nvidia Decoder is supported.
=== STAGE A: generate caller audio for 'My toddler swallowed a battery.' ===
[gen] synthesizing caller audio: 'My toddler swallowed a battery.'
[gen] got 237,612 bytes (2.69s of audio at 44100Hz)
[gen] resampled to 48000Hz, duration 2.69s

=== STAGE B: mint session + token via https://prism42-console.vercel.app ===
[mint] session_id=22a2e825-e8b7-78ba-2fa0-dff9657728f8 url=wss://ai-therapy-v3svfd9o.livekit.cloud

=== STAGE C: connect + listen ===
[stage C] connected @ +0.67s
[evt] participant_connected: identity='agent-AJ_4T4rGNTQmA5L'
[stage C] AGENT JOINED @ +1.15s (agent-AJ_4T4rGNTQmA5L)
[evt] track_subscribed kind=1 from=agent-AJ_4T4rGNTQmA5L
[stage C] AUDIO TRACK SUBSCRIBED @ +1.47s

=== STAGE D: wait for pre-roll (0.5s) ===
[stage D] pre-roll audio: 0 non-silent frames, peak 2

=== STAGE E: publish caller audio (2.7s) ===
[stage E] track published @ +2.01s
[stage E] publish ended @ +4.94s

=== STAGE F: wait up to 30.0s for agent reply ===
[stage F] filler-skip-window: 2.5s after pub-end
[stage F] + 0.50s after pub-end | reply_peak=1 useful_peak=0 (0 = silence)
[stage F] + 1.00s after pub-end | reply_peak=1 useful_peak=0 (0 = silence)
[stage F] + 1.50s after pub-end | reply_peak=2 useful_peak=0 (0 = silence)
[stage F] + 2.00s after pub-end | reply_peak=2 useful_peak=0 (0 = silence)
[stage F] + 2.50s after pub-end | reply_peak=2 useful_peak=0 (0 = silence)
[stage F] + 3.00s after pub-end | reply_peak=2 useful_peak=1 (0 = silence)
[stage F] AGENT REPLY DETECTED (raw) @ +8.44s (3.50s after caller end), peak 23118
[stage F] AGENT USEFUL REPLY DETECTED @ +8.04s (3.11s after caller end), peak 23118
[stage F] listening 1.0s more to confirm sustained speech ...
[evt] disconnected reason=1

======================================================================
RESULT
======================================================================
agent_joined          : YES
audio_track_subscribed: YES
preroll_speech_frames : 0 (peak 2)
reply_speech_amp_max  : 24549
reply_latency_after_pubend: +3.50s
filler_skip_window_s  : 2.5
useful_reply_amp_max  : 24549
first_useful_audio_after_speech_ms: 3109
first_audio_after_speech_ms: 3505
useful_audio_skipped_filler=False raw_to_useful_delta_ms=-396
total_speech_frames   : 117
global_peak_amplitude : 24549
VERDICT: PASS — full turn round-trip works
