Nvidia Encoder is supported.
Nvidia Decoder is supported.
=== STAGE A: generate caller audio for 'Someone broke into my house and I think they are still here.' ===
[gen] synthesizing caller audio: 'Someone broke into my house and I think they are still here.'
[gen] got 282,668 bytes (3.20s of audio at 44100Hz)
[gen] resampled to 48000Hz, duration 3.20s

=== STAGE B: mint session + token via https://prism42-console.vercel.app ===
[mint] session_id=14d377ad-269f-f63a-fc5c-9fb7e2e86641 url=wss://ai-therapy-v3svfd9o.livekit.cloud

=== STAGE C: connect + listen ===
[stage C] connected @ +0.75s
[evt] participant_connected: identity='agent-AJ_u44YqE2efzTZ'
[stage C] AGENT JOINED @ +1.18s (agent-AJ_u44YqE2efzTZ)
[evt] track_subscribed kind=1 from=agent-AJ_u44YqE2efzTZ
[stage C] AUDIO TRACK SUBSCRIBED @ +1.50s

=== STAGE D: wait for pre-roll (0.5s) ===
[stage D] pre-roll audio: 0 non-silent frames, peak 2

=== STAGE E: publish caller audio (3.2s) ===
[stage E] track published @ +2.03s
[stage E] publish ended @ +5.42s

=== STAGE F: wait up to 30.0s for agent reply ===
[stage F] filler-skip-window: 2.5s after pub-end
[stage F] + 0.50s after pub-end | reply_peak=1 useful_peak=0 (0 = silence)
[stage F] + 1.00s after pub-end | reply_peak=2 useful_peak=0 (0 = silence)
[stage F] + 1.50s after pub-end | reply_peak=2 useful_peak=0 (0 = silence)
[stage F] + 2.00s after pub-end | reply_peak=2 useful_peak=0 (0 = silence)
[stage F] AGENT REPLY DETECTED (raw) @ +7.92s (2.50s after caller end), peak 22633
[stage F] + 2.50s after pub-end | reply_peak=22633 useful_peak=0 (0 = silence)
[stage F] AGENT USEFUL REPLY DETECTED @ +7.92s (2.51s after caller end), peak 26366
[stage F] listening 1.0s more to confirm sustained speech ...

======================================================================
RESULT
======================================================================
agent_joined          : YES
audio_track_subscribed: YES
preroll_speech_frames : 0 (peak 2)
reply_speech_amp_max  : 26366
reply_latency_after_pubend: +2.50s
filler_skip_window_s  : 2.5
useful_reply_amp_max  : 26366
first_useful_audio_after_speech_ms: 2506
first_audio_after_speech_ms: 2503
useful_audio_skipped_filler=False raw_to_useful_delta_ms=3
total_speech_frames   : 171
global_peak_amplitude : 26366
VERDICT: PASS — full turn round-trip works
